2026 03 03 03:08:57 INFO     -----------------------------------------------------------------------------------------------------
2026 03 03 03:08:57 INFO     Experiment: 03-0857_train_room_10037
2026 03 03 03:08:57 INFO     -----------------------------------------------------------------------------------------------------
2026 03 03 03:08:57 INFO     Base Directory: temp\03-0857_train_room_10037
2026 03 03 03:08:57 INFO     -----------------------------------------------------------------------------------------------------
2026 03 03 03:08:57 INFO     Starting new Episode:1
2026 03 03 03:08:57 INFO     -----------------------------------------------------------------------------------------------------
2026 03 03 03:08:57 INFO     Players :['_RL_RL', 'RANDOM_R0', 'RANDOM_R1', 'RANDOM_R2']
2026 03 03 03:08:57 INFO     Stop Criteria :1 MATCHES
2026 03 03 03:08:57 INFO     Max Rounds :999999
2026 03 03 03:08:57 INFO     -----------------------------------------------------------------------------------------------------
2026 03 03 03:08:57 INFO     Match Number 1.000000 Starts!
2026 03 03 03:08:57 INFO     -----------------------------------------------------------------------------------------------------
2026 03 03 03:08:57 INFO     Deck: [11, 3, 10, 7, 7, 9, 2, 5, 6, 10, 8, 7, 9, 5, 3, 11, 8, 9, 11, 7, 6, 11, 10, 4, 10, 3, 4, 11, 9, 5, 11, 7, 11, 8, 12, 8, 10, 11, 4, 5, 8, 1, 11, 8, 6, 10, 9, 10, 6, 6, 10, 9, 9, 11, 12, 8, 9, 4, 8, 7, 6, 5, 11, 2, 9, 10, 10, 7]
2026 03 03 03:08:57 INFO     Player _RL_RL hand: [2, 3, 3, 5, 5, 6, 7, 7, 7, 8, 8, 9, 9, 10, 10, 11, 11]
2026 03 03 03:08:57 INFO     Player RANDOM_R0 hand: [3, 4, 4, 5, 6, 7, 7, 8, 9, 9, 10, 10, 11, 11, 11, 11, 11]
2026 03 03 03:08:57 INFO     Player RANDOM_R1 hand: [1, 4, 5, 6, 6, 6, 8, 8, 8, 9, 10, 10, 10, 10, 11, 11, 12]
2026 03 03 03:08:57 INFO     Player RANDOM_R2 hand: [2, 4, 5, 6, 7, 7, 8, 8, 9, 9, 9, 9, 10, 10, 11, 11, 12]
2026 03 03 03:08:57 INFO     -----------------------------------------------------------------------------------------------------
2026 03 03 03:08:57 INFO     Round:1
2026 03 03 03:08:57 INFO     -----------------------------------------------------------------------------------------------------
2026 03 03 03:08:57 INFO      -- Player 3 - RANDOM_R2
2026 03 03 03:08:57 INFO      --- Player Hand: [0, 0, 2, 4, 5, 6, 7, 7, 8, 8, 9, 9, 9, 9, 10, 10, 12]
2026 03 03 03:08:57 INFO      --- Board Before: [13, 0, 0, 0, 0, 0, 0, 0, 0, 0, 0]
2026 03 03 03:08:57 INFO      --- Action: C11;Q2;J0
2026 03 03 03:08:57 INFO      --- Board After: [11, 11, 0, 0, 0, 0, 0, 0, 0, 0, 0]
2026 03 03 03:08:57 INFO      -- Player 0 - _RL_RL
2026 03 03 03:08:57 INFO      --- Player Hand: [0, 0, 2, 3, 3, 5, 5, 6, 7, 8, 8, 9, 9, 10, 10, 11, 11]
2026 03 03 03:08:57 INFO      --- Board Before: [11, 11, 0, 0, 0, 0, 0, 0, 0, 0, 0]
2026 03 03 03:08:57 INFO      --- Action: C7;Q2;J0
2026 03 03 03:08:57 INFO      --- Board After: [7, 7, 0, 0, 0, 0, 0, 0, 0, 0, 0]
2026 03 03 03:08:57 INFO      -- Player 1 - RANDOM_R0
2026 03 03 03:08:57 INFO      --- Player Hand: [0, 0, 3, 5, 6, 7, 7, 8, 9, 9, 10, 10, 11, 11, 11, 11, 11]
2026 03 03 03:08:57 INFO      --- Board Before: [7, 7, 0, 0, 0, 0, 0, 0, 0, 0, 0]
2026 03 03 03:08:57 INFO      --- Action: C4;Q2;J0
2026 03 03 03:08:57 INFO      --- Board After: [4, 4, 0, 0, 0, 0, 0, 0, 0, 0, 0]
2026 03 03 03:08:57 INFO      -- Player 2 - RANDOM_R1
2026 03 03 03:08:57 INFO      --- Player Hand: [1, 4, 5, 6, 6, 6, 8, 8, 8, 9, 10, 10, 10, 10, 11, 11, 12]
2026 03 03 03:08:57 INFO      --- Board Before: [4, 4, 0, 0, 0, 0, 0, 0, 0, 0, 0]
2026 03 03 03:08:57 INFO      --- Action: pass
2026 03 03 03:08:57 INFO      --- Board After: [4, 4, 0, 0, 0, 0, 0, 0, 0, 0, 0]
2026 03 03 03:08:57 INFO      -- Player 3 - RANDOM_R2
2026 03 03 03:08:57 INFO      --- Player Hand: [0, 0, 0, 0, 4, 5, 6, 7, 7, 8, 8, 9, 9, 9, 9, 10, 10]
2026 03 03 03:08:57 INFO      --- Board Before: [4, 4, 0, 0, 0, 0, 0, 0, 0, 0, 0]
2026 03 03 03:08:57 INFO      --- Action: C2;Q1;J1
2026 03 03 03:08:57 INFO      --- Board After: [2, 12, 0, 0, 0, 0, 0, 0, 0, 0, 0]
2026 03 03 03:08:57 INFO      -- Player 0 - _RL_RL
2026 03 03 03:08:57 INFO      --- Player Hand: [0, 0, 2, 3, 3, 5, 5, 6, 7, 8, 8, 9, 9, 10, 10, 11, 11]
2026 03 03 03:08:57 INFO      --- Board Before: [2, 12, 0, 0, 0, 0, 0, 0, 0, 0, 0]
2026 03 03 03:08:57 INFO      --- Action: pass
2026 03 03 03:08:57 INFO      --- Board After: [2, 12, 0, 0, 0, 0, 0, 0, 0, 0, 0]
2026 03 03 03:08:57 INFO      -- Player 1 - RANDOM_R0
2026 03 03 03:08:57 INFO      --- Player Hand: [0, 0, 3, 5, 6, 7, 7, 8, 9, 9, 10, 10, 11, 11, 11, 11, 11]
2026 03 03 03:08:57 INFO      --- Board Before: [2, 12, 0, 0, 0, 0, 0, 0, 0, 0, 0]
2026 03 03 03:08:57 INFO      --- Action: pass
2026 03 03 03:08:57 INFO      --- Board After: [2, 12, 0, 0, 0, 0, 0, 0, 0, 0, 0]
2026 03 03 03:08:57 INFO     -----------------------------------------------------------------------------------------------------
2026 03 03 03:08:57 INFO     RANDOM_R2 Made a Pizza!!!
2026 03 03 03:08:57 INFO     -----------------------------------------------------------------------------------------------------
2026 03 03 03:08:57 INFO     -----------------------------------------------------------------------------------------------------
2026 03 03 03:08:57 INFO     Round:2
2026 03 03 03:08:57 INFO     -----------------------------------------------------------------------------------------------------
2026 03 03 03:08:58 INFO      -- Player 3 - RANDOM_R2
2026 03 03 03:08:58 INFO      --- Player Hand: [0, 0, 0, 0, 4, 5, 6, 7, 7, 8, 8, 9, 9, 9, 9, 10, 10]
2026 03 03 03:08:58 INFO      --- Board Before: [13, 0, 0, 0, 0, 0, 0, 0, 0, 0, 0]
2026 03 03 03:08:58 INFO      --- Action: pass
2026 03 03 03:08:58 INFO      --- Board After: [13, 0, 0, 0, 0, 0, 0, 0, 0, 0, 0]
2026 03 03 03:08:58 INFO      -- Player 0 - _RL_RL
2026 03 03 03:08:58 INFO      --- Player Hand: [0, 0, 0, 3, 3, 5, 5, 6, 7, 8, 8, 9, 9, 10, 10, 11, 11]
2026 03 03 03:08:58 INFO      --- Board Before: [13, 0, 0, 0, 0, 0, 0, 0, 0, 0, 0]
2026 03 03 03:08:58 INFO      --- Action: C2;Q1;J0
2026 03 03 03:08:58 INFO      --- Board After: [2, 0, 0, 0, 0, 0, 0, 0, 0, 0, 0]
2026 03 03 03:08:58 INFO      -- Player 1 - RANDOM_R0
2026 03 03 03:08:58 INFO      --- Player Hand: [0, 0, 3, 5, 6, 7, 7, 8, 9, 9, 10, 10, 11, 11, 11, 11, 11]
2026 03 03 03:08:58 INFO      --- Board Before: [2, 0, 0, 0, 0, 0, 0, 0, 0, 0, 0]
2026 03 03 03:08:58 INFO      --- Action: pass
2026 03 03 03:08:58 INFO      --- Board After: [2, 0, 0, 0, 0, 0, 0, 0, 0, 0, 0]
2026 03 03 03:08:58 INFO      -- Player 2 - RANDOM_R1
2026 03 03 03:08:58 INFO      --- Player Hand: [0, 4, 5, 6, 6, 6, 8, 8, 8, 9, 10, 10, 10, 10, 11, 11, 12]
2026 03 03 03:08:58 INFO      --- Board Before: [2, 0, 0, 0, 0, 0, 0, 0, 0, 0, 0]
2026 03 03 03:08:58 INFO      --- Action: C1;Q1;J0
2026 03 03 03:08:58 INFO      --- Board After: [1, 0, 0, 0, 0, 0, 0, 0, 0, 0, 0]
2026 03 03 03:08:58 INFO      -- Player 0 - _RL_RL
2026 03 03 03:08:58 INFO      --- Player Hand: [0, 0, 0, 3, 3, 5, 5, 6, 7, 8, 8, 9, 9, 10, 10, 11, 11]
2026 03 03 03:08:58 INFO      --- Board Before: [1, 0, 0, 0, 0, 0, 0, 0, 0, 0, 0]
2026 03 03 03:08:58 INFO      --- Action: pass
2026 03 03 03:08:58 INFO      --- Board After: [1, 0, 0, 0, 0, 0, 0, 0, 0, 0, 0]
2026 03 03 03:08:58 INFO     -----------------------------------------------------------------------------------------------------
2026 03 03 03:08:58 INFO     RANDOM_R1 Made a Pizza!!!
2026 03 03 03:08:58 INFO     -----------------------------------------------------------------------------------------------------
2026 03 03 03:08:58 INFO     -----------------------------------------------------------------------------------------------------
2026 03 03 03:08:58 INFO     Round:3
2026 03 03 03:08:58 INFO     -----------------------------------------------------------------------------------------------------
2026 03 03 03:08:58 INFO      -- Player 2 - RANDOM_R1
2026 03 03 03:08:58 INFO      --- Player Hand: [0, 0, 0, 0, 0, 4, 5, 6, 6, 6, 9, 10, 10, 10, 10, 11, 11]
2026 03 03 03:08:58 INFO      --- Board Before: [13, 0, 0, 0, 0, 0, 0, 0, 0, 0, 0]
2026 03 03 03:08:58 INFO      --- Action: C8;Q3;J1
2026 03 03 03:08:58 INFO      --- Board After: [8, 8, 8, 12, 0, 0, 0, 0, 0, 0, 0]
2026 03 03 03:08:58 INFO      -- Player 3 - RANDOM_R2
2026 03 03 03:08:58 INFO      --- Player Hand: [0, 0, 0, 0, 4, 5, 6, 7, 7, 8, 8, 9, 9, 9, 9, 10, 10]
2026 03 03 03:08:58 INFO      --- Board Before: [8, 8, 8, 12, 0, 0, 0, 0, 0, 0, 0]
2026 03 03 03:08:58 INFO      --- Action: pass
2026 03 03 03:08:58 INFO      --- Board After: [8, 8, 8, 12, 0, 0, 0, 0, 0, 0, 0]
2026 03 03 03:08:58 INFO      -- Player 0 - _RL_RL
2026 03 03 03:08:58 INFO      --- Player Hand: [0, 0, 0, 3, 3, 5, 5, 6, 7, 8, 8, 9, 9, 10, 10, 11, 11]
2026 03 03 03:08:58 INFO      --- Board Before: [8, 8, 8, 12, 0, 0, 0, 0, 0, 0, 0]
2026 03 03 03:08:58 INFO      --- Action: pass
2026 03 03 03:08:58 INFO      --- Board After: [8, 8, 8, 12, 0, 0, 0, 0, 0, 0, 0]
2026 03 03 03:08:58 INFO      -- Player 1 - RANDOM_R0
2026 03 03 03:08:58 INFO      --- Player Hand: [0, 0, 3, 5, 6, 7, 7, 8, 9, 9, 10, 10, 11, 11, 11, 11, 11]
2026 03 03 03:08:58 INFO      --- Board Before: [8, 8, 8, 12, 0, 0, 0, 0, 0, 0, 0]
2026 03 03 03:08:58 INFO      --- Action: pass
2026 03 03 03:08:58 INFO      --- Board After: [8, 8, 8, 12, 0, 0, 0, 0, 0, 0, 0]
2026 03 03 03:08:58 INFO     -----------------------------------------------------------------------------------------------------
2026 03 03 03:08:58 INFO     RANDOM_R1 Made a Pizza!!!
2026 03 03 03:08:58 INFO     -----------------------------------------------------------------------------------------------------
2026 03 03 03:08:58 INFO     -----------------------------------------------------------------------------------------------------
2026 03 03 03:08:58 INFO     Round:4
2026 03 03 03:08:58 INFO     -----------------------------------------------------------------------------------------------------
2026 03 03 03:08:58 INFO      -- Player 2 - RANDOM_R1
2026 03 03 03:08:58 INFO      --- Player Hand: [0, 0, 0, 0, 0, 0, 0, 0, 4, 5, 6, 6, 6, 9, 10, 11, 11]
2026 03 03 03:08:58 INFO      --- Board Before: [13, 0, 0, 0, 0, 0, 0, 0, 0, 0, 0]
2026 03 03 03:08:58 INFO      --- Action: C10;Q3;J0
2026 03 03 03:08:58 INFO      --- Board After: [10, 10, 10, 0, 0, 0, 0, 0, 0, 0, 0]
2026 03 03 03:08:58 INFO      -- Player 3 - RANDOM_R2
2026 03 03 03:08:58 INFO      --- Player Hand: [0, 0, 0, 0, 0, 0, 0, 0, 4, 5, 6, 7, 7, 8, 8, 10, 10]
2026 03 03 03:08:58 INFO      --- Board Before: [10, 10, 10, 0, 0, 0, 0, 0, 0, 0, 0]
2026 03 03 03:08:58 INFO      --- Action: C9;Q4;J0
2026 03 03 03:08:58 INFO      --- Board After: [9, 9, 9, 9, 0, 0, 0, 0, 0, 0, 0]
2026 03 03 03:08:58 INFO      -- Player 0 - _RL_RL
2026 03 03 03:08:58 INFO      --- Player Hand: [0, 0, 0, 3, 3, 5, 5, 6, 7, 8, 8, 9, 9, 10, 10, 11, 11]
2026 03 03 03:08:58 INFO      --- Board Before: [9, 9, 9, 9, 0, 0, 0, 0, 0, 0, 0]
2026 03 03 03:08:58 INFO      --- Action: pass
2026 03 03 03:08:58 INFO      --- Board After: [9, 9, 9, 9, 0, 0, 0, 0, 0, 0, 0]
2026 03 03 03:08:58 INFO      -- Player 1 - RANDOM_R0
2026 03 03 03:08:58 INFO      --- Player Hand: [0, 0, 3, 5, 6, 7, 7, 8, 9, 9, 10, 10, 11, 11, 11, 11, 11]
2026 03 03 03:08:58 INFO      --- Board Before: [9, 9, 9, 9, 0, 0, 0, 0, 0, 0, 0]
2026 03 03 03:08:58 INFO      --- Action: pass
2026 03 03 03:08:58 INFO      --- Board After: [9, 9, 9, 9, 0, 0, 0, 0, 0, 0, 0]
2026 03 03 03:08:58 INFO      -- Player 2 - RANDOM_R1
2026 03 03 03:08:58 INFO      --- Player Hand: [0, 0, 0, 0, 0, 0, 0, 0, 4, 5, 6, 6, 6, 9, 10, 11, 11]
2026 03 03 03:08:58 INFO      --- Board Before: [9, 9, 9, 9, 0, 0, 0, 0, 0, 0, 0]
2026 03 03 03:08:58 INFO      --- Action: pass
2026 03 03 03:08:58 INFO      --- Board After: [9, 9, 9, 9, 0, 0, 0, 0, 0, 0, 0]
2026 03 03 03:08:58 INFO     -----------------------------------------------------------------------------------------------------
2026 03 03 03:08:58 INFO     RANDOM_R2 Made a Pizza!!!
2026 03 03 03:08:58 INFO     -----------------------------------------------------------------------------------------------------
2026 03 03 03:08:58 INFO     -----------------------------------------------------------------------------------------------------
2026 03 03 03:08:58 INFO     Round:5
2026 03 03 03:08:58 INFO     -----------------------------------------------------------------------------------------------------
2026 03 03 03:08:58 INFO      -- Player 3 - RANDOM_R2
2026 03 03 03:08:58 INFO      --- Player Hand: [0, 0, 0, 0, 0, 0, 0, 0, 0, 4, 5, 6, 7, 7, 8, 10, 10]
2026 03 03 03:08:58 INFO      --- Board Before: [13, 0, 0, 0, 0, 0, 0, 0, 0, 0, 0]
2026 03 03 03:08:58 INFO      --- Action: C8;Q1;J0
2026 03 03 03:08:58 INFO      --- Board After: [8, 0, 0, 0, 0, 0, 0, 0, 0, 0, 0]
2026 03 03 03:08:58 INFO      -- Player 0 - _RL_RL
2026 03 03 03:08:58 INFO      --- Player Hand: [0, 0, 0, 0, 3, 3, 5, 6, 7, 8, 8, 9, 9, 10, 10, 11, 11]
2026 03 03 03:08:58 INFO      --- Board Before: [8, 0, 0, 0, 0, 0, 0, 0, 0, 0, 0]
2026 03 03 03:08:58 INFO      --- Action: C5;Q1;J0
2026 03 03 03:08:58 INFO      --- Board After: [5, 0, 0, 0, 0, 0, 0, 0, 0, 0, 0]
2026 03 03 03:08:58 INFO      -- Player 1 - RANDOM_R0
2026 03 03 03:08:58 INFO      --- Player Hand: [0, 0, 3, 5, 6, 7, 7, 8, 9, 9, 10, 10, 11, 11, 11, 11, 11]
2026 03 03 03:08:58 INFO      --- Board Before: [5, 0, 0, 0, 0, 0, 0, 0, 0, 0, 0]
2026 03 03 03:08:58 INFO      --- Action: pass
2026 03 03 03:08:58 INFO      --- Board After: [5, 0, 0, 0, 0, 0, 0, 0, 0, 0, 0]
2026 03 03 03:08:58 INFO      -- Player 2 - RANDOM_R1
2026 03 03 03:08:58 INFO      --- Player Hand: [0, 0, 0, 0, 0, 0, 0, 0, 4, 5, 6, 6, 6, 9, 10, 11, 11]
2026 03 03 03:08:58 INFO      --- Board Before: [5, 0, 0, 0, 0, 0, 0, 0, 0, 0, 0]
2026 03 03 03:08:58 INFO      --- Action: pass
2026 03 03 03:08:58 INFO      --- Board After: [5, 0, 0, 0, 0, 0, 0, 0, 0, 0, 0]
2026 03 03 03:08:58 INFO      -- Player 3 - RANDOM_R2
2026 03 03 03:08:58 INFO      --- Player Hand: [0, 0, 0, 0, 0, 0, 0, 0, 0, 0, 5, 6, 7, 7, 8, 10, 10]
2026 03 03 03:08:58 INFO      --- Board Before: [5, 0, 0, 0, 0, 0, 0, 0, 0, 0, 0]
2026 03 03 03:08:58 INFO      --- Action: C4;Q1;J0
2026 03 03 03:08:58 INFO      --- Board After: [4, 0, 0, 0, 0, 0, 0, 0, 0, 0, 0]
2026 03 03 03:08:58 INFO      -- Player 0 - _RL_RL
2026 03 03 03:08:58 INFO      --- Player Hand: [0, 0, 0, 0, 0, 3, 5, 6, 7, 8, 8, 9, 9, 10, 10, 11, 11]
2026 03 03 03:08:58 INFO      --- Board Before: [4, 0, 0, 0, 0, 0, 0, 0, 0, 0, 0]
2026 03 03 03:08:58 INFO      --- Action: C3;Q1;J0
2026 03 03 03:08:58 INFO      --- Board After: [3, 0, 0, 0, 0, 0, 0, 0, 0, 0, 0]
2026 03 03 03:08:58 INFO      -- Player 3 - RANDOM_R2
2026 03 03 03:08:58 INFO      --- Player Hand: [0, 0, 0, 0, 0, 0, 0, 0, 0, 0, 5, 6, 7, 7, 8, 10, 10]
2026 03 03 03:08:58 INFO      --- Board Before: [3, 0, 0, 0, 0, 0, 0, 0, 0, 0, 0]
2026 03 03 03:08:58 INFO      --- Action: pass
2026 03 03 03:08:58 INFO      --- Board After: [3, 0, 0, 0, 0, 0, 0, 0, 0, 0, 0]
2026 03 03 03:08:58 INFO     -----------------------------------------------------------------------------------------------------
2026 03 03 03:08:58 INFO     _RL_RL Made a Pizza!!!
2026 03 03 03:08:58 INFO     -----------------------------------------------------------------------------------------------------
2026 03 03 03:08:58 INFO     -----------------------------------------------------------------------------------------------------
2026 03 03 03:08:58 INFO     Round:6
2026 03 03 03:08:58 INFO     -----------------------------------------------------------------------------------------------------
2026 03 03 03:08:58 INFO      -- Player 0 - _RL_RL
2026 03 03 03:08:58 INFO      --- Player Hand: [0, 0, 0, 0, 0, 3, 5, 6, 7, 8, 8, 9, 9, 10, 10, 11, 11]
2026 03 03 03:08:58 INFO      --- Board Before: [13, 0, 0, 0, 0, 0, 0, 0, 0, 0, 0]
2026 03 03 03:08:58 INFO      --- Action: pass
2026 03 03 03:08:58 INFO      --- Board After: [13, 0, 0, 0, 0, 0, 0, 0, 0, 0, 0]
2026 03 03 03:08:58 INFO      -- Player 1 - RANDOM_R0
2026 03 03 03:08:58 INFO      --- Player Hand: [0, 0, 0, 3, 5, 6, 7, 7, 8, 9, 9, 10, 10, 11, 11, 11, 11]
2026 03 03 03:08:58 INFO      --- Board Before: [13, 0, 0, 0, 0, 0, 0, 0, 0, 0, 0]
2026 03 03 03:08:58 INFO      --- Action: C11;Q1;J0
2026 03 03 03:08:58 INFO      --- Board After: [11, 0, 0, 0, 0, 0, 0, 0, 0, 0, 0]
2026 03 03 03:08:58 INFO      -- Player 2 - RANDOM_R1
2026 03 03 03:08:58 INFO      --- Player Hand: [0, 0, 0, 0, 0, 0, 0, 0, 0, 5, 6, 6, 6, 9, 10, 11, 11]
2026 03 03 03:08:58 INFO      --- Board Before: [11, 0, 0, 0, 0, 0, 0, 0, 0, 0, 0]
2026 03 03 03:08:58 INFO      --- Action: C4;Q1;J0
2026 03 03 03:08:58 INFO      --- Board After: [4, 0, 0, 0, 0, 0, 0, 0, 0, 0, 0]
2026 03 03 03:08:58 INFO      -- Player 3 - RANDOM_R2
2026 03 03 03:08:58 INFO      --- Player Hand: [0, 0, 0, 0, 0, 0, 0, 0, 0, 0, 5, 6, 7, 7, 8, 10, 10]
2026 03 03 03:08:58 INFO      --- Board Before: [4, 0, 0, 0, 0, 0, 0, 0, 0, 0, 0]
2026 03 03 03:08:58 INFO      --- Action: pass
2026 03 03 03:08:58 INFO      --- Board After: [4, 0, 0, 0, 0, 0, 0, 0, 0, 0, 0]
2026 03 03 03:08:58 INFO      -- Player 1 - RANDOM_R0
2026 03 03 03:08:58 INFO      --- Player Hand: [0, 0, 0, 3, 5, 6, 7, 7, 8, 9, 9, 10, 10, 11, 11, 11, 11]
2026 03 03 03:08:58 INFO      --- Board Before: [4, 0, 0, 0, 0, 0, 0, 0, 0, 0, 0]
2026 03 03 03:08:58 INFO      --- Action: pass
2026 03 03 03:08:58 INFO      --- Board After: [4, 0, 0, 0, 0, 0, 0, 0, 0, 0, 0]
2026 03 03 03:08:58 INFO     -----------------------------------------------------------------------------------------------------
2026 03 03 03:08:58 INFO     RANDOM_R1 Made a Pizza!!!
2026 03 03 03:08:58 INFO     -----------------------------------------------------------------------------------------------------
2026 03 03 03:08:58 INFO     -----------------------------------------------------------------------------------------------------
2026 03 03 03:08:58 INFO     Round:7
2026 03 03 03:08:58 INFO     -----------------------------------------------------------------------------------------------------
2026 03 03 03:08:58 INFO      -- Player 2 - RANDOM_R1
2026 03 03 03:08:58 INFO      --- Player Hand: [0, 0, 0, 0, 0, 0, 0, 0, 0, 0, 0, 5, 6, 9, 10, 11, 11]
2026 03 03 03:08:58 INFO      --- Board Before: [13, 0, 0, 0, 0, 0, 0, 0, 0, 0, 0]
2026 03 03 03:08:58 INFO      --- Action: C6;Q2;J0
2026 03 03 03:08:58 INFO      --- Board After: [6, 6, 0, 0, 0, 0, 0, 0, 0, 0, 0]
2026 03 03 03:08:58 INFO      -- Player 3 - RANDOM_R2
2026 03 03 03:08:58 INFO      --- Player Hand: [0, 0, 0, 0, 0, 0, 0, 0, 0, 0, 5, 6, 7, 7, 8, 10, 10]
2026 03 03 03:08:58 INFO      --- Board Before: [6, 6, 0, 0, 0, 0, 0, 0, 0, 0, 0]
2026 03 03 03:08:58 INFO      --- Action: pass
2026 03 03 03:08:58 INFO      --- Board After: [6, 6, 0, 0, 0, 0, 0, 0, 0, 0, 0]
2026 03 03 03:08:58 INFO      -- Player 0 - _RL_RL
2026 03 03 03:08:58 INFO      --- Player Hand: [0, 0, 0, 0, 0, 3, 5, 6, 7, 8, 8, 9, 9, 10, 10, 11, 11]
2026 03 03 03:08:58 INFO      --- Board Before: [6, 6, 0, 0, 0, 0, 0, 0, 0, 0, 0]
2026 03 03 03:08:58 INFO      --- Action: pass
2026 03 03 03:08:58 INFO      --- Board After: [6, 6, 0, 0, 0, 0, 0, 0, 0, 0, 0]
2026 03 03 03:08:58 INFO      -- Player 1 - RANDOM_R0
2026 03 03 03:08:58 INFO      --- Player Hand: [0, 0, 0, 3, 5, 6, 7, 7, 8, 9, 9, 10, 10, 11, 11, 11, 11]
2026 03 03 03:08:58 INFO      --- Board Before: [6, 6, 0, 0, 0, 0, 0, 0, 0, 0, 0]
2026 03 03 03:08:58 INFO      --- Action: pass
2026 03 03 03:08:58 INFO      --- Board After: [6, 6, 0, 0, 0, 0, 0, 0, 0, 0, 0]
2026 03 03 03:08:58 INFO     -----------------------------------------------------------------------------------------------------
2026 03 03 03:08:58 INFO     RANDOM_R1 Made a Pizza!!!
2026 03 03 03:08:58 INFO     -----------------------------------------------------------------------------------------------------
2026 03 03 03:08:58 INFO     -----------------------------------------------------------------------------------------------------
2026 03 03 03:08:58 INFO     Round:8
2026 03 03 03:08:58 INFO     -----------------------------------------------------------------------------------------------------
2026 03 03 03:08:58 INFO      -- Player 2 - RANDOM_R1
2026 03 03 03:08:58 INFO      --- Player Hand: [0, 0, 0, 0, 0, 0, 0, 0, 0, 0, 0, 0, 0, 5, 6, 9, 10]
2026 03 03 03:08:58 INFO      --- Board Before: [13, 0, 0, 0, 0, 0, 0, 0, 0, 0, 0]
2026 03 03 03:08:58 INFO      --- Action: C11;Q2;J0
2026 03 03 03:08:58 INFO      --- Board After: [11, 11, 0, 0, 0, 0, 0, 0, 0, 0, 0]
2026 03 03 03:08:58 INFO      -- Player 3 - RANDOM_R2
2026 03 03 03:08:58 INFO      --- Player Hand: [0, 0, 0, 0, 0, 0, 0, 0, 0, 0, 5, 6, 7, 7, 8, 10, 10]
2026 03 03 03:08:58 INFO      --- Board Before: [11, 11, 0, 0, 0, 0, 0, 0, 0, 0, 0]
2026 03 03 03:08:58 INFO      --- Action: pass
2026 03 03 03:08:58 INFO      --- Board After: [11, 11, 0, 0, 0, 0, 0, 0, 0, 0, 0]
2026 03 03 03:08:58 INFO      -- Player 0 - _RL_RL
2026 03 03 03:08:58 INFO      --- Player Hand: [0, 0, 0, 0, 0, 0, 0, 3, 5, 6, 7, 9, 9, 10, 10, 11, 11]
2026 03 03 03:08:58 INFO      --- Board Before: [11, 11, 0, 0, 0, 0, 0, 0, 0, 0, 0]
2026 03 03 03:08:58 INFO      --- Action: C8;Q2;J0
2026 03 03 03:08:58 INFO      --- Board After: [8, 8, 0, 0, 0, 0, 0, 0, 0, 0, 0]
2026 03 03 03:08:58 INFO      -- Player 1 - RANDOM_R0
2026 03 03 03:08:58 INFO      --- Player Hand: [0, 0, 0, 0, 0, 3, 5, 6, 8, 9, 9, 10, 10, 11, 11, 11, 11]
2026 03 03 03:08:58 INFO      --- Board Before: [8, 8, 0, 0, 0, 0, 0, 0, 0, 0, 0]
2026 03 03 03:08:58 INFO      --- Action: C7;Q2;J0
2026 03 03 03:08:58 INFO      --- Board After: [7, 7, 0, 0, 0, 0, 0, 0, 0, 0, 0]
2026 03 03 03:08:58 INFO      -- Player 2 - RANDOM_R1
2026 03 03 03:08:58 INFO      --- Player Hand: [0, 0, 0, 0, 0, 0, 0, 0, 0, 0, 0, 0, 0, 5, 6, 9, 10]
2026 03 03 03:08:58 INFO      --- Board Before: [7, 7, 0, 0, 0, 0, 0, 0, 0, 0, 0]
2026 03 03 03:08:58 INFO      --- Action: pass
2026 03 03 03:08:58 INFO      --- Board After: [7, 7, 0, 0, 0, 0, 0, 0, 0, 0, 0]
2026 03 03 03:08:58 INFO      -- Player 0 - _RL_RL
2026 03 03 03:08:58 INFO      --- Player Hand: [0, 0, 0, 0, 0, 0, 0, 3, 5, 6, 7, 9, 9, 10, 10, 11, 11]
2026 03 03 03:08:58 INFO      --- Board Before: [7, 7, 0, 0, 0, 0, 0, 0, 0, 0, 0]
2026 03 03 03:08:58 INFO      --- Action: pass
2026 03 03 03:08:58 INFO      --- Board After: [7, 7, 0, 0, 0, 0, 0, 0, 0, 0, 0]
2026 03 03 03:08:58 INFO     -----------------------------------------------------------------------------------------------------
2026 03 03 03:08:58 INFO     RANDOM_R0 Made a Pizza!!!
2026 03 03 03:08:58 INFO     -----------------------------------------------------------------------------------------------------
2026 03 03 03:08:58 INFO     -----------------------------------------------------------------------------------------------------
2026 03 03 03:08:58 INFO     Round:9
2026 03 03 03:08:58 INFO     -----------------------------------------------------------------------------------------------------
2026 03 03 03:08:58 INFO      -- Player 1 - RANDOM_R0
2026 03 03 03:08:58 INFO      --- Player Hand: [0, 0, 0, 0, 0, 0, 3, 5, 8, 9, 9, 10, 10, 11, 11, 11, 11]
2026 03 03 03:08:58 INFO      --- Board Before: [13, 0, 0, 0, 0, 0, 0, 0, 0, 0, 0]
2026 03 03 03:08:58 INFO      --- Action: C6;Q1;J0
2026 03 03 03:08:58 INFO      --- Board After: [6, 0, 0, 0, 0, 0, 0, 0, 0, 0, 0]
2026 03 03 03:08:58 INFO      -- Player 2 - RANDOM_R1
2026 03 03 03:08:58 INFO      --- Player Hand: [0, 0, 0, 0, 0, 0, 0, 0, 0, 0, 0, 0, 0, 0, 6, 9, 10]
2026 03 03 03:08:58 INFO      --- Board Before: [6, 0, 0, 0, 0, 0, 0, 0, 0, 0, 0]
2026 03 03 03:08:58 INFO      --- Action: C5;Q1;J0
2026 03 03 03:08:58 INFO      --- Board After: [5, 0, 0, 0, 0, 0, 0, 0, 0, 0, 0]
2026 03 03 03:08:58 INFO      -- Player 3 - RANDOM_R2
2026 03 03 03:08:58 INFO      --- Player Hand: [0, 0, 0, 0, 0, 0, 0, 0, 0, 0, 5, 6, 7, 7, 8, 10, 10]
2026 03 03 03:08:58 INFO      --- Board Before: [5, 0, 0, 0, 0, 0, 0, 0, 0, 0, 0]
2026 03 03 03:08:58 INFO      --- Action: pass
2026 03 03 03:08:58 INFO      --- Board After: [5, 0, 0, 0, 0, 0, 0, 0, 0, 0, 0]
2026 03 03 03:08:58 INFO      -- Player 0 - _RL_RL
2026 03 03 03:08:58 INFO      --- Player Hand: [0, 0, 0, 0, 0, 0, 0, 0, 5, 6, 7, 9, 9, 10, 10, 11, 11]
2026 03 03 03:08:58 INFO      --- Board Before: [5, 0, 0, 0, 0, 0, 0, 0, 0, 0, 0]
2026 03 03 03:08:58 INFO      --- Action: C3;Q1;J0
2026 03 03 03:08:58 INFO      --- Board After: [3, 0, 0, 0, 0, 0, 0, 0, 0, 0, 0]
2026 03 03 03:08:58 INFO      -- Player 1 - RANDOM_R0
2026 03 03 03:08:58 INFO      --- Player Hand: [0, 0, 0, 0, 0, 0, 3, 5, 8, 9, 9, 10, 10, 11, 11, 11, 11]
2026 03 03 03:08:58 INFO      --- Board Before: [3, 0, 0, 0, 0, 0, 0, 0, 0, 0, 0]
2026 03 03 03:08:58 INFO      --- Action: pass
2026 03 03 03:08:58 INFO      --- Board After: [3, 0, 0, 0, 0, 0, 0, 0, 0, 0, 0]
2026 03 03 03:08:59 INFO      -- Player 2 - RANDOM_R1
2026 03 03 03:08:59 INFO      --- Player Hand: [0, 0, 0, 0, 0, 0, 0, 0, 0, 0, 0, 0, 0, 0, 6, 9, 10]
2026 03 03 03:08:59 INFO      --- Board Before: [3, 0, 0, 0, 0, 0, 0, 0, 0, 0, 0]
2026 03 03 03:08:59 INFO      --- Action: pass
2026 03 03 03:08:59 INFO      --- Board After: [3, 0, 0, 0, 0, 0, 0, 0, 0, 0, 0]
2026 03 03 03:08:59 INFO     -----------------------------------------------------------------------------------------------------
2026 03 03 03:08:59 INFO     _RL_RL Made a Pizza!!!
2026 03 03 03:08:59 INFO     -----------------------------------------------------------------------------------------------------
2026 03 03 03:08:59 INFO     -----------------------------------------------------------------------------------------------------
2026 03 03 03:08:59 INFO     Round:10
2026 03 03 03:08:59 INFO     -----------------------------------------------------------------------------------------------------
2026 03 03 03:08:59 INFO      -- Player 0 - _RL_RL
2026 03 03 03:08:59 INFO      --- Player Hand: [0, 0, 0, 0, 0, 0, 0, 0, 0, 0, 5, 6, 7, 9, 9, 11, 11]
2026 03 03 03:08:59 INFO      --- Board Before: [13, 0, 0, 0, 0, 0, 0, 0, 0, 0, 0]
2026 03 03 03:08:59 INFO      --- Action: C10;Q2;J0
2026 03 03 03:08:59 INFO      --- Board After: [10, 10, 0, 0, 0, 0, 0, 0, 0, 0, 0]
2026 03 03 03:08:59 INFO      -- Player 1 - RANDOM_R0
2026 03 03 03:08:59 INFO      --- Player Hand: [0, 0, 0, 0, 0, 0, 0, 0, 3, 5, 8, 10, 10, 11, 11, 11, 11]
2026 03 03 03:08:59 INFO      --- Board Before: [10, 10, 0, 0, 0, 0, 0, 0, 0, 0, 0]
2026 03 03 03:08:59 INFO      --- Action: C9;Q2;J0
2026 03 03 03:08:59 INFO      --- Board After: [9, 9, 0, 0, 0, 0, 0, 0, 0, 0, 0]
2026 03 03 03:08:59 INFO      -- Player 2 - RANDOM_R1
2026 03 03 03:08:59 INFO      --- Player Hand: [0, 0, 0, 0, 0, 0, 0, 0, 0, 0, 0, 0, 0, 0, 6, 9, 10]
2026 03 03 03:08:59 INFO      --- Board Before: [9, 9, 0, 0, 0, 0, 0, 0, 0, 0, 0]
2026 03 03 03:08:59 INFO      --- Action: pass
2026 03 03 03:08:59 INFO      --- Board After: [9, 9, 0, 0, 0, 0, 0, 0, 0, 0, 0]
2026 03 03 03:08:59 INFO      -- Player 3 - RANDOM_R2
2026 03 03 03:08:59 INFO      --- Player Hand: [0, 0, 0, 0, 0, 0, 0, 0, 0, 0, 5, 6, 7, 7, 8, 10, 10]
2026 03 03 03:08:59 INFO      --- Board Before: [9, 9, 0, 0, 0, 0, 0, 0, 0, 0, 0]
2026 03 03 03:08:59 INFO      --- Action: pass
2026 03 03 03:08:59 INFO      --- Board After: [9, 9, 0, 0, 0, 0, 0, 0, 0, 0, 0]
2026 03 03 03:08:59 INFO      -- Player 0 - _RL_RL
2026 03 03 03:08:59 INFO      --- Player Hand: [0, 0, 0, 0, 0, 0, 0, 0, 0, 0, 5, 6, 7, 9, 9, 11, 11]
2026 03 03 03:08:59 INFO      --- Board Before: [9, 9, 0, 0, 0, 0, 0, 0, 0, 0, 0]
2026 03 03 03:08:59 INFO      --- Action: pass
2026 03 03 03:08:59 INFO      --- Board After: [9, 9, 0, 0, 0, 0, 0, 0, 0, 0, 0]
2026 03 03 03:08:59 INFO     -----------------------------------------------------------------------------------------------------
2026 03 03 03:08:59 INFO     RANDOM_R0 Made a Pizza!!!
2026 03 03 03:08:59 INFO     -----------------------------------------------------------------------------------------------------
2026 03 03 03:08:59 INFO     -----------------------------------------------------------------------------------------------------
2026 03 03 03:08:59 INFO     Round:11
2026 03 03 03:08:59 INFO     -----------------------------------------------------------------------------------------------------
2026 03 03 03:08:59 INFO      -- Player 1 - RANDOM_R0
2026 03 03 03:08:59 INFO      --- Player Hand: [0, 0, 0, 0, 0, 0, 0, 0, 3, 5, 8, 10, 10, 11, 11, 11, 11]
2026 03 03 03:08:59 INFO      --- Board Before: [13, 0, 0, 0, 0, 0, 0, 0, 0, 0, 0]
2026 03 03 03:08:59 INFO      --- Action: pass
2026 03 03 03:08:59 INFO      --- Board After: [13, 0, 0, 0, 0, 0, 0, 0, 0, 0, 0]
2026 03 03 03:08:59 INFO      -- Player 2 - RANDOM_R1
2026 03 03 03:08:59 INFO      --- Player Hand: [0, 0, 0, 0, 0, 0, 0, 0, 0, 0, 0, 0, 0, 0, 6, 9, 10]
2026 03 03 03:08:59 INFO      --- Board Before: [13, 0, 0, 0, 0, 0, 0, 0, 0, 0, 0]
2026 03 03 03:08:59 INFO      --- Action: pass
2026 03 03 03:08:59 INFO      --- Board After: [13, 0, 0, 0, 0, 0, 0, 0, 0, 0, 0]
2026 03 03 03:08:59 INFO      -- Player 3 - RANDOM_R2
2026 03 03 03:08:59 INFO      --- Player Hand: [0, 0, 0, 0, 0, 0, 0, 0, 0, 0, 0, 0, 5, 6, 7, 7, 8]
2026 03 03 03:08:59 INFO      --- Board Before: [13, 0, 0, 0, 0, 0, 0, 0, 0, 0, 0]
2026 03 03 03:08:59 INFO      --- Action: C10;Q2;J0
2026 03 03 03:08:59 INFO      --- Board After: [10, 10, 0, 0, 0, 0, 0, 0, 0, 0, 0]
2026 03 03 03:08:59 INFO      -- Player 0 - _RL_RL
2026 03 03 03:08:59 INFO      --- Player Hand: [0, 0, 0, 0, 0, 0, 0, 0, 0, 0, 5, 6, 7, 9, 9, 11, 11]
2026 03 03 03:08:59 INFO      --- Board Before: [10, 10, 0, 0, 0, 0, 0, 0, 0, 0, 0]
2026 03 03 03:08:59 INFO      --- Action: pass
2026 03 03 03:08:59 INFO      --- Board After: [10, 10, 0, 0, 0, 0, 0, 0, 0, 0, 0]
2026 03 03 03:08:59 INFO     -----------------------------------------------------------------------------------------------------
2026 03 03 03:08:59 INFO     RANDOM_R2 Made a Pizza!!!
2026 03 03 03:08:59 INFO     -----------------------------------------------------------------------------------------------------
2026 03 03 03:08:59 INFO     -----------------------------------------------------------------------------------------------------
2026 03 03 03:08:59 INFO     Round:12
2026 03 03 03:08:59 INFO     -----------------------------------------------------------------------------------------------------
2026 03 03 03:08:59 INFO      -- Player 3 - RANDOM_R2
2026 03 03 03:08:59 INFO      --- Player Hand: [0, 0, 0, 0, 0, 0, 0, 0, 0, 0, 0, 0, 0, 5, 6, 7, 8]
2026 03 03 03:08:59 INFO      --- Board Before: [13, 0, 0, 0, 0, 0, 0, 0, 0, 0, 0]
2026 03 03 03:08:59 INFO      --- Action: C7;Q1;J0
2026 03 03 03:08:59 INFO      --- Board After: [7, 0, 0, 0, 0, 0, 0, 0, 0, 0, 0]
2026 03 03 03:08:59 INFO      -- Player 0 - _RL_RL
2026 03 03 03:08:59 INFO      --- Player Hand: [0, 0, 0, 0, 0, 0, 0, 0, 0, 0, 5, 6, 7, 9, 9, 11, 11]
2026 03 03 03:08:59 INFO      --- Board Before: [7, 0, 0, 0, 0, 0, 0, 0, 0, 0, 0]
2026 03 03 03:08:59 INFO      --- Action: pass
2026 03 03 03:08:59 INFO      --- Board After: [7, 0, 0, 0, 0, 0, 0, 0, 0, 0, 0]
2026 03 03 03:08:59 INFO      -- Player 1 - RANDOM_R0
2026 03 03 03:08:59 INFO      --- Player Hand: [0, 0, 0, 0, 0, 0, 0, 0, 0, 3, 8, 10, 10, 11, 11, 11, 11]
2026 03 03 03:08:59 INFO      --- Board Before: [7, 0, 0, 0, 0, 0, 0, 0, 0, 0, 0]
2026 03 03 03:08:59 INFO      --- Action: C5;Q1;J0
2026 03 03 03:08:59 INFO      --- Board After: [5, 0, 0, 0, 0, 0, 0, 0, 0, 0, 0]
2026 03 03 03:08:59 INFO      -- Player 2 - RANDOM_R1
2026 03 03 03:08:59 INFO      --- Player Hand: [0, 0, 0, 0, 0, 0, 0, 0, 0, 0, 0, 0, 0, 0, 6, 9, 10]
2026 03 03 03:08:59 INFO      --- Board Before: [5, 0, 0, 0, 0, 0, 0, 0, 0, 0, 0]
2026 03 03 03:08:59 INFO      --- Action: pass
2026 03 03 03:08:59 INFO      --- Board After: [5, 0, 0, 0, 0, 0, 0, 0, 0, 0, 0]
2026 03 03 03:08:59 INFO      -- Player 3 - RANDOM_R2
2026 03 03 03:08:59 INFO      --- Player Hand: [0, 0, 0, 0, 0, 0, 0, 0, 0, 0, 0, 0, 0, 5, 6, 7, 8]
2026 03 03 03:08:59 INFO      --- Board Before: [5, 0, 0, 0, 0, 0, 0, 0, 0, 0, 0]
2026 03 03 03:08:59 INFO      --- Action: pass
2026 03 03 03:08:59 INFO      --- Board After: [5, 0, 0, 0, 0, 0, 0, 0, 0, 0, 0]
2026 03 03 03:08:59 INFO     -----------------------------------------------------------------------------------------------------
2026 03 03 03:08:59 INFO     RANDOM_R0 Made a Pizza!!!
2026 03 03 03:08:59 INFO     -----------------------------------------------------------------------------------------------------
2026 03 03 03:08:59 INFO     -----------------------------------------------------------------------------------------------------
2026 03 03 03:08:59 INFO     Round:13
2026 03 03 03:08:59 INFO     -----------------------------------------------------------------------------------------------------
2026 03 03 03:08:59 INFO      -- Player 1 - RANDOM_R0
2026 03 03 03:08:59 INFO      --- Player Hand: [0, 0, 0, 0, 0, 0, 0, 0, 0, 3, 8, 10, 10, 11, 11, 11, 11]
2026 03 03 03:08:59 INFO      --- Board Before: [13, 0, 0, 0, 0, 0, 0, 0, 0, 0, 0]
2026 03 03 03:08:59 INFO      --- Action: pass
2026 03 03 03:08:59 INFO      --- Board After: [13, 0, 0, 0, 0, 0, 0, 0, 0, 0, 0]
2026 03 03 03:08:59 INFO      -- Player 2 - RANDOM_R1
2026 03 03 03:08:59 INFO      --- Player Hand: [0, 0, 0, 0, 0, 0, 0, 0, 0, 0, 0, 0, 0, 0, 0, 6, 9]
2026 03 03 03:08:59 INFO      --- Board Before: [13, 0, 0, 0, 0, 0, 0, 0, 0, 0, 0]
2026 03 03 03:08:59 INFO      --- Action: C10;Q1;J0
2026 03 03 03:08:59 INFO      --- Board After: [10, 0, 0, 0, 0, 0, 0, 0, 0, 0, 0]
2026 03 03 03:08:59 INFO      -- Player 3 - RANDOM_R2
2026 03 03 03:08:59 INFO      --- Player Hand: [0, 0, 0, 0, 0, 0, 0, 0, 0, 0, 0, 0, 0, 0, 5, 6, 8]
2026 03 03 03:08:59 INFO      --- Board Before: [10, 0, 0, 0, 0, 0, 0, 0, 0, 0, 0]
2026 03 03 03:08:59 INFO      --- Action: C7;Q1;J0
2026 03 03 03:08:59 INFO      --- Board After: [7, 0, 0, 0, 0, 0, 0, 0, 0, 0, 0]
2026 03 03 03:08:59 INFO      -- Player 0 - _RL_RL
2026 03 03 03:08:59 INFO      --- Player Hand: [0, 0, 0, 0, 0, 0, 0, 0, 0, 0, 0, 5, 7, 9, 9, 11, 11]
2026 03 03 03:08:59 INFO      --- Board Before: [7, 0, 0, 0, 0, 0, 0, 0, 0, 0, 0]
2026 03 03 03:08:59 INFO      --- Action: C6;Q1;J0
2026 03 03 03:08:59 INFO      --- Board After: [6, 0, 0, 0, 0, 0, 0, 0, 0, 0, 0]
2026 03 03 03:08:59 INFO      -- Player 2 - RANDOM_R1
2026 03 03 03:08:59 INFO      --- Player Hand: [0, 0, 0, 0, 0, 0, 0, 0, 0, 0, 0, 0, 0, 0, 0, 6, 9]
2026 03 03 03:08:59 INFO      --- Board Before: [6, 0, 0, 0, 0, 0, 0, 0, 0, 0, 0]
2026 03 03 03:08:59 INFO      --- Action: pass
2026 03 03 03:08:59 INFO      --- Board After: [6, 0, 0, 0, 0, 0, 0, 0, 0, 0, 0]
2026 03 03 03:08:59 INFO      -- Player 3 - RANDOM_R2
2026 03 03 03:08:59 INFO      --- Player Hand: [0, 0, 0, 0, 0, 0, 0, 0, 0, 0, 0, 0, 0, 0, 5, 6, 8]
2026 03 03 03:08:59 INFO      --- Board Before: [6, 0, 0, 0, 0, 0, 0, 0, 0, 0, 0]
2026 03 03 03:08:59 INFO      --- Action: pass
2026 03 03 03:08:59 INFO      --- Board After: [6, 0, 0, 0, 0, 0, 0, 0, 0, 0, 0]
2026 03 03 03:08:59 INFO     -----------------------------------------------------------------------------------------------------
2026 03 03 03:08:59 INFO     _RL_RL Made a Pizza!!!
2026 03 03 03:08:59 INFO     -----------------------------------------------------------------------------------------------------
2026 03 03 03:08:59 INFO     -----------------------------------------------------------------------------------------------------
2026 03 03 03:08:59 INFO     Round:14
2026 03 03 03:08:59 INFO     -----------------------------------------------------------------------------------------------------
2026 03 03 03:08:59 INFO      -- Player 0 - _RL_RL
2026 03 03 03:08:59 INFO      --- Player Hand: [0, 0, 0, 0, 0, 0, 0, 0, 0, 0, 0, 0, 0, 5, 7, 11, 11]
2026 03 03 03:08:59 INFO      --- Board Before: [13, 0, 0, 0, 0, 0, 0, 0, 0, 0, 0]
2026 03 03 03:08:59 INFO      --- Action: C9;Q2;J0
2026 03 03 03:08:59 INFO      --- Board After: [9, 9, 0, 0, 0, 0, 0, 0, 0, 0, 0]
2026 03 03 03:08:59 INFO      -- Player 1 - RANDOM_R0
2026 03 03 03:08:59 INFO      --- Player Hand: [0, 0, 0, 0, 0, 0, 0, 0, 0, 3, 8, 10, 10, 11, 11, 11, 11]
2026 03 03 03:08:59 INFO      --- Board Before: [9, 9, 0, 0, 0, 0, 0, 0, 0, 0, 0]
2026 03 03 03:08:59 INFO      --- Action: pass
2026 03 03 03:08:59 INFO      --- Board After: [9, 9, 0, 0, 0, 0, 0, 0, 0, 0, 0]
2026 03 03 03:08:59 INFO      -- Player 2 - RANDOM_R1
2026 03 03 03:08:59 INFO      --- Player Hand: [0, 0, 0, 0, 0, 0, 0, 0, 0, 0, 0, 0, 0, 0, 0, 6, 9]
2026 03 03 03:08:59 INFO      --- Board Before: [9, 9, 0, 0, 0, 0, 0, 0, 0, 0, 0]
2026 03 03 03:08:59 INFO      --- Action: pass
2026 03 03 03:08:59 INFO      --- Board After: [9, 9, 0, 0, 0, 0, 0, 0, 0, 0, 0]
2026 03 03 03:08:59 INFO      -- Player 3 - RANDOM_R2
2026 03 03 03:08:59 INFO      --- Player Hand: [0, 0, 0, 0, 0, 0, 0, 0, 0, 0, 0, 0, 0, 0, 5, 6, 8]
2026 03 03 03:08:59 INFO      --- Board Before: [9, 9, 0, 0, 0, 0, 0, 0, 0, 0, 0]
2026 03 03 03:08:59 INFO      --- Action: pass
2026 03 03 03:08:59 INFO      --- Board After: [9, 9, 0, 0, 0, 0, 0, 0, 0, 0, 0]
2026 03 03 03:08:59 INFO     -----------------------------------------------------------------------------------------------------
2026 03 03 03:08:59 INFO     _RL_RL Made a Pizza!!!
2026 03 03 03:08:59 INFO     -----------------------------------------------------------------------------------------------------
2026 03 03 03:08:59 INFO     -----------------------------------------------------------------------------------------------------
2026 03 03 03:08:59 INFO     Round:15
2026 03 03 03:08:59 INFO     -----------------------------------------------------------------------------------------------------
2026 03 03 03:08:59 INFO      -- Player 0 - _RL_RL
2026 03 03 03:08:59 INFO      --- Player Hand: [0, 0, 0, 0, 0, 0, 0, 0, 0, 0, 0, 0, 0, 0, 0, 5, 7]
2026 03 03 03:08:59 INFO      --- Board Before: [13, 0, 0, 0, 0, 0, 0, 0, 0, 0, 0]
2026 03 03 03:08:59 INFO      --- Action: C11;Q2;J0
2026 03 03 03:08:59 INFO      --- Board After: [11, 11, 0, 0, 0, 0, 0, 0, 0, 0, 0]
2026 03 03 03:08:59 INFO      -- Player 1 - RANDOM_R0
2026 03 03 03:08:59 INFO      --- Player Hand: [0, 0, 0, 0, 0, 0, 0, 0, 0, 0, 0, 3, 8, 11, 11, 11, 11]
2026 03 03 03:08:59 INFO      --- Board Before: [11, 11, 0, 0, 0, 0, 0, 0, 0, 0, 0]
2026 03 03 03:08:59 INFO      --- Action: C10;Q2;J0
2026 03 03 03:08:59 INFO      --- Board After: [10, 10, 0, 0, 0, 0, 0, 0, 0, 0, 0]
2026 03 03 03:08:59 INFO      -- Player 2 - RANDOM_R1
2026 03 03 03:08:59 INFO      --- Player Hand: [0, 0, 0, 0, 0, 0, 0, 0, 0, 0, 0, 0, 0, 0, 0, 6, 9]
2026 03 03 03:08:59 INFO      --- Board Before: [10, 10, 0, 0, 0, 0, 0, 0, 0, 0, 0]
2026 03 03 03:08:59 INFO      --- Action: pass
2026 03 03 03:08:59 INFO      --- Board After: [10, 10, 0, 0, 0, 0, 0, 0, 0, 0, 0]
2026 03 03 03:08:59 INFO      -- Player 3 - RANDOM_R2
2026 03 03 03:08:59 INFO      --- Player Hand: [0, 0, 0, 0, 0, 0, 0, 0, 0, 0, 0, 0, 0, 0, 5, 6, 8]
2026 03 03 03:08:59 INFO      --- Board Before: [10, 10, 0, 0, 0, 0, 0, 0, 0, 0, 0]
2026 03 03 03:08:59 INFO      --- Action: pass
2026 03 03 03:08:59 INFO      --- Board After: [10, 10, 0, 0, 0, 0, 0, 0, 0, 0, 0]
2026 03 03 03:08:59 INFO      -- Player 0 - _RL_RL
2026 03 03 03:08:59 INFO      --- Player Hand: [0, 0, 0, 0, 0, 0, 0, 0, 0, 0, 0, 0, 0, 0, 0, 5, 7]
2026 03 03 03:08:59 INFO      --- Board Before: [10, 10, 0, 0, 0, 0, 0, 0, 0, 0, 0]
2026 03 03 03:08:59 INFO      --- Action: pass
2026 03 03 03:08:59 INFO      --- Board After: [10, 10, 0, 0, 0, 0, 0, 0, 0, 0, 0]
2026 03 03 03:08:59 INFO     -----------------------------------------------------------------------------------------------------
2026 03 03 03:08:59 INFO     RANDOM_R0 Made a Pizza!!!
2026 03 03 03:08:59 INFO     -----------------------------------------------------------------------------------------------------
2026 03 03 03:08:59 INFO     -----------------------------------------------------------------------------------------------------
2026 03 03 03:08:59 INFO     Round:16
2026 03 03 03:08:59 INFO     -----------------------------------------------------------------------------------------------------
2026 03 03 03:08:59 INFO      -- Player 1 - RANDOM_R0
2026 03 03 03:08:59 INFO      --- Player Hand: [0, 0, 0, 0, 0, 0, 0, 0, 0, 0, 0, 3, 8, 11, 11, 11, 11]
2026 03 03 03:08:59 INFO      --- Board Before: [13, 0, 0, 0, 0, 0, 0, 0, 0, 0, 0]
2026 03 03 03:08:59 INFO      --- Action: pass
2026 03 03 03:08:59 INFO      --- Board After: [13, 0, 0, 0, 0, 0, 0, 0, 0, 0, 0]
2026 03 03 03:08:59 INFO      -- Player 2 - RANDOM_R1
2026 03 03 03:08:59 INFO      --- Player Hand: [0, 0, 0, 0, 0, 0, 0, 0, 0, 0, 0, 0, 0, 0, 0, 0, 9]
2026 03 03 03:08:59 INFO      --- Board Before: [13, 0, 0, 0, 0, 0, 0, 0, 0, 0, 0]
2026 03 03 03:08:59 INFO      --- Action: C6;Q1;J0
2026 03 03 03:08:59 INFO      --- Board After: [6, 0, 0, 0, 0, 0, 0, 0, 0, 0, 0]
2026 03 03 03:08:59 INFO      -- Player 3 - RANDOM_R2
2026 03 03 03:08:59 INFO      --- Player Hand: [0, 0, 0, 0, 0, 0, 0, 0, 0, 0, 0, 0, 0, 0, 0, 6, 8]
2026 03 03 03:08:59 INFO      --- Board Before: [6, 0, 0, 0, 0, 0, 0, 0, 0, 0, 0]
2026 03 03 03:08:59 INFO      --- Action: C5;Q1;J0
2026 03 03 03:08:59 INFO      --- Board After: [5, 0, 0, 0, 0, 0, 0, 0, 0, 0, 0]
2026 03 03 03:08:59 INFO      -- Player 0 - _RL_RL
2026 03 03 03:08:59 INFO      --- Player Hand: [0, 0, 0, 0, 0, 0, 0, 0, 0, 0, 0, 0, 0, 0, 0, 5, 7]
2026 03 03 03:08:59 INFO      --- Board Before: [5, 0, 0, 0, 0, 0, 0, 0, 0, 0, 0]
2026 03 03 03:08:59 INFO      --- Action: pass
2026 03 03 03:08:59 INFO      --- Board After: [5, 0, 0, 0, 0, 0, 0, 0, 0, 0, 0]
2026 03 03 03:08:59 INFO      -- Player 2 - RANDOM_R1
2026 03 03 03:08:59 INFO      --- Player Hand: [0, 0, 0, 0, 0, 0, 0, 0, 0, 0, 0, 0, 0, 0, 0, 0, 9]
2026 03 03 03:08:59 INFO      --- Board Before: [5, 0, 0, 0, 0, 0, 0, 0, 0, 0, 0]
2026 03 03 03:08:59 INFO      --- Action: pass
2026 03 03 03:08:59 INFO      --- Board After: [5, 0, 0, 0, 0, 0, 0, 0, 0, 0, 0]
2026 03 03 03:08:59 INFO     -----------------------------------------------------------------------------------------------------
2026 03 03 03:08:59 INFO     RANDOM_R2 Made a Pizza!!!
2026 03 03 03:08:59 INFO     -----------------------------------------------------------------------------------------------------
2026 03 03 03:08:59 INFO     -----------------------------------------------------------------------------------------------------
2026 03 03 03:08:59 INFO     Round:17
2026 03 03 03:08:59 INFO     -----------------------------------------------------------------------------------------------------
2026 03 03 03:08:59 INFO      -- Player 3 - RANDOM_R2
2026 03 03 03:08:59 INFO      --- Player Hand: [0, 0, 0, 0, 0, 0, 0, 0, 0, 0, 0, 0, 0, 0, 0, 0, 6]
2026 03 03 03:08:59 INFO      --- Board Before: [13, 0, 0, 0, 0, 0, 0, 0, 0, 0, 0]
2026 03 03 03:08:59 INFO      --- Action: C8;Q1;J0
2026 03 03 03:08:59 INFO      --- Board After: [8, 0, 0, 0, 0, 0, 0, 0, 0, 0, 0]
2026 03 03 03:08:59 INFO      -- Player 0 - _RL_RL
2026 03 03 03:08:59 INFO      --- Player Hand: [0, 0, 0, 0, 0, 0, 0, 0, 0, 0, 0, 0, 0, 0, 0, 0, 5]
2026 03 03 03:08:59 INFO      --- Board Before: [8, 0, 0, 0, 0, 0, 0, 0, 0, 0, 0]
2026 03 03 03:08:59 INFO      --- Action: C7;Q1;J0
2026 03 03 03:08:59 INFO      --- Board After: [7, 0, 0, 0, 0, 0, 0, 0, 0, 0, 0]
2026 03 03 03:08:59 INFO      -- Player 1 - RANDOM_R0
2026 03 03 03:08:59 INFO      --- Player Hand: [0, 0, 0, 0, 0, 0, 0, 0, 0, 0, 0, 0, 8, 11, 11, 11, 11]
2026 03 03 03:08:59 INFO      --- Board Before: [7, 0, 0, 0, 0, 0, 0, 0, 0, 0, 0]
2026 03 03 03:08:59 INFO      --- Action: C3;Q1;J0
2026 03 03 03:08:59 INFO      --- Board After: [3, 0, 0, 0, 0, 0, 0, 0, 0, 0, 0]
2026 03 03 03:08:59 INFO      -- Player 2 - RANDOM_R1
2026 03 03 03:08:59 INFO      --- Player Hand: [0, 0, 0, 0, 0, 0, 0, 0, 0, 0, 0, 0, 0, 0, 0, 0, 9]
2026 03 03 03:08:59 INFO      --- Board Before: [3, 0, 0, 0, 0, 0, 0, 0, 0, 0, 0]
2026 03 03 03:08:59 INFO      --- Action: pass
2026 03 03 03:08:59 INFO      --- Board After: [3, 0, 0, 0, 0, 0, 0, 0, 0, 0, 0]
2026 03 03 03:09:00 INFO      -- Player 3 - RANDOM_R2
2026 03 03 03:09:00 INFO      --- Player Hand: [0, 0, 0, 0, 0, 0, 0, 0, 0, 0, 0, 0, 0, 0, 0, 0, 6]
2026 03 03 03:09:00 INFO      --- Board Before: [3, 0, 0, 0, 0, 0, 0, 0, 0, 0, 0]
2026 03 03 03:09:00 INFO      --- Action: pass
2026 03 03 03:09:00 INFO      --- Board After: [3, 0, 0, 0, 0, 0, 0, 0, 0, 0, 0]
2026 03 03 03:09:00 INFO      -- Player 0 - _RL_RL
2026 03 03 03:09:00 INFO      --- Player Hand: [0, 0, 0, 0, 0, 0, 0, 0, 0, 0, 0, 0, 0, 0, 0, 0, 5]
2026 03 03 03:09:00 INFO      --- Board Before: [3, 0, 0, 0, 0, 0, 0, 0, 0, 0, 0]
2026 03 03 03:09:00 INFO      --- Action: pass
2026 03 03 03:09:00 INFO      --- Board After: [3, 0, 0, 0, 0, 0, 0, 0, 0, 0, 0]
2026 03 03 03:09:00 INFO     -----------------------------------------------------------------------------------------------------
2026 03 03 03:09:00 INFO     RANDOM_R0 Made a Pizza!!!
2026 03 03 03:09:00 INFO     -----------------------------------------------------------------------------------------------------
2026 03 03 03:09:00 INFO     -----------------------------------------------------------------------------------------------------
2026 03 03 03:09:00 INFO     Round:18
2026 03 03 03:09:00 INFO     -----------------------------------------------------------------------------------------------------
2026 03 03 03:09:00 INFO      -- Player 1 - RANDOM_R0
2026 03 03 03:09:00 INFO      --- Player Hand: [0, 0, 0, 0, 0, 0, 0, 0, 0, 0, 0, 0, 0, 0, 8, 11, 11]
2026 03 03 03:09:00 INFO      --- Board Before: [13, 0, 0, 0, 0, 0, 0, 0, 0, 0, 0]
2026 03 03 03:09:00 INFO      --- Action: C11;Q2;J0
2026 03 03 03:09:00 INFO      --- Board After: [11, 11, 0, 0, 0, 0, 0, 0, 0, 0, 0]
2026 03 03 03:09:00 INFO      -- Player 2 - RANDOM_R1
2026 03 03 03:09:00 INFO      --- Player Hand: [0, 0, 0, 0, 0, 0, 0, 0, 0, 0, 0, 0, 0, 0, 0, 0, 9]
2026 03 03 03:09:00 INFO      --- Board Before: [11, 11, 0, 0, 0, 0, 0, 0, 0, 0, 0]
2026 03 03 03:09:00 INFO      --- Action: pass
2026 03 03 03:09:00 INFO      --- Board After: [11, 11, 0, 0, 0, 0, 0, 0, 0, 0, 0]
2026 03 03 03:09:00 INFO      -- Player 3 - RANDOM_R2
2026 03 03 03:09:00 INFO      --- Player Hand: [0, 0, 0, 0, 0, 0, 0, 0, 0, 0, 0, 0, 0, 0, 0, 0, 6]
2026 03 03 03:09:00 INFO      --- Board Before: [11, 11, 0, 0, 0, 0, 0, 0, 0, 0, 0]
2026 03 03 03:09:00 INFO      --- Action: pass
2026 03 03 03:09:00 INFO      --- Board After: [11, 11, 0, 0, 0, 0, 0, 0, 0, 0, 0]
2026 03 03 03:09:00 INFO      -- Player 0 - _RL_RL
2026 03 03 03:09:00 INFO      --- Player Hand: [0, 0, 0, 0, 0, 0, 0, 0, 0, 0, 0, 0, 0, 0, 0, 0, 5]
2026 03 03 03:09:00 INFO      --- Board Before: [11, 11, 0, 0, 0, 0, 0, 0, 0, 0, 0]
2026 03 03 03:09:00 INFO      --- Action: pass
2026 03 03 03:09:00 INFO      --- Board After: [11, 11, 0, 0, 0, 0, 0, 0, 0, 0, 0]
2026 03 03 03:09:00 INFO     -----------------------------------------------------------------------------------------------------
2026 03 03 03:09:00 INFO     RANDOM_R0 Made a Pizza!!!
2026 03 03 03:09:00 INFO     -----------------------------------------------------------------------------------------------------
2026 03 03 03:09:00 INFO     -----------------------------------------------------------------------------------------------------
2026 03 03 03:09:00 INFO     Round:19
2026 03 03 03:09:00 INFO     -----------------------------------------------------------------------------------------------------
2026 03 03 03:09:00 INFO      -- Player 1 - RANDOM_R0
2026 03 03 03:09:00 INFO      --- Player Hand: [0, 0, 0, 0, 0, 0, 0, 0, 0, 0, 0, 0, 0, 0, 0, 11, 11]
2026 03 03 03:09:00 INFO      --- Board Before: [13, 0, 0, 0, 0, 0, 0, 0, 0, 0, 0]
2026 03 03 03:09:00 INFO      --- Action: C8;Q1;J0
2026 03 03 03:09:00 INFO      --- Board After: [8, 0, 0, 0, 0, 0, 0, 0, 0, 0, 0]
2026 03 03 03:09:00 INFO      -- Player 2 - RANDOM_R1
2026 03 03 03:09:00 INFO      --- Player Hand: [0, 0, 0, 0, 0, 0, 0, 0, 0, 0, 0, 0, 0, 0, 0, 0, 9]
2026 03 03 03:09:00 INFO      --- Board Before: [8, 0, 0, 0, 0, 0, 0, 0, 0, 0, 0]
2026 03 03 03:09:00 INFO      --- Action: pass
2026 03 03 03:09:00 INFO      --- Board After: [8, 0, 0, 0, 0, 0, 0, 0, 0, 0, 0]
2026 03 03 03:09:00 INFO      -- Player 3 - RANDOM_R2
2026 03 03 03:09:00 INFO      --- Player Hand: [0. 0. 0. 0. 0. 0. 0. 0. 0. 0. 0. 0. 0. 0. 0. 0. 0.]
2026 03 03 03:09:00 INFO      --- Board Before: [8, 0, 0, 0, 0, 0, 0, 0, 0, 0, 0]
2026 03 03 03:09:00 INFO      --- Action: C6;Q1;J0
2026 03 03 03:09:00 INFO      --- Player Finished!
2026 03 03 03:09:00 INFO      --- Board After: [6, 0, 0, 0, 0, 0, 0, 0, 0, 0, 0]
2026 03 03 03:09:00 INFO      -- Player 0 - _RL_RL
2026 03 03 03:09:00 INFO      --- Player Hand: [0, 0, 0, 0, 0, 0, 0, 0, 0, 0, 0, 0, 0, 0, 0, 0, 5]
2026 03 03 03:09:00 INFO      --- Board Before: [6, 0, 0, 0, 0, 0, 0, 0, 0, 0, 0]
2026 03 03 03:09:00 INFO      --- Action: pass
2026 03 03 03:09:00 INFO      --- Board After: [6, 0, 0, 0, 0, 0, 0, 0, 0, 0, 0]
2026 03 03 03:09:00 INFO     -----------------------------------------------------------------------------------------------------
2026 03 03 03:09:00 INFO     RANDOM_R2 Made a Pizza!!!
2026 03 03 03:09:00 INFO     -----------------------------------------------------------------------------------------------------
2026 03 03 03:09:00 INFO     -----------------------------------------------------------------------------------------------------
2026 03 03 03:09:00 INFO     Round:20
2026 03 03 03:09:00 INFO     -----------------------------------------------------------------------------------------------------
2026 03 03 03:09:00 INFO      -- Player 0 - _RL_RL
2026 03 03 03:09:00 INFO      --- Player Hand: [0, 0, 0, 0, 0, 0, 0, 0, 0, 0, 0, 0, 0, 0, 0, 0, 5]
2026 03 03 03:09:00 INFO      --- Board Before: [13, 0, 0, 0, 0, 0, 0, 0, 0, 0, 0]
2026 03 03 03:09:00 INFO      --- Action: pass
2026 03 03 03:09:00 INFO      --- Board After: [13, 0, 0, 0, 0, 0, 0, 0, 0, 0, 0]
2026 03 03 03:09:00 INFO      -- Player 1 - RANDOM_R0
2026 03 03 03:09:00 INFO      --- Player Hand: [0, 0, 0, 0, 0, 0, 0, 0, 0, 0, 0, 0, 0, 0, 0, 0, 11]
2026 03 03 03:09:00 INFO      --- Board Before: [13, 0, 0, 0, 0, 0, 0, 0, 0, 0, 0]
2026 03 03 03:09:00 INFO      --- Action: C11;Q1;J0
2026 03 03 03:09:00 INFO      --- Board After: [11, 0, 0, 0, 0, 0, 0, 0, 0, 0, 0]
2026 03 03 03:09:00 INFO      -- Player 2 - RANDOM_R1
2026 03 03 03:09:00 INFO      --- Player Hand: [0. 0. 0. 0. 0. 0. 0. 0. 0. 0. 0. 0. 0. 0. 0. 0. 0.]
2026 03 03 03:09:00 INFO      --- Board Before: [11, 0, 0, 0, 0, 0, 0, 0, 0, 0, 0]
2026 03 03 03:09:00 INFO      --- Action: C9;Q1;J0
2026 03 03 03:09:00 INFO      --- Player Finished!
2026 03 03 03:09:00 INFO      --- Board After: [9, 0, 0, 0, 0, 0, 0, 0, 0, 0, 0]
2026 03 03 03:09:00 INFO     -----------------------------------------------------------------------------------------------------
2026 03 03 03:09:00 INFO     RANDOM_R1 Made a Pizza!!!
2026 03 03 03:09:00 INFO     -----------------------------------------------------------------------------------------------------
2026 03 03 03:09:00 INFO     -----------------------------------------------------------------------------------------------------
2026 03 03 03:09:00 INFO     Round:21
2026 03 03 03:09:00 INFO     -----------------------------------------------------------------------------------------------------
2026 03 03 03:09:00 INFO      -- Player 0 - _RL_RL
2026 03 03 03:09:00 INFO      --- Player Hand: [0. 0. 0. 0. 0. 0. 0. 0. 0. 0. 0. 0. 0. 0. 0. 0. 0.]
2026 03 03 03:09:00 INFO      --- Board Before: [13, 0, 0, 0, 0, 0, 0, 0, 0, 0, 0]
2026 03 03 03:09:00 INFO      --- Action: C5;Q1;J0
2026 03 03 03:09:00 INFO      --- Player Finished!
2026 03 03 03:09:00 INFO      --- Board After: [5, 0, 0, 0, 0, 0, 0, 0, 0, 0, 0]
2026 03 03 03:09:00 INFO     -----------------------------------------------------------------------------------------------------
2026 03 03 03:09:00 INFO     Match 1 over! Current Score:{'_RL_RL': 1, 'RANDOM_R0': 0, 'RANDOM_R1': 2, 'RANDOM_R2': 3}
2026 03 03 03:09:00 INFO     -----------------------------------------------------------------------------------------------------
2026 03 03 03:09:00 INFO     -----------------------------------------------------------------------------------------------------
2026 03 03 03:09:00 INFO     Game Over! Final Score:{'_RL_RL': 1, 'RANDOM_R0': 0, 'RANDOM_R1': 2, 'RANDOM_R2': 3} - Final Performance Score:{'_RL_RL': 0.47619047619047616, 'RANDOM_R0': 0.0, 'RANDOM_R1': 0.9523809523809523, 'RANDOM_R2': 1.4285714285714286}
2026 03 03 03:09:00 INFO     -----------------------------------------------------------------------------------------------------
