2026 03 03 03:09:06 INFO     -----------------------------------------------------------------------------------------------------
2026 03 03 03:09:06 INFO     Experiment: 03-0906_train_room_10040
2026 03 03 03:09:06 INFO     -----------------------------------------------------------------------------------------------------
2026 03 03 03:09:06 INFO     Base Directory: temp\03-0906_train_room_10040
2026 03 03 03:09:06 INFO     -----------------------------------------------------------------------------------------------------
2026 03 03 03:09:06 INFO     Starting new Episode:1
2026 03 03 03:09:06 INFO     -----------------------------------------------------------------------------------------------------
2026 03 03 03:09:06 INFO     Players :['_RL_RL', 'RANDOM_R0', 'RANDOM_R1', 'RANDOM_R2']
2026 03 03 03:09:06 INFO     Stop Criteria :1 MATCHES
2026 03 03 03:09:06 INFO     Max Rounds :999999
2026 03 03 03:09:06 INFO     -----------------------------------------------------------------------------------------------------
2026 03 03 03:09:06 INFO     Match Number 1.000000 Starts!
2026 03 03 03:09:06 INFO     -----------------------------------------------------------------------------------------------------
2026 03 03 03:09:06 INFO     Deck: [10, 1, 8, 8, 2, 9, 3, 11, 10, 11, 11, 10, 12, 10, 4, 10, 10, 8, 11, 9, 9, 10, 6, 6, 8, 2, 5, 11, 9, 11, 8, 11, 7, 8, 12, 5, 8, 7, 10, 10, 4, 7, 10, 6, 7, 9, 11, 9, 6, 6, 9, 8, 4, 7, 9, 6, 5, 5, 7, 5, 4, 3, 3, 9, 7, 11, 11, 11]
2026 03 03 03:09:06 INFO     Player _RL_RL hand: [1, 2, 3, 4, 8, 8, 9, 10, 10, 10, 10, 10, 10, 11, 11, 11, 12]
2026 03 03 03:09:06 INFO     Player RANDOM_R0 hand: [2, 5, 6, 6, 7, 8, 8, 8, 8, 9, 9, 9, 10, 11, 11, 11, 11]
2026 03 03 03:09:06 INFO     Player RANDOM_R1 hand: [4, 5, 6, 6, 6, 7, 7, 7, 8, 9, 9, 9, 10, 10, 10, 11, 12]
2026 03 03 03:09:06 INFO     Player RANDOM_R2 hand: [3, 3, 4, 4, 5, 5, 5, 6, 7, 7, 7, 8, 9, 9, 11, 11, 11]
2026 03 03 03:09:06 INFO     -----------------------------------------------------------------------------------------------------
2026 03 03 03:09:06 INFO     Round:1
2026 03 03 03:09:06 INFO     -----------------------------------------------------------------------------------------------------
2026 03 03 03:09:06 INFO      -- Player 2 - RANDOM_R1
2026 03 03 03:09:06 INFO      --- Player Hand: [0, 0, 4, 5, 6, 6, 6, 7, 7, 7, 8, 9, 9, 9, 10, 10, 10]
2026 03 03 03:09:06 INFO      --- Board Before: [13, 0, 0, 0, 0, 0, 0, 0, 0, 0, 0]
2026 03 03 03:09:06 INFO      --- Action: C11;Q1;J1
2026 03 03 03:09:06 INFO      --- Board After: [11, 12, 0, 0, 0, 0, 0, 0, 0, 0, 0]
2026 03 03 03:09:06 INFO      -- Player 3 - RANDOM_R2
2026 03 03 03:09:06 INFO      --- Player Hand: [0, 0, 3, 3, 4, 4, 5, 6, 7, 7, 7, 8, 9, 9, 11, 11, 11]
2026 03 03 03:09:06 INFO      --- Board Before: [11, 12, 0, 0, 0, 0, 0, 0, 0, 0, 0]
2026 03 03 03:09:06 INFO      --- Action: C5;Q2;J0
2026 03 03 03:09:06 INFO      --- Board After: [5, 5, 0, 0, 0, 0, 0, 0, 0, 0, 0]
2026 03 03 03:09:06 INFO      -- Player 0 - _RL_RL
2026 03 03 03:09:06 INFO      --- Player Hand: [0, 0, 2, 3, 4, 8, 8, 9, 10, 10, 10, 10, 10, 10, 11, 11, 11]
2026 03 03 03:09:06 INFO      --- Board Before: [5, 5, 0, 0, 0, 0, 0, 0, 0, 0, 0]
2026 03 03 03:09:06 INFO      --- Action: C1;Q1;J1
2026 03 03 03:09:06 INFO      --- Board After: [1, 12, 0, 0, 0, 0, 0, 0, 0, 0, 0]
2026 03 03 03:09:06 INFO      -- Player 1 - RANDOM_R0
2026 03 03 03:09:06 INFO      --- Player Hand: [2, 5, 6, 6, 7, 8, 8, 8, 8, 9, 9, 9, 10, 11, 11, 11, 11]
2026 03 03 03:09:06 INFO      --- Board Before: [1, 12, 0, 0, 0, 0, 0, 0, 0, 0, 0]
2026 03 03 03:09:06 INFO      --- Action: pass
2026 03 03 03:09:06 INFO      --- Board After: [1, 12, 0, 0, 0, 0, 0, 0, 0, 0, 0]
2026 03 03 03:09:06 INFO      -- Player 2 - RANDOM_R1
2026 03 03 03:09:06 INFO      --- Player Hand: [0, 0, 4, 5, 6, 6, 6, 7, 7, 7, 8, 9, 9, 9, 10, 10, 10]
2026 03 03 03:09:06 INFO      --- Board Before: [1, 12, 0, 0, 0, 0, 0, 0, 0, 0, 0]
2026 03 03 03:09:06 INFO      --- Action: pass
2026 03 03 03:09:06 INFO      --- Board After: [1, 12, 0, 0, 0, 0, 0, 0, 0, 0, 0]
2026 03 03 03:09:06 INFO      -- Player 3 - RANDOM_R2
2026 03 03 03:09:06 INFO      --- Player Hand: [0, 0, 3, 3, 4, 4, 5, 6, 7, 7, 7, 8, 9, 9, 11, 11, 11]
2026 03 03 03:09:06 INFO      --- Board Before: [1, 12, 0, 0, 0, 0, 0, 0, 0, 0, 0]
2026 03 03 03:09:06 INFO      --- Action: pass
2026 03 03 03:09:06 INFO      --- Board After: [1, 12, 0, 0, 0, 0, 0, 0, 0, 0, 0]
2026 03 03 03:09:06 INFO     -----------------------------------------------------------------------------------------------------
2026 03 03 03:09:06 INFO     _RL_RL Made a Pizza!!!
2026 03 03 03:09:06 INFO     -----------------------------------------------------------------------------------------------------
2026 03 03 03:09:06 INFO     -----------------------------------------------------------------------------------------------------
2026 03 03 03:09:06 INFO     Round:2
2026 03 03 03:09:06 INFO     -----------------------------------------------------------------------------------------------------
2026 03 03 03:09:06 INFO      -- Player 0 - _RL_RL
2026 03 03 03:09:06 INFO      --- Player Hand: [0, 0, 0, 2, 3, 8, 8, 9, 10, 10, 10, 10, 10, 10, 11, 11, 11]
2026 03 03 03:09:06 INFO      --- Board Before: [13, 0, 0, 0, 0, 0, 0, 0, 0, 0, 0]
2026 03 03 03:09:06 INFO      --- Action: C4;Q1;J0
2026 03 03 03:09:06 INFO      --- Board After: [4, 0, 0, 0, 0, 0, 0, 0, 0, 0, 0]
2026 03 03 03:09:06 INFO      -- Player 1 - RANDOM_R0
2026 03 03 03:09:06 INFO      --- Player Hand: [2, 5, 6, 6, 7, 8, 8, 8, 8, 9, 9, 9, 10, 11, 11, 11, 11]
2026 03 03 03:09:06 INFO      --- Board Before: [4, 0, 0, 0, 0, 0, 0, 0, 0, 0, 0]
2026 03 03 03:09:06 INFO      --- Action: pass
2026 03 03 03:09:06 INFO      --- Board After: [4, 0, 0, 0, 0, 0, 0, 0, 0, 0, 0]
2026 03 03 03:09:06 INFO      -- Player 2 - RANDOM_R1
2026 03 03 03:09:06 INFO      --- Player Hand: [0, 0, 4, 5, 6, 6, 6, 7, 7, 7, 8, 9, 9, 9, 10, 10, 10]
2026 03 03 03:09:06 INFO      --- Board Before: [4, 0, 0, 0, 0, 0, 0, 0, 0, 0, 0]
2026 03 03 03:09:06 INFO      --- Action: pass
2026 03 03 03:09:06 INFO      --- Board After: [4, 0, 0, 0, 0, 0, 0, 0, 0, 0, 0]
2026 03 03 03:09:06 INFO      -- Player 3 - RANDOM_R2
2026 03 03 03:09:06 INFO      --- Player Hand: [0, 0, 3, 3, 4, 4, 5, 6, 7, 7, 7, 8, 9, 9, 11, 11, 11]
2026 03 03 03:09:06 INFO      --- Board Before: [4, 0, 0, 0, 0, 0, 0, 0, 0, 0, 0]
2026 03 03 03:09:06 INFO      --- Action: pass
2026 03 03 03:09:06 INFO      --- Board After: [4, 0, 0, 0, 0, 0, 0, 0, 0, 0, 0]
2026 03 03 03:09:06 INFO     -----------------------------------------------------------------------------------------------------
2026 03 03 03:09:06 INFO     _RL_RL Made a Pizza!!!
2026 03 03 03:09:06 INFO     -----------------------------------------------------------------------------------------------------
2026 03 03 03:09:06 INFO     -----------------------------------------------------------------------------------------------------
2026 03 03 03:09:06 INFO     Round:3
2026 03 03 03:09:06 INFO     -----------------------------------------------------------------------------------------------------
2026 03 03 03:09:06 INFO      -- Player 0 - _RL_RL
2026 03 03 03:09:06 INFO      --- Player Hand: [0, 0, 0, 0, 2, 8, 8, 9, 10, 10, 10, 10, 10, 10, 11, 11, 11]
2026 03 03 03:09:06 INFO      --- Board Before: [13, 0, 0, 0, 0, 0, 0, 0, 0, 0, 0]
2026 03 03 03:09:06 INFO      --- Action: C3;Q1;J0
2026 03 03 03:09:06 INFO      --- Board After: [3, 0, 0, 0, 0, 0, 0, 0, 0, 0, 0]
2026 03 03 03:09:06 INFO      -- Player 1 - RANDOM_R0
2026 03 03 03:09:06 INFO      --- Player Hand: [0, 5, 6, 6, 7, 8, 8, 8, 8, 9, 9, 9, 10, 11, 11, 11, 11]
2026 03 03 03:09:06 INFO      --- Board Before: [3, 0, 0, 0, 0, 0, 0, 0, 0, 0, 0]
2026 03 03 03:09:06 INFO      --- Action: C2;Q1;J0
2026 03 03 03:09:06 INFO      --- Board After: [2, 0, 0, 0, 0, 0, 0, 0, 0, 0, 0]
2026 03 03 03:09:06 INFO      -- Player 2 - RANDOM_R1
2026 03 03 03:09:06 INFO      --- Player Hand: [0, 0, 4, 5, 6, 6, 6, 7, 7, 7, 8, 9, 9, 9, 10, 10, 10]
2026 03 03 03:09:06 INFO      --- Board Before: [2, 0, 0, 0, 0, 0, 0, 0, 0, 0, 0]
2026 03 03 03:09:06 INFO      --- Action: pass
2026 03 03 03:09:06 INFO      --- Board After: [2, 0, 0, 0, 0, 0, 0, 0, 0, 0, 0]
2026 03 03 03:09:06 INFO      -- Player 3 - RANDOM_R2
2026 03 03 03:09:06 INFO      --- Player Hand: [0, 0, 3, 3, 4, 4, 5, 6, 7, 7, 7, 8, 9, 9, 11, 11, 11]
2026 03 03 03:09:06 INFO      --- Board Before: [2, 0, 0, 0, 0, 0, 0, 0, 0, 0, 0]
2026 03 03 03:09:06 INFO      --- Action: pass
2026 03 03 03:09:06 INFO      --- Board After: [2, 0, 0, 0, 0, 0, 0, 0, 0, 0, 0]
2026 03 03 03:09:06 INFO      -- Player 0 - _RL_RL
2026 03 03 03:09:06 INFO      --- Player Hand: [0, 0, 0, 0, 2, 8, 8, 9, 10, 10, 10, 10, 10, 10, 11, 11, 11]
2026 03 03 03:09:06 INFO      --- Board Before: [2, 0, 0, 0, 0, 0, 0, 0, 0, 0, 0]
2026 03 03 03:09:06 INFO      --- Action: pass
2026 03 03 03:09:06 INFO      --- Board After: [2, 0, 0, 0, 0, 0, 0, 0, 0, 0, 0]
2026 03 03 03:09:06 INFO     -----------------------------------------------------------------------------------------------------
2026 03 03 03:09:06 INFO     RANDOM_R0 Made a Pizza!!!
2026 03 03 03:09:06 INFO     -----------------------------------------------------------------------------------------------------
2026 03 03 03:09:06 INFO     -----------------------------------------------------------------------------------------------------
2026 03 03 03:09:06 INFO     Round:4
2026 03 03 03:09:06 INFO     -----------------------------------------------------------------------------------------------------
2026 03 03 03:09:06 INFO      -- Player 1 - RANDOM_R0
2026 03 03 03:09:06 INFO      --- Player Hand: [0, 0, 5, 6, 7, 8, 8, 8, 8, 9, 9, 9, 10, 11, 11, 11, 11]
2026 03 03 03:09:06 INFO      --- Board Before: [13, 0, 0, 0, 0, 0, 0, 0, 0, 0, 0]
2026 03 03 03:09:06 INFO      --- Action: C6;Q1;J0
2026 03 03 03:09:06 INFO      --- Board After: [6, 0, 0, 0, 0, 0, 0, 0, 0, 0, 0]
2026 03 03 03:09:06 INFO      -- Player 2 - RANDOM_R1
2026 03 03 03:09:06 INFO      --- Player Hand: [0, 0, 0, 5, 6, 6, 6, 7, 7, 7, 8, 9, 9, 9, 10, 10, 10]
2026 03 03 03:09:06 INFO      --- Board Before: [6, 0, 0, 0, 0, 0, 0, 0, 0, 0, 0]
2026 03 03 03:09:06 INFO      --- Action: C4;Q1;J0
2026 03 03 03:09:06 INFO      --- Board After: [4, 0, 0, 0, 0, 0, 0, 0, 0, 0, 0]
2026 03 03 03:09:06 INFO      -- Player 3 - RANDOM_R2
2026 03 03 03:09:06 INFO      --- Player Hand: [0, 0, 3, 3, 4, 4, 5, 6, 7, 7, 7, 8, 9, 9, 11, 11, 11]
2026 03 03 03:09:06 INFO      --- Board Before: [4, 0, 0, 0, 0, 0, 0, 0, 0, 0, 0]
2026 03 03 03:09:06 INFO      --- Action: pass
2026 03 03 03:09:06 INFO      --- Board After: [4, 0, 0, 0, 0, 0, 0, 0, 0, 0, 0]
2026 03 03 03:09:06 INFO      -- Player 0 - _RL_RL
2026 03 03 03:09:06 INFO      --- Player Hand: [0, 0, 0, 0, 0, 8, 8, 9, 10, 10, 10, 10, 10, 10, 11, 11, 11]
2026 03 03 03:09:06 INFO      --- Board Before: [4, 0, 0, 0, 0, 0, 0, 0, 0, 0, 0]
2026 03 03 03:09:06 INFO      --- Action: C2;Q1;J0
2026 03 03 03:09:06 INFO      --- Board After: [2, 0, 0, 0, 0, 0, 0, 0, 0, 0, 0]
2026 03 03 03:09:06 INFO      -- Player 1 - RANDOM_R0
2026 03 03 03:09:06 INFO      --- Player Hand: [0, 0, 5, 6, 7, 8, 8, 8, 8, 9, 9, 9, 10, 11, 11, 11, 11]
2026 03 03 03:09:06 INFO      --- Board Before: [2, 0, 0, 0, 0, 0, 0, 0, 0, 0, 0]
2026 03 03 03:09:06 INFO      --- Action: pass
2026 03 03 03:09:06 INFO      --- Board After: [2, 0, 0, 0, 0, 0, 0, 0, 0, 0, 0]
2026 03 03 03:09:06 INFO      -- Player 2 - RANDOM_R1
2026 03 03 03:09:06 INFO      --- Player Hand: [0, 0, 0, 5, 6, 6, 6, 7, 7, 7, 8, 9, 9, 9, 10, 10, 10]
2026 03 03 03:09:06 INFO      --- Board Before: [2, 0, 0, 0, 0, 0, 0, 0, 0, 0, 0]
2026 03 03 03:09:06 INFO      --- Action: pass
2026 03 03 03:09:06 INFO      --- Board After: [2, 0, 0, 0, 0, 0, 0, 0, 0, 0, 0]
2026 03 03 03:09:06 INFO     -----------------------------------------------------------------------------------------------------
2026 03 03 03:09:06 INFO     _RL_RL Made a Pizza!!!
2026 03 03 03:09:06 INFO     -----------------------------------------------------------------------------------------------------
2026 03 03 03:09:06 INFO     -----------------------------------------------------------------------------------------------------
2026 03 03 03:09:06 INFO     Round:5
2026 03 03 03:09:06 INFO     -----------------------------------------------------------------------------------------------------
2026 03 03 03:09:06 INFO      -- Player 0 - _RL_RL
2026 03 03 03:09:06 INFO      --- Player Hand: [0, 0, 0, 0, 0, 0, 8, 8, 9, 10, 10, 10, 10, 10, 11, 11, 11]
2026 03 03 03:09:06 INFO      --- Board Before: [13, 0, 0, 0, 0, 0, 0, 0, 0, 0, 0]
2026 03 03 03:09:06 INFO      --- Action: C10;Q1;J0
2026 03 03 03:09:06 INFO      --- Board After: [10, 0, 0, 0, 0, 0, 0, 0, 0, 0, 0]
2026 03 03 03:09:06 INFO      -- Player 1 - RANDOM_R0
2026 03 03 03:09:06 INFO      --- Player Hand: [0, 0, 0, 0, 0, 5, 6, 7, 8, 9, 9, 9, 10, 11, 11, 11, 11]
2026 03 03 03:09:06 INFO      --- Board Before: [10, 0, 0, 0, 0, 0, 0, 0, 0, 0, 0]
2026 03 03 03:09:06 INFO      --- Action: C8;Q3;J0
2026 03 03 03:09:06 INFO      --- Board After: [8, 8, 8, 0, 0, 0, 0, 0, 0, 0, 0]
2026 03 03 03:09:06 INFO      -- Player 2 - RANDOM_R1
2026 03 03 03:09:06 INFO      --- Player Hand: [0, 0, 0, 5, 6, 6, 6, 7, 7, 7, 8, 9, 9, 9, 10, 10, 10]
2026 03 03 03:09:06 INFO      --- Board Before: [8, 8, 8, 0, 0, 0, 0, 0, 0, 0, 0]
2026 03 03 03:09:06 INFO      --- Action: pass
2026 03 03 03:09:06 INFO      --- Board After: [8, 8, 8, 0, 0, 0, 0, 0, 0, 0, 0]
2026 03 03 03:09:06 INFO      -- Player 3 - RANDOM_R2
2026 03 03 03:09:07 INFO      --- Player Hand: [0, 0, 0, 0, 0, 3, 3, 4, 4, 5, 6, 8, 9, 9, 11, 11, 11]
2026 03 03 03:09:07 INFO      --- Board Before: [8, 8, 8, 0, 0, 0, 0, 0, 0, 0, 0]
2026 03 03 03:09:07 INFO      --- Action: C7;Q3;J0
2026 03 03 03:09:07 INFO      --- Board After: [7, 7, 7, 0, 0, 0, 0, 0, 0, 0, 0]
2026 03 03 03:09:07 INFO      -- Player 0 - _RL_RL
2026 03 03 03:09:07 INFO      --- Player Hand: [0, 0, 0, 0, 0, 0, 8, 8, 9, 10, 10, 10, 10, 10, 11, 11, 11]
2026 03 03 03:09:07 INFO      --- Board Before: [7, 7, 7, 0, 0, 0, 0, 0, 0, 0, 0]
2026 03 03 03:09:07 INFO      --- Action: pass
2026 03 03 03:09:07 INFO      --- Board After: [7, 7, 7, 0, 0, 0, 0, 0, 0, 0, 0]
2026 03 03 03:09:07 INFO      -- Player 1 - RANDOM_R0
2026 03 03 03:09:07 INFO      --- Player Hand: [0, 0, 0, 0, 0, 5, 6, 7, 8, 9, 9, 9, 10, 11, 11, 11, 11]
2026 03 03 03:09:07 INFO      --- Board Before: [7, 7, 7, 0, 0, 0, 0, 0, 0, 0, 0]
2026 03 03 03:09:07 INFO      --- Action: pass
2026 03 03 03:09:07 INFO      --- Board After: [7, 7, 7, 0, 0, 0, 0, 0, 0, 0, 0]
2026 03 03 03:09:07 INFO     -----------------------------------------------------------------------------------------------------
2026 03 03 03:09:07 INFO     RANDOM_R2 Made a Pizza!!!
2026 03 03 03:09:07 INFO     -----------------------------------------------------------------------------------------------------
2026 03 03 03:09:07 INFO     -----------------------------------------------------------------------------------------------------
2026 03 03 03:09:07 INFO     Round:6
2026 03 03 03:09:07 INFO     -----------------------------------------------------------------------------------------------------
2026 03 03 03:09:07 INFO      -- Player 3 - RANDOM_R2
2026 03 03 03:09:07 INFO      --- Player Hand: [0, 0, 0, 0, 0, 3, 3, 4, 4, 5, 6, 8, 9, 9, 11, 11, 11]
2026 03 03 03:09:07 INFO      --- Board Before: [13, 0, 0, 0, 0, 0, 0, 0, 0, 0, 0]
2026 03 03 03:09:07 INFO      --- Action: pass
2026 03 03 03:09:07 INFO      --- Board After: [13, 0, 0, 0, 0, 0, 0, 0, 0, 0, 0]
2026 03 03 03:09:07 INFO      -- Player 0 - _RL_RL
2026 03 03 03:09:07 INFO      --- Player Hand: [0, 0, 0, 0, 0, 0, 8, 8, 9, 10, 10, 10, 10, 10, 11, 11, 11]
2026 03 03 03:09:07 INFO      --- Board Before: [13, 0, 0, 0, 0, 0, 0, 0, 0, 0, 0]
2026 03 03 03:09:07 INFO      --- Action: pass
2026 03 03 03:09:07 INFO      --- Board After: [13, 0, 0, 0, 0, 0, 0, 0, 0, 0, 0]
2026 03 03 03:09:07 INFO      -- Player 1 - RANDOM_R0
2026 03 03 03:09:07 INFO      --- Player Hand: [0, 0, 0, 0, 0, 0, 5, 6, 7, 9, 9, 9, 10, 11, 11, 11, 11]
2026 03 03 03:09:07 INFO      --- Board Before: [13, 0, 0, 0, 0, 0, 0, 0, 0, 0, 0]
2026 03 03 03:09:07 INFO      --- Action: C8;Q1;J0
2026 03 03 03:09:07 INFO      --- Board After: [8, 0, 0, 0, 0, 0, 0, 0, 0, 0, 0]
2026 03 03 03:09:07 INFO      -- Player 2 - RANDOM_R1
2026 03 03 03:09:07 INFO      --- Player Hand: [0, 0, 0, 0, 0, 0, 5, 6, 6, 6, 8, 9, 9, 9, 10, 10, 10]
2026 03 03 03:09:07 INFO      --- Board Before: [8, 0, 0, 0, 0, 0, 0, 0, 0, 0, 0]
2026 03 03 03:09:07 INFO      --- Action: C7;Q3;J0
2026 03 03 03:09:07 INFO      --- Board After: [7, 7, 7, 0, 0, 0, 0, 0, 0, 0, 0]
2026 03 03 03:09:07 INFO      -- Player 1 - RANDOM_R0
2026 03 03 03:09:07 INFO      --- Player Hand: [0, 0, 0, 0, 0, 0, 5, 6, 7, 9, 9, 9, 10, 11, 11, 11, 11]
2026 03 03 03:09:07 INFO      --- Board Before: [7, 7, 7, 0, 0, 0, 0, 0, 0, 0, 0]
2026 03 03 03:09:07 INFO      --- Action: pass
2026 03 03 03:09:07 INFO      --- Board After: [7, 7, 7, 0, 0, 0, 0, 0, 0, 0, 0]
2026 03 03 03:09:07 INFO     -----------------------------------------------------------------------------------------------------
2026 03 03 03:09:07 INFO     RANDOM_R1 Made a Pizza!!!
2026 03 03 03:09:07 INFO     -----------------------------------------------------------------------------------------------------
2026 03 03 03:09:07 INFO     -----------------------------------------------------------------------------------------------------
2026 03 03 03:09:07 INFO     Round:7
2026 03 03 03:09:07 INFO     -----------------------------------------------------------------------------------------------------
2026 03 03 03:09:07 INFO      -- Player 2 - RANDOM_R1
2026 03 03 03:09:07 INFO      --- Player Hand: [0, 0, 0, 0, 0, 0, 5, 6, 6, 6, 8, 9, 9, 9, 10, 10, 10]
2026 03 03 03:09:07 INFO      --- Board Before: [13, 0, 0, 0, 0, 0, 0, 0, 0, 0, 0]
2026 03 03 03:09:07 INFO      --- Action: pass
2026 03 03 03:09:07 INFO      --- Board After: [13, 0, 0, 0, 0, 0, 0, 0, 0, 0, 0]
2026 03 03 03:09:07 INFO      -- Player 3 - RANDOM_R2
2026 03 03 03:09:07 INFO      --- Player Hand: [0, 0, 0, 0, 0, 0, 3, 3, 4, 4, 5, 6, 9, 9, 11, 11, 11]
2026 03 03 03:09:07 INFO      --- Board Before: [13, 0, 0, 0, 0, 0, 0, 0, 0, 0, 0]
2026 03 03 03:09:07 INFO      --- Action: C8;Q1;J0
2026 03 03 03:09:07 INFO      --- Board After: [8, 0, 0, 0, 0, 0, 0, 0, 0, 0, 0]
2026 03 03 03:09:07 INFO      -- Player 0 - _RL_RL
2026 03 03 03:09:07 INFO      --- Player Hand: [0, 0, 0, 0, 0, 0, 8, 8, 9, 10, 10, 10, 10, 10, 11, 11, 11]
2026 03 03 03:09:07 INFO      --- Board Before: [8, 0, 0, 0, 0, 0, 0, 0, 0, 0, 0]
2026 03 03 03:09:07 INFO      --- Action: pass
2026 03 03 03:09:07 INFO      --- Board After: [8, 0, 0, 0, 0, 0, 0, 0, 0, 0, 0]
2026 03 03 03:09:07 INFO      -- Player 1 - RANDOM_R0
2026 03 03 03:09:07 INFO      --- Player Hand: [0, 0, 0, 0, 0, 0, 0, 6, 7, 9, 9, 9, 10, 11, 11, 11, 11]
2026 03 03 03:09:07 INFO      --- Board Before: [8, 0, 0, 0, 0, 0, 0, 0, 0, 0, 0]
2026 03 03 03:09:07 INFO      --- Action: C5;Q1;J0
2026 03 03 03:09:07 INFO      --- Board After: [5, 0, 0, 0, 0, 0, 0, 0, 0, 0, 0]
2026 03 03 03:09:07 INFO      -- Player 3 - RANDOM_R2
2026 03 03 03:09:07 INFO      --- Player Hand: [0, 0, 0, 0, 0, 0, 0, 3, 4, 4, 5, 6, 9, 9, 11, 11, 11]
2026 03 03 03:09:07 INFO      --- Board Before: [5, 0, 0, 0, 0, 0, 0, 0, 0, 0, 0]
2026 03 03 03:09:07 INFO      --- Action: C3;Q1;J0
2026 03 03 03:09:07 INFO      --- Board After: [3, 0, 0, 0, 0, 0, 0, 0, 0, 0, 0]
2026 03 03 03:09:07 INFO      -- Player 1 - RANDOM_R0
2026 03 03 03:09:07 INFO      --- Player Hand: [0, 0, 0, 0, 0, 0, 0, 6, 7, 9, 9, 9, 10, 11, 11, 11, 11]
2026 03 03 03:09:07 INFO      --- Board Before: [3, 0, 0, 0, 0, 0, 0, 0, 0, 0, 0]
2026 03 03 03:09:07 INFO      --- Action: pass
2026 03 03 03:09:07 INFO      --- Board After: [3, 0, 0, 0, 0, 0, 0, 0, 0, 0, 0]
2026 03 03 03:09:07 INFO     -----------------------------------------------------------------------------------------------------
2026 03 03 03:09:07 INFO     RANDOM_R2 Made a Pizza!!!
2026 03 03 03:09:07 INFO     -----------------------------------------------------------------------------------------------------
2026 03 03 03:09:07 INFO     -----------------------------------------------------------------------------------------------------
2026 03 03 03:09:07 INFO     Round:8
2026 03 03 03:09:07 INFO     -----------------------------------------------------------------------------------------------------
2026 03 03 03:09:07 INFO      -- Player 3 - RANDOM_R2
2026 03 03 03:09:07 INFO      --- Player Hand: [0, 0, 0, 0, 0, 0, 0, 0, 3, 4, 5, 6, 9, 9, 11, 11, 11]
2026 03 03 03:09:07 INFO      --- Board Before: [13, 0, 0, 0, 0, 0, 0, 0, 0, 0, 0]
2026 03 03 03:09:07 INFO      --- Action: C4;Q1;J0
2026 03 03 03:09:07 INFO      --- Board After: [4, 0, 0, 0, 0, 0, 0, 0, 0, 0, 0]
2026 03 03 03:09:07 INFO      -- Player 0 - _RL_RL
2026 03 03 03:09:07 INFO      --- Player Hand: [0, 0, 0, 0, 0, 0, 8, 8, 9, 10, 10, 10, 10, 10, 11, 11, 11]
2026 03 03 03:09:07 INFO      --- Board Before: [4, 0, 0, 0, 0, 0, 0, 0, 0, 0, 0]
2026 03 03 03:09:07 INFO      --- Action: pass
2026 03 03 03:09:07 INFO      --- Board After: [4, 0, 0, 0, 0, 0, 0, 0, 0, 0, 0]
2026 03 03 03:09:07 INFO      -- Player 1 - RANDOM_R0
2026 03 03 03:09:07 INFO      --- Player Hand: [0, 0, 0, 0, 0, 0, 0, 6, 7, 9, 9, 9, 10, 11, 11, 11, 11]
2026 03 03 03:09:07 INFO      --- Board Before: [4, 0, 0, 0, 0, 0, 0, 0, 0, 0, 0]
2026 03 03 03:09:07 INFO      --- Action: pass
2026 03 03 03:09:07 INFO      --- Board After: [4, 0, 0, 0, 0, 0, 0, 0, 0, 0, 0]
2026 03 03 03:09:07 INFO      -- Player 2 - RANDOM_R1
2026 03 03 03:09:07 INFO      --- Player Hand: [0, 0, 0, 0, 0, 0, 5, 6, 6, 6, 8, 9, 9, 9, 10, 10, 10]
2026 03 03 03:09:07 INFO      --- Board Before: [4, 0, 0, 0, 0, 0, 0, 0, 0, 0, 0]
2026 03 03 03:09:07 INFO      --- Action: pass
2026 03 03 03:09:07 INFO      --- Board After: [4, 0, 0, 0, 0, 0, 0, 0, 0, 0, 0]
2026 03 03 03:09:07 INFO     -----------------------------------------------------------------------------------------------------
2026 03 03 03:09:07 INFO     RANDOM_R2 Made a Pizza!!!
2026 03 03 03:09:07 INFO     -----------------------------------------------------------------------------------------------------
2026 03 03 03:09:07 INFO     -----------------------------------------------------------------------------------------------------
2026 03 03 03:09:07 INFO     Round:9
2026 03 03 03:09:07 INFO     -----------------------------------------------------------------------------------------------------
2026 03 03 03:09:07 INFO      -- Player 3 - RANDOM_R2
2026 03 03 03:09:07 INFO      --- Player Hand: [0, 0, 0, 0, 0, 0, 0, 0, 0, 0, 3, 4, 5, 6, 9, 9, 11]
2026 03 03 03:09:07 INFO      --- Board Before: [13, 0, 0, 0, 0, 0, 0, 0, 0, 0, 0]
2026 03 03 03:09:07 INFO      --- Action: C11;Q2;J0
2026 03 03 03:09:07 INFO      --- Board After: [11, 11, 0, 0, 0, 0, 0, 0, 0, 0, 0]
2026 03 03 03:09:07 INFO      -- Player 0 - _RL_RL
2026 03 03 03:09:07 INFO      --- Player Hand: [0, 0, 0, 0, 0, 0, 0, 0, 0, 0, 8, 8, 9, 10, 11, 11, 11]
2026 03 03 03:09:07 INFO      --- Board Before: [11, 11, 0, 0, 0, 0, 0, 0, 0, 0, 0]
2026 03 03 03:09:07 INFO      --- Action: C10;Q4;J0
2026 03 03 03:09:07 INFO      --- Board After: [10, 10, 10, 10, 0, 0, 0, 0, 0, 0, 0]
2026 03 03 03:09:07 INFO      -- Player 1 - RANDOM_R0
2026 03 03 03:09:07 INFO      --- Player Hand: [0, 0, 0, 0, 0, 0, 0, 6, 7, 9, 9, 9, 10, 11, 11, 11, 11]
2026 03 03 03:09:07 INFO      --- Board Before: [10, 10, 10, 10, 0, 0, 0, 0, 0, 0, 0]
2026 03 03 03:09:07 INFO      --- Action: pass
2026 03 03 03:09:07 INFO      --- Board After: [10, 10, 10, 10, 0, 0, 0, 0, 0, 0, 0]
2026 03 03 03:09:07 INFO      -- Player 2 - RANDOM_R1
2026 03 03 03:09:07 INFO      --- Player Hand: [0, 0, 0, 0, 0, 0, 5, 6, 6, 6, 8, 9, 9, 9, 10, 10, 10]
2026 03 03 03:09:07 INFO      --- Board Before: [10, 10, 10, 10, 0, 0, 0, 0, 0, 0, 0]
2026 03 03 03:09:07 INFO      --- Action: pass
2026 03 03 03:09:07 INFO      --- Board After: [10, 10, 10, 10, 0, 0, 0, 0, 0, 0, 0]
2026 03 03 03:09:07 INFO      -- Player 3 - RANDOM_R2
2026 03 03 03:09:07 INFO      --- Player Hand: [0, 0, 0, 0, 0, 0, 0, 0, 0, 0, 3, 4, 5, 6, 9, 9, 11]
2026 03 03 03:09:07 INFO      --- Board Before: [10, 10, 10, 10, 0, 0, 0, 0, 0, 0, 0]
2026 03 03 03:09:07 INFO      --- Action: pass
2026 03 03 03:09:07 INFO      --- Board After: [10, 10, 10, 10, 0, 0, 0, 0, 0, 0, 0]
2026 03 03 03:09:07 INFO     -----------------------------------------------------------------------------------------------------
2026 03 03 03:09:07 INFO     _RL_RL Made a Pizza!!!
2026 03 03 03:09:07 INFO     -----------------------------------------------------------------------------------------------------
2026 03 03 03:09:07 INFO     -----------------------------------------------------------------------------------------------------
2026 03 03 03:09:07 INFO     Round:10
2026 03 03 03:09:07 INFO     -----------------------------------------------------------------------------------------------------
2026 03 03 03:09:07 INFO      -- Player 0 - _RL_RL
2026 03 03 03:09:07 INFO      --- Player Hand: [0, 0, 0, 0, 0, 0, 0, 0, 0, 0, 0, 0, 8, 8, 9, 10, 11]
2026 03 03 03:09:07 INFO      --- Board Before: [13, 0, 0, 0, 0, 0, 0, 0, 0, 0, 0]
2026 03 03 03:09:07 INFO      --- Action: C11;Q2;J0
2026 03 03 03:09:07 INFO      --- Board After: [11, 11, 0, 0, 0, 0, 0, 0, 0, 0, 0]
2026 03 03 03:09:07 INFO      -- Player 1 - RANDOM_R0
2026 03 03 03:09:07 INFO      --- Player Hand: [0, 0, 0, 0, 0, 0, 0, 0, 0, 6, 7, 9, 10, 11, 11, 11, 11]
2026 03 03 03:09:07 INFO      --- Board Before: [11, 11, 0, 0, 0, 0, 0, 0, 0, 0, 0]
2026 03 03 03:09:07 INFO      --- Action: C9;Q2;J0
2026 03 03 03:09:07 INFO      --- Board After: [9, 9, 0, 0, 0, 0, 0, 0, 0, 0, 0]
2026 03 03 03:09:07 INFO      -- Player 2 - RANDOM_R1
2026 03 03 03:09:07 INFO      --- Player Hand: [0, 0, 0, 0, 0, 0, 5, 6, 6, 6, 8, 9, 9, 9, 10, 10, 10]
2026 03 03 03:09:07 INFO      --- Board Before: [9, 9, 0, 0, 0, 0, 0, 0, 0, 0, 0]
2026 03 03 03:09:07 INFO      --- Action: pass
2026 03 03 03:09:07 INFO      --- Board After: [9, 9, 0, 0, 0, 0, 0, 0, 0, 0, 0]
2026 03 03 03:09:07 INFO      -- Player 3 - RANDOM_R2
2026 03 03 03:09:07 INFO      --- Player Hand: [0, 0, 0, 0, 0, 0, 0, 0, 0, 0, 3, 4, 5, 6, 9, 9, 11]
2026 03 03 03:09:07 INFO      --- Board Before: [9, 9, 0, 0, 0, 0, 0, 0, 0, 0, 0]
2026 03 03 03:09:07 INFO      --- Action: pass
2026 03 03 03:09:07 INFO      --- Board After: [9, 9, 0, 0, 0, 0, 0, 0, 0, 0, 0]
2026 03 03 03:09:07 INFO      -- Player 0 - _RL_RL
2026 03 03 03:09:07 INFO      --- Player Hand: [0, 0, 0, 0, 0, 0, 0, 0, 0, 0, 0, 0, 8, 8, 9, 10, 11]
2026 03 03 03:09:07 INFO      --- Board Before: [9, 9, 0, 0, 0, 0, 0, 0, 0, 0, 0]
2026 03 03 03:09:07 INFO      --- Action: pass
2026 03 03 03:09:07 INFO      --- Board After: [9, 9, 0, 0, 0, 0, 0, 0, 0, 0, 0]
2026 03 03 03:09:07 INFO     -----------------------------------------------------------------------------------------------------
2026 03 03 03:09:07 INFO     RANDOM_R0 Made a Pizza!!!
2026 03 03 03:09:07 INFO     -----------------------------------------------------------------------------------------------------
2026 03 03 03:09:07 INFO     -----------------------------------------------------------------------------------------------------
2026 03 03 03:09:07 INFO     Round:11
2026 03 03 03:09:07 INFO     -----------------------------------------------------------------------------------------------------
2026 03 03 03:09:07 INFO      -- Player 1 - RANDOM_R0
2026 03 03 03:09:07 INFO      --- Player Hand: [0, 0, 0, 0, 0, 0, 0, 0, 0, 0, 0, 0, 0, 6, 7, 9, 10]
2026 03 03 03:09:07 INFO      --- Board Before: [13, 0, 0, 0, 0, 0, 0, 0, 0, 0, 0]
2026 03 03 03:09:07 INFO      --- Action: C11;Q4;J0
2026 03 03 03:09:07 INFO      --- Board After: [11, 11, 11, 11, 0, 0, 0, 0, 0, 0, 0]
2026 03 03 03:09:07 INFO      -- Player 2 - RANDOM_R1
2026 03 03 03:09:07 INFO      --- Player Hand: [0, 0, 0, 0, 0, 0, 5, 6, 6, 6, 8, 9, 9, 9, 10, 10, 10]
2026 03 03 03:09:07 INFO      --- Board Before: [11, 11, 11, 11, 0, 0, 0, 0, 0, 0, 0]
2026 03 03 03:09:07 INFO      --- Action: pass
2026 03 03 03:09:07 INFO      --- Board After: [11, 11, 11, 11, 0, 0, 0, 0, 0, 0, 0]
2026 03 03 03:09:07 INFO      -- Player 3 - RANDOM_R2
2026 03 03 03:09:07 INFO      --- Player Hand: [0, 0, 0, 0, 0, 0, 0, 0, 0, 0, 3, 4, 5, 6, 9, 9, 11]
2026 03 03 03:09:07 INFO      --- Board Before: [11, 11, 11, 11, 0, 0, 0, 0, 0, 0, 0]
2026 03 03 03:09:07 INFO      --- Action: pass
2026 03 03 03:09:07 INFO      --- Board After: [11, 11, 11, 11, 0, 0, 0, 0, 0, 0, 0]
2026 03 03 03:09:07 INFO      -- Player 0 - _RL_RL
2026 03 03 03:09:07 INFO      --- Player Hand: [0, 0, 0, 0, 0, 0, 0, 0, 0, 0, 0, 0, 8, 8, 9, 10, 11]
2026 03 03 03:09:07 INFO      --- Board Before: [11, 11, 11, 11, 0, 0, 0, 0, 0, 0, 0]
2026 03 03 03:09:07 INFO      --- Action: pass
2026 03 03 03:09:07 INFO      --- Board After: [11, 11, 11, 11, 0, 0, 0, 0, 0, 0, 0]
2026 03 03 03:09:07 INFO     -----------------------------------------------------------------------------------------------------
2026 03 03 03:09:07 INFO     RANDOM_R0 Made a Pizza!!!
2026 03 03 03:09:07 INFO     -----------------------------------------------------------------------------------------------------
2026 03 03 03:09:07 INFO     -----------------------------------------------------------------------------------------------------
2026 03 03 03:09:07 INFO     Round:12
2026 03 03 03:09:07 INFO     -----------------------------------------------------------------------------------------------------
2026 03 03 03:09:07 INFO      -- Player 1 - RANDOM_R0
2026 03 03 03:09:07 INFO      --- Player Hand: [0, 0, 0, 0, 0, 0, 0, 0, 0, 0, 0, 0, 0, 0, 6, 7, 10]
2026 03 03 03:09:07 INFO      --- Board Before: [13, 0, 0, 0, 0, 0, 0, 0, 0, 0, 0]
2026 03 03 03:09:07 INFO      --- Action: C9;Q1;J0
2026 03 03 03:09:07 INFO      --- Board After: [9, 0, 0, 0, 0, 0, 0, 0, 0, 0, 0]
2026 03 03 03:09:07 INFO      -- Player 2 - RANDOM_R1
2026 03 03 03:09:07 INFO      --- Player Hand: [0, 0, 0, 0, 0, 0, 0, 0, 5, 6, 8, 9, 9, 9, 10, 10, 10]
2026 03 03 03:09:07 INFO      --- Board Before: [9, 0, 0, 0, 0, 0, 0, 0, 0, 0, 0]
2026 03 03 03:09:07 INFO      --- Action: C6;Q2;J0
2026 03 03 03:09:07 INFO      --- Board After: [6, 6, 0, 0, 0, 0, 0, 0, 0, 0, 0]
2026 03 03 03:09:07 INFO      -- Player 3 - RANDOM_R2
2026 03 03 03:09:07 INFO      --- Player Hand: [0, 0, 0, 0, 0, 0, 0, 0, 0, 0, 3, 4, 5, 6, 9, 9, 11]
2026 03 03 03:09:07 INFO      --- Board Before: [6, 6, 0, 0, 0, 0, 0, 0, 0, 0, 0]
2026 03 03 03:09:07 INFO      --- Action: pass
2026 03 03 03:09:07 INFO      --- Board After: [6, 6, 0, 0, 0, 0, 0, 0, 0, 0, 0]
2026 03 03 03:09:07 INFO      -- Player 0 - _RL_RL
2026 03 03 03:09:07 INFO      --- Player Hand: [0, 0, 0, 0, 0, 0, 0, 0, 0, 0, 0, 0, 8, 8, 9, 10, 11]
2026 03 03 03:09:07 INFO      --- Board Before: [6, 6, 0, 0, 0, 0, 0, 0, 0, 0, 0]
2026 03 03 03:09:07 INFO      --- Action: pass
2026 03 03 03:09:07 INFO      --- Board After: [6, 6, 0, 0, 0, 0, 0, 0, 0, 0, 0]
2026 03 03 03:09:07 INFO      -- Player 1 - RANDOM_R0
2026 03 03 03:09:07 INFO      --- Player Hand: [0, 0, 0, 0, 0, 0, 0, 0, 0, 0, 0, 0, 0, 0, 6, 7, 10]
2026 03 03 03:09:07 INFO      --- Board Before: [6, 6, 0, 0, 0, 0, 0, 0, 0, 0, 0]
2026 03 03 03:09:07 INFO      --- Action: pass
2026 03 03 03:09:07 INFO      --- Board After: [6, 6, 0, 0, 0, 0, 0, 0, 0, 0, 0]
2026 03 03 03:09:07 INFO     -----------------------------------------------------------------------------------------------------
2026 03 03 03:09:07 INFO     RANDOM_R1 Made a Pizza!!!
2026 03 03 03:09:07 INFO     -----------------------------------------------------------------------------------------------------
2026 03 03 03:09:07 INFO     -----------------------------------------------------------------------------------------------------
2026 03 03 03:09:07 INFO     Round:13
2026 03 03 03:09:07 INFO     -----------------------------------------------------------------------------------------------------
2026 03 03 03:09:08 INFO      -- Player 2 - RANDOM_R1
2026 03 03 03:09:08 INFO      --- Player Hand: [0, 0, 0, 0, 0, 0, 0, 0, 0, 5, 8, 9, 9, 9, 10, 10, 10]
2026 03 03 03:09:08 INFO      --- Board Before: [13, 0, 0, 0, 0, 0, 0, 0, 0, 0, 0]
2026 03 03 03:09:08 INFO      --- Action: C6;Q1;J0
2026 03 03 03:09:08 INFO      --- Board After: [6, 0, 0, 0, 0, 0, 0, 0, 0, 0, 0]
2026 03 03 03:09:08 INFO      -- Player 3 - RANDOM_R2
2026 03 03 03:09:08 INFO      --- Player Hand: [0, 0, 0, 0, 0, 0, 0, 0, 0, 0, 0, 3, 5, 6, 9, 9, 11]
2026 03 03 03:09:08 INFO      --- Board Before: [6, 0, 0, 0, 0, 0, 0, 0, 0, 0, 0]
2026 03 03 03:09:08 INFO      --- Action: C4;Q1;J0
2026 03 03 03:09:08 INFO      --- Board After: [4, 0, 0, 0, 0, 0, 0, 0, 0, 0, 0]
2026 03 03 03:09:08 INFO      -- Player 0 - _RL_RL
2026 03 03 03:09:08 INFO      --- Player Hand: [0, 0, 0, 0, 0, 0, 0, 0, 0, 0, 0, 0, 8, 8, 9, 10, 11]
2026 03 03 03:09:08 INFO      --- Board Before: [4, 0, 0, 0, 0, 0, 0, 0, 0, 0, 0]
2026 03 03 03:09:08 INFO      --- Action: pass
2026 03 03 03:09:08 INFO      --- Board After: [4, 0, 0, 0, 0, 0, 0, 0, 0, 0, 0]
2026 03 03 03:09:08 INFO      -- Player 1 - RANDOM_R0
2026 03 03 03:09:08 INFO      --- Player Hand: [0, 0, 0, 0, 0, 0, 0, 0, 0, 0, 0, 0, 0, 0, 6, 7, 10]
2026 03 03 03:09:08 INFO      --- Board Before: [4, 0, 0, 0, 0, 0, 0, 0, 0, 0, 0]
2026 03 03 03:09:08 INFO      --- Action: pass
2026 03 03 03:09:08 INFO      --- Board After: [4, 0, 0, 0, 0, 0, 0, 0, 0, 0, 0]
2026 03 03 03:09:08 INFO      -- Player 2 - RANDOM_R1
2026 03 03 03:09:08 INFO      --- Player Hand: [0, 0, 0, 0, 0, 0, 0, 0, 0, 5, 8, 9, 9, 9, 10, 10, 10]
2026 03 03 03:09:08 INFO      --- Board Before: [4, 0, 0, 0, 0, 0, 0, 0, 0, 0, 0]
2026 03 03 03:09:08 INFO      --- Action: pass
2026 03 03 03:09:08 INFO      --- Board After: [4, 0, 0, 0, 0, 0, 0, 0, 0, 0, 0]
2026 03 03 03:09:08 INFO     -----------------------------------------------------------------------------------------------------
2026 03 03 03:09:08 INFO     RANDOM_R2 Made a Pizza!!!
2026 03 03 03:09:08 INFO     -----------------------------------------------------------------------------------------------------
2026 03 03 03:09:08 INFO     -----------------------------------------------------------------------------------------------------
2026 03 03 03:09:08 INFO     Round:14
2026 03 03 03:09:08 INFO     -----------------------------------------------------------------------------------------------------
2026 03 03 03:09:08 INFO      -- Player 3 - RANDOM_R2
2026 03 03 03:09:08 INFO      --- Player Hand: [0, 0, 0, 0, 0, 0, 0, 0, 0, 0, 0, 0, 3, 5, 9, 9, 11]
2026 03 03 03:09:08 INFO      --- Board Before: [13, 0, 0, 0, 0, 0, 0, 0, 0, 0, 0]
2026 03 03 03:09:08 INFO      --- Action: C6;Q1;J0
2026 03 03 03:09:08 INFO      --- Board After: [6, 0, 0, 0, 0, 0, 0, 0, 0, 0, 0]
2026 03 03 03:09:08 INFO      -- Player 0 - _RL_RL
2026 03 03 03:09:08 INFO      --- Player Hand: [0, 0, 0, 0, 0, 0, 0, 0, 0, 0, 0, 0, 8, 8, 9, 10, 11]
2026 03 03 03:09:08 INFO      --- Board Before: [6, 0, 0, 0, 0, 0, 0, 0, 0, 0, 0]
2026 03 03 03:09:08 INFO      --- Action: pass
2026 03 03 03:09:08 INFO      --- Board After: [6, 0, 0, 0, 0, 0, 0, 0, 0, 0, 0]
2026 03 03 03:09:08 INFO      -- Player 1 - RANDOM_R0
2026 03 03 03:09:08 INFO      --- Player Hand: [0, 0, 0, 0, 0, 0, 0, 0, 0, 0, 0, 0, 0, 0, 6, 7, 10]
2026 03 03 03:09:08 INFO      --- Board Before: [6, 0, 0, 0, 0, 0, 0, 0, 0, 0, 0]
2026 03 03 03:09:08 INFO      --- Action: pass
2026 03 03 03:09:08 INFO      --- Board After: [6, 0, 0, 0, 0, 0, 0, 0, 0, 0, 0]
2026 03 03 03:09:08 INFO      -- Player 2 - RANDOM_R1
2026 03 03 03:09:08 INFO      --- Player Hand: [0, 0, 0, 0, 0, 0, 0, 0, 0, 0, 8, 9, 9, 9, 10, 10, 10]
2026 03 03 03:09:08 INFO      --- Board Before: [6, 0, 0, 0, 0, 0, 0, 0, 0, 0, 0]
2026 03 03 03:09:08 INFO      --- Action: C5;Q1;J0
2026 03 03 03:09:08 INFO      --- Board After: [5, 0, 0, 0, 0, 0, 0, 0, 0, 0, 0]
2026 03 03 03:09:08 INFO      -- Player 3 - RANDOM_R2
2026 03 03 03:09:08 INFO      --- Player Hand: [0, 0, 0, 0, 0, 0, 0, 0, 0, 0, 0, 0, 0, 5, 9, 9, 11]
2026 03 03 03:09:08 INFO      --- Board Before: [5, 0, 0, 0, 0, 0, 0, 0, 0, 0, 0]
2026 03 03 03:09:08 INFO      --- Action: C3;Q1;J0
2026 03 03 03:09:08 INFO      --- Board After: [3, 0, 0, 0, 0, 0, 0, 0, 0, 0, 0]
2026 03 03 03:09:08 INFO      -- Player 2 - RANDOM_R1
2026 03 03 03:09:08 INFO      --- Player Hand: [0, 0, 0, 0, 0, 0, 0, 0, 0, 0, 8, 9, 9, 9, 10, 10, 10]
2026 03 03 03:09:08 INFO      --- Board Before: [3, 0, 0, 0, 0, 0, 0, 0, 0, 0, 0]
2026 03 03 03:09:08 INFO      --- Action: pass
2026 03 03 03:09:08 INFO      --- Board After: [3, 0, 0, 0, 0, 0, 0, 0, 0, 0, 0]
2026 03 03 03:09:08 INFO     -----------------------------------------------------------------------------------------------------
2026 03 03 03:09:08 INFO     RANDOM_R2 Made a Pizza!!!
2026 03 03 03:09:08 INFO     -----------------------------------------------------------------------------------------------------
2026 03 03 03:09:08 INFO     -----------------------------------------------------------------------------------------------------
2026 03 03 03:09:08 INFO     Round:15
2026 03 03 03:09:08 INFO     -----------------------------------------------------------------------------------------------------
2026 03 03 03:09:08 INFO      -- Player 3 - RANDOM_R2
2026 03 03 03:09:08 INFO      --- Player Hand: [0, 0, 0, 0, 0, 0, 0, 0, 0, 0, 0, 0, 0, 0, 5, 9, 9]
2026 03 03 03:09:08 INFO      --- Board Before: [13, 0, 0, 0, 0, 0, 0, 0, 0, 0, 0]
2026 03 03 03:09:08 INFO      --- Action: C11;Q1;J0
2026 03 03 03:09:08 INFO      --- Board After: [11, 0, 0, 0, 0, 0, 0, 0, 0, 0, 0]
2026 03 03 03:09:08 INFO      -- Player 0 - _RL_RL
2026 03 03 03:09:08 INFO      --- Player Hand: [0, 0, 0, 0, 0, 0, 0, 0, 0, 0, 0, 0, 0, 8, 8, 9, 11]
2026 03 03 03:09:08 INFO      --- Board Before: [11, 0, 0, 0, 0, 0, 0, 0, 0, 0, 0]
2026 03 03 03:09:08 INFO      --- Action: C10;Q1;J0
2026 03 03 03:09:08 INFO      --- Board After: [10, 0, 0, 0, 0, 0, 0, 0, 0, 0, 0]
2026 03 03 03:09:08 INFO      -- Player 1 - RANDOM_R0
2026 03 03 03:09:08 INFO      --- Player Hand: [0, 0, 0, 0, 0, 0, 0, 0, 0, 0, 0, 0, 0, 0, 6, 7, 10]
2026 03 03 03:09:08 INFO      --- Board Before: [10, 0, 0, 0, 0, 0, 0, 0, 0, 0, 0]
2026 03 03 03:09:08 INFO      --- Action: pass
2026 03 03 03:09:08 INFO      --- Board After: [10, 0, 0, 0, 0, 0, 0, 0, 0, 0, 0]
2026 03 03 03:09:08 INFO      -- Player 2 - RANDOM_R1
2026 03 03 03:09:08 INFO      --- Player Hand: [0, 0, 0, 0, 0, 0, 0, 0, 0, 0, 0, 0, 8, 9, 10, 10, 10]
2026 03 03 03:09:08 INFO      --- Board Before: [10, 0, 0, 0, 0, 0, 0, 0, 0, 0, 0]
2026 03 03 03:09:08 INFO      --- Action: C9;Q2;J0
2026 03 03 03:09:08 INFO      --- Board After: [9, 9, 0, 0, 0, 0, 0, 0, 0, 0, 0]
2026 03 03 03:09:08 INFO      -- Player 3 - RANDOM_R2
2026 03 03 03:09:08 INFO      --- Player Hand: [0, 0, 0, 0, 0, 0, 0, 0, 0, 0, 0, 0, 0, 0, 5, 9, 9]
2026 03 03 03:09:08 INFO      --- Board Before: [9, 9, 0, 0, 0, 0, 0, 0, 0, 0, 0]
2026 03 03 03:09:08 INFO      --- Action: pass
2026 03 03 03:09:08 INFO      --- Board After: [9, 9, 0, 0, 0, 0, 0, 0, 0, 0, 0]
2026 03 03 03:09:08 INFO      -- Player 0 - _RL_RL
2026 03 03 03:09:08 INFO      --- Player Hand: [0, 0, 0, 0, 0, 0, 0, 0, 0, 0, 0, 0, 0, 8, 8, 9, 11]
2026 03 03 03:09:08 INFO      --- Board Before: [9, 9, 0, 0, 0, 0, 0, 0, 0, 0, 0]
2026 03 03 03:09:08 INFO      --- Action: pass
2026 03 03 03:09:08 INFO      --- Board After: [9, 9, 0, 0, 0, 0, 0, 0, 0, 0, 0]
2026 03 03 03:09:08 INFO     -----------------------------------------------------------------------------------------------------
2026 03 03 03:09:08 INFO     RANDOM_R1 Made a Pizza!!!
2026 03 03 03:09:08 INFO     -----------------------------------------------------------------------------------------------------
2026 03 03 03:09:08 INFO     -----------------------------------------------------------------------------------------------------
2026 03 03 03:09:08 INFO     Round:16
2026 03 03 03:09:08 INFO     -----------------------------------------------------------------------------------------------------
2026 03 03 03:09:08 INFO      -- Player 2 - RANDOM_R1
2026 03 03 03:09:08 INFO      --- Player Hand: [0, 0, 0, 0, 0, 0, 0, 0, 0, 0, 0, 0, 0, 0, 0, 8, 9]
2026 03 03 03:09:08 INFO      --- Board Before: [13, 0, 0, 0, 0, 0, 0, 0, 0, 0, 0]
2026 03 03 03:09:08 INFO      --- Action: C10;Q3;J0
2026 03 03 03:09:08 INFO      --- Board After: [10, 10, 10, 0, 0, 0, 0, 0, 0, 0, 0]
2026 03 03 03:09:08 INFO      -- Player 3 - RANDOM_R2
2026 03 03 03:09:08 INFO      --- Player Hand: [0, 0, 0, 0, 0, 0, 0, 0, 0, 0, 0, 0, 0, 0, 5, 9, 9]
2026 03 03 03:09:08 INFO      --- Board Before: [10, 10, 10, 0, 0, 0, 0, 0, 0, 0, 0]
2026 03 03 03:09:08 INFO      --- Action: pass
2026 03 03 03:09:08 INFO      --- Board After: [10, 10, 10, 0, 0, 0, 0, 0, 0, 0, 0]
2026 03 03 03:09:08 INFO      -- Player 0 - _RL_RL
2026 03 03 03:09:08 INFO      --- Player Hand: [0, 0, 0, 0, 0, 0, 0, 0, 0, 0, 0, 0, 0, 8, 8, 9, 11]
2026 03 03 03:09:08 INFO      --- Board Before: [10, 10, 10, 0, 0, 0, 0, 0, 0, 0, 0]
2026 03 03 03:09:08 INFO      --- Action: pass
2026 03 03 03:09:08 INFO      --- Board After: [10, 10, 10, 0, 0, 0, 0, 0, 0, 0, 0]
2026 03 03 03:09:08 INFO      -- Player 1 - RANDOM_R0
2026 03 03 03:09:08 INFO      --- Player Hand: [0, 0, 0, 0, 0, 0, 0, 0, 0, 0, 0, 0, 0, 0, 6, 7, 10]
2026 03 03 03:09:08 INFO      --- Board Before: [10, 10, 10, 0, 0, 0, 0, 0, 0, 0, 0]
2026 03 03 03:09:08 INFO      --- Action: pass
2026 03 03 03:09:08 INFO      --- Board After: [10, 10, 10, 0, 0, 0, 0, 0, 0, 0, 0]
2026 03 03 03:09:08 INFO     -----------------------------------------------------------------------------------------------------
2026 03 03 03:09:08 INFO     RANDOM_R1 Made a Pizza!!!
2026 03 03 03:09:08 INFO     -----------------------------------------------------------------------------------------------------
2026 03 03 03:09:08 INFO     -----------------------------------------------------------------------------------------------------
2026 03 03 03:09:08 INFO     Round:17
2026 03 03 03:09:08 INFO     -----------------------------------------------------------------------------------------------------
2026 03 03 03:09:08 INFO      -- Player 2 - RANDOM_R1
2026 03 03 03:09:08 INFO      --- Player Hand: [0, 0, 0, 0, 0, 0, 0, 0, 0, 0, 0, 0, 0, 0, 0, 0, 9]
2026 03 03 03:09:08 INFO      --- Board Before: [13, 0, 0, 0, 0, 0, 0, 0, 0, 0, 0]
2026 03 03 03:09:08 INFO      --- Action: C8;Q1;J0
2026 03 03 03:09:08 INFO      --- Board After: [8, 0, 0, 0, 0, 0, 0, 0, 0, 0, 0]
2026 03 03 03:09:08 INFO      -- Player 3 - RANDOM_R2
2026 03 03 03:09:08 INFO      --- Player Hand: [0, 0, 0, 0, 0, 0, 0, 0, 0, 0, 0, 0, 0, 0, 5, 9, 9]
2026 03 03 03:09:08 INFO      --- Board Before: [8, 0, 0, 0, 0, 0, 0, 0, 0, 0, 0]
2026 03 03 03:09:08 INFO      --- Action: pass
2026 03 03 03:09:08 INFO      --- Board After: [8, 0, 0, 0, 0, 0, 0, 0, 0, 0, 0]
2026 03 03 03:09:08 INFO      -- Player 0 - _RL_RL
2026 03 03 03:09:08 INFO      --- Player Hand: [0, 0, 0, 0, 0, 0, 0, 0, 0, 0, 0, 0, 0, 8, 8, 9, 11]
2026 03 03 03:09:08 INFO      --- Board Before: [8, 0, 0, 0, 0, 0, 0, 0, 0, 0, 0]
2026 03 03 03:09:08 INFO      --- Action: pass
2026 03 03 03:09:08 INFO      --- Board After: [8, 0, 0, 0, 0, 0, 0, 0, 0, 0, 0]
2026 03 03 03:09:08 INFO      -- Player 1 - RANDOM_R0
2026 03 03 03:09:08 INFO      --- Player Hand: [0, 0, 0, 0, 0, 0, 0, 0, 0, 0, 0, 0, 0, 0, 0, 6, 10]
2026 03 03 03:09:08 INFO      --- Board Before: [8, 0, 0, 0, 0, 0, 0, 0, 0, 0, 0]
2026 03 03 03:09:08 INFO      --- Action: C7;Q1;J0
2026 03 03 03:09:08 INFO      --- Board After: [7, 0, 0, 0, 0, 0, 0, 0, 0, 0, 0]
2026 03 03 03:09:08 INFO      -- Player 2 - RANDOM_R1
2026 03 03 03:09:08 INFO      --- Player Hand: [0, 0, 0, 0, 0, 0, 0, 0, 0, 0, 0, 0, 0, 0, 0, 0, 9]
2026 03 03 03:09:08 INFO      --- Board Before: [7, 0, 0, 0, 0, 0, 0, 0, 0, 0, 0]
2026 03 03 03:09:08 INFO      --- Action: pass
2026 03 03 03:09:08 INFO      --- Board After: [7, 0, 0, 0, 0, 0, 0, 0, 0, 0, 0]
2026 03 03 03:09:08 INFO     -----------------------------------------------------------------------------------------------------
2026 03 03 03:09:08 INFO     RANDOM_R0 Made a Pizza!!!
2026 03 03 03:09:08 INFO     -----------------------------------------------------------------------------------------------------
2026 03 03 03:09:08 INFO     -----------------------------------------------------------------------------------------------------
2026 03 03 03:09:08 INFO     Round:18
2026 03 03 03:09:08 INFO     -----------------------------------------------------------------------------------------------------
2026 03 03 03:09:08 INFO      -- Player 1 - RANDOM_R0
2026 03 03 03:09:08 INFO      --- Player Hand: [0, 0, 0, 0, 0, 0, 0, 0, 0, 0, 0, 0, 0, 0, 0, 0, 6]
2026 03 03 03:09:08 INFO      --- Board Before: [13, 0, 0, 0, 0, 0, 0, 0, 0, 0, 0]
2026 03 03 03:09:08 INFO      --- Action: C10;Q1;J0
2026 03 03 03:09:08 INFO      --- Board After: [10, 0, 0, 0, 0, 0, 0, 0, 0, 0, 0]
2026 03 03 03:09:08 INFO      -- Player 2 - RANDOM_R1
2026 03 03 03:09:08 INFO      --- Player Hand: [0, 0, 0, 0, 0, 0, 0, 0, 0, 0, 0, 0, 0, 0, 0, 0, 9]
2026 03 03 03:09:08 INFO      --- Board Before: [10, 0, 0, 0, 0, 0, 0, 0, 0, 0, 0]
2026 03 03 03:09:08 INFO      --- Action: pass
2026 03 03 03:09:08 INFO      --- Board After: [10, 0, 0, 0, 0, 0, 0, 0, 0, 0, 0]
2026 03 03 03:09:08 INFO      -- Player 3 - RANDOM_R2
2026 03 03 03:09:08 INFO      --- Player Hand: [0, 0, 0, 0, 0, 0, 0, 0, 0, 0, 0, 0, 0, 0, 0, 9, 9]
2026 03 03 03:09:08 INFO      --- Board Before: [10, 0, 0, 0, 0, 0, 0, 0, 0, 0, 0]
2026 03 03 03:09:08 INFO      --- Action: C5;Q1;J0
2026 03 03 03:09:08 INFO      --- Board After: [5, 0, 0, 0, 0, 0, 0, 0, 0, 0, 0]
2026 03 03 03:09:08 INFO      -- Player 0 - _RL_RL
2026 03 03 03:09:08 INFO      --- Player Hand: [0, 0, 0, 0, 0, 0, 0, 0, 0, 0, 0, 0, 0, 8, 8, 9, 11]
2026 03 03 03:09:08 INFO      --- Board Before: [5, 0, 0, 0, 0, 0, 0, 0, 0, 0, 0]
2026 03 03 03:09:08 INFO      --- Action: pass
2026 03 03 03:09:08 INFO      --- Board After: [5, 0, 0, 0, 0, 0, 0, 0, 0, 0, 0]
2026 03 03 03:09:08 INFO      -- Player 1 - RANDOM_R0
2026 03 03 03:09:08 INFO      --- Player Hand: [0, 0, 0, 0, 0, 0, 0, 0, 0, 0, 0, 0, 0, 0, 0, 0, 6]
2026 03 03 03:09:08 INFO      --- Board Before: [5, 0, 0, 0, 0, 0, 0, 0, 0, 0, 0]
2026 03 03 03:09:08 INFO      --- Action: pass
2026 03 03 03:09:08 INFO      --- Board After: [5, 0, 0, 0, 0, 0, 0, 0, 0, 0, 0]
2026 03 03 03:09:08 INFO     -----------------------------------------------------------------------------------------------------
2026 03 03 03:09:08 INFO     RANDOM_R2 Made a Pizza!!!
2026 03 03 03:09:08 INFO     -----------------------------------------------------------------------------------------------------
2026 03 03 03:09:08 INFO     -----------------------------------------------------------------------------------------------------
2026 03 03 03:09:08 INFO     Round:19
2026 03 03 03:09:08 INFO     -----------------------------------------------------------------------------------------------------
2026 03 03 03:09:08 INFO      -- Player 3 - RANDOM_R2
2026 03 03 03:09:08 INFO      --- Player Hand: [0. 0. 0. 0. 0. 0. 0. 0. 0. 0. 0. 0. 0. 0. 0. 0. 0.]
2026 03 03 03:09:08 INFO      --- Board Before: [13, 0, 0, 0, 0, 0, 0, 0, 0, 0, 0]
2026 03 03 03:09:08 INFO      --- Action: C9;Q2;J0
2026 03 03 03:09:08 INFO      --- Player Finished!
2026 03 03 03:09:08 INFO      --- Board After: [9, 9, 0, 0, 0, 0, 0, 0, 0, 0, 0]
2026 03 03 03:09:08 INFO      -- Player 0 - _RL_RL
2026 03 03 03:09:08 INFO      --- Player Hand: [0, 0, 0, 0, 0, 0, 0, 0, 0, 0, 0, 0, 0, 0, 0, 9, 11]
2026 03 03 03:09:08 INFO      --- Board Before: [9, 9, 0, 0, 0, 0, 0, 0, 0, 0, 0]
2026 03 03 03:09:08 INFO      --- Action: C8;Q2;J0
2026 03 03 03:09:08 INFO      --- Board After: [8, 8, 0, 0, 0, 0, 0, 0, 0, 0, 0]
2026 03 03 03:09:08 INFO      -- Player 1 - RANDOM_R0
2026 03 03 03:09:08 INFO      --- Player Hand: [0, 0, 0, 0, 0, 0, 0, 0, 0, 0, 0, 0, 0, 0, 0, 0, 6]
2026 03 03 03:09:08 INFO      --- Board Before: [8, 8, 0, 0, 0, 0, 0, 0, 0, 0, 0]
2026 03 03 03:09:08 INFO      --- Action: pass
2026 03 03 03:09:08 INFO      --- Board After: [8, 8, 0, 0, 0, 0, 0, 0, 0, 0, 0]
2026 03 03 03:09:08 INFO      -- Player 2 - RANDOM_R1
2026 03 03 03:09:08 INFO      --- Player Hand: [0, 0, 0, 0, 0, 0, 0, 0, 0, 0, 0, 0, 0, 0, 0, 0, 9]
2026 03 03 03:09:08 INFO      --- Board Before: [8, 8, 0, 0, 0, 0, 0, 0, 0, 0, 0]
2026 03 03 03:09:08 INFO      --- Action: pass
2026 03 03 03:09:08 INFO      --- Board After: [8, 8, 0, 0, 0, 0, 0, 0, 0, 0, 0]
2026 03 03 03:09:08 INFO     -----------------------------------------------------------------------------------------------------
2026 03 03 03:09:08 INFO     _RL_RL Made a Pizza!!!
2026 03 03 03:09:08 INFO     -----------------------------------------------------------------------------------------------------
2026 03 03 03:09:08 INFO     -----------------------------------------------------------------------------------------------------
2026 03 03 03:09:08 INFO     Round:20
2026 03 03 03:09:08 INFO     -----------------------------------------------------------------------------------------------------
2026 03 03 03:09:08 INFO      -- Player 0 - _RL_RL
2026 03 03 03:09:08 INFO      --- Player Hand: [0, 0, 0, 0, 0, 0, 0, 0, 0, 0, 0, 0, 0, 0, 0, 0, 9]
2026 03 03 03:09:08 INFO      --- Board Before: [13, 0, 0, 0, 0, 0, 0, 0, 0, 0, 0]
2026 03 03 03:09:08 INFO      --- Action: C11;Q1;J0
2026 03 03 03:09:08 INFO      --- Board After: [11, 0, 0, 0, 0, 0, 0, 0, 0, 0, 0]
2026 03 03 03:09:08 INFO      -- Player 1 - RANDOM_R0
2026 03 03 03:09:08 INFO      --- Player Hand: [0, 0, 0, 0, 0, 0, 0, 0, 0, 0, 0, 0, 0, 0, 0, 0, 6]
2026 03 03 03:09:08 INFO      --- Board Before: [11, 0, 0, 0, 0, 0, 0, 0, 0, 0, 0]
2026 03 03 03:09:08 INFO      --- Action: pass
2026 03 03 03:09:08 INFO      --- Board After: [11, 0, 0, 0, 0, 0, 0, 0, 0, 0, 0]
2026 03 03 03:09:09 INFO      -- Player 2 - RANDOM_R1
2026 03 03 03:09:09 INFO      --- Player Hand: [0. 0. 0. 0. 0. 0. 0. 0. 0. 0. 0. 0. 0. 0. 0. 0. 0.]
2026 03 03 03:09:09 INFO      --- Board Before: [11, 0, 0, 0, 0, 0, 0, 0, 0, 0, 0]
2026 03 03 03:09:09 INFO      --- Action: C9;Q1;J0
2026 03 03 03:09:09 INFO      --- Player Finished!
2026 03 03 03:09:09 INFO      --- Board After: [9, 0, 0, 0, 0, 0, 0, 0, 0, 0, 0]
2026 03 03 03:09:09 INFO     -----------------------------------------------------------------------------------------------------
2026 03 03 03:09:09 INFO     RANDOM_R1 Made a Pizza!!!
2026 03 03 03:09:09 INFO     -----------------------------------------------------------------------------------------------------
2026 03 03 03:09:09 INFO     -----------------------------------------------------------------------------------------------------
2026 03 03 03:09:09 INFO     Round:21
2026 03 03 03:09:09 INFO     -----------------------------------------------------------------------------------------------------
2026 03 03 03:09:09 INFO      -- Player 0 - _RL_RL
2026 03 03 03:09:09 INFO      --- Player Hand: [0. 0. 0. 0. 0. 0. 0. 0. 0. 0. 0. 0. 0. 0. 0. 0. 0.]
2026 03 03 03:09:09 INFO      --- Board Before: [13, 0, 0, 0, 0, 0, 0, 0, 0, 0, 0]
2026 03 03 03:09:09 INFO      --- Action: C9;Q1;J0
2026 03 03 03:09:09 INFO      --- Player Finished!
2026 03 03 03:09:09 INFO      --- Board After: [9, 0, 0, 0, 0, 0, 0, 0, 0, 0, 0]
2026 03 03 03:09:09 INFO     -----------------------------------------------------------------------------------------------------
2026 03 03 03:09:09 INFO     Match 1 over! Current Score:{'_RL_RL': 1, 'RANDOM_R0': 0, 'RANDOM_R1': 2, 'RANDOM_R2': 3}
2026 03 03 03:09:09 INFO     -----------------------------------------------------------------------------------------------------
2026 03 03 03:09:09 INFO     -----------------------------------------------------------------------------------------------------
2026 03 03 03:09:09 INFO     Game Over! Final Score:{'_RL_RL': 1, 'RANDOM_R0': 0, 'RANDOM_R1': 2, 'RANDOM_R2': 3} - Final Performance Score:{'_RL_RL': 0.47619047619047616, 'RANDOM_R0': 0.0, 'RANDOM_R1': 0.9523809523809523, 'RANDOM_R2': 1.4285714285714286}
2026 03 03 03:09:09 INFO     -----------------------------------------------------------------------------------------------------
