2026 03 03 03:08:09 INFO     -----------------------------------------------------------------------------------------------------
2026 03 03 03:08:09 INFO     Experiment: 03-0809_train_room_10016
2026 03 03 03:08:09 INFO     -----------------------------------------------------------------------------------------------------
2026 03 03 03:08:09 INFO     Base Directory: temp\03-0809_train_room_10016
2026 03 03 03:08:09 INFO     -----------------------------------------------------------------------------------------------------
2026 03 03 03:08:09 INFO     Starting new Episode:1
2026 03 03 03:08:09 INFO     -----------------------------------------------------------------------------------------------------
2026 03 03 03:08:09 INFO     Players :['_RL_RL', 'RANDOM_R0', 'RANDOM_R1', 'RANDOM_R2']
2026 03 03 03:08:09 INFO     Stop Criteria :1 MATCHES
2026 03 03 03:08:09 INFO     Max Rounds :999999
2026 03 03 03:08:09 INFO     -----------------------------------------------------------------------------------------------------
2026 03 03 03:08:09 INFO     Match Number 1.000000 Starts!
2026 03 03 03:08:09 INFO     -----------------------------------------------------------------------------------------------------
2026 03 03 03:08:09 INFO     Deck: [9, 2, 9, 11, 6, 7, 9, 10, 8, 4, 5, 10, 9, 11, 9, 10, 11, 11, 10, 7, 6, 8, 9, 10, 9, 7, 5, 3, 11, 2, 8, 11, 6, 5, 4, 12, 6, 10, 9, 10, 8, 8, 5, 11, 7, 10, 11, 6, 11, 8, 11, 3, 6, 12, 7, 4, 9, 3, 5, 4, 7, 7, 10, 8, 10, 11, 8, 1]
2026 03 03 03:08:09 INFO     Player _RL_RL hand: [2, 4, 5, 6, 7, 8, 9, 9, 9, 9, 9, 10, 10, 10, 11, 11, 11]
2026 03 03 03:08:09 INFO     Player RANDOM_R0 hand: [2, 3, 5, 5, 6, 6, 7, 7, 8, 8, 9, 9, 10, 10, 11, 11, 11]
2026 03 03 03:08:09 INFO     Player RANDOM_R1 hand: [4, 5, 6, 6, 7, 8, 8, 8, 9, 10, 10, 10, 11, 11, 11, 11, 12]
2026 03 03 03:08:09 INFO     Player RANDOM_R2 hand: [1, 3, 3, 4, 4, 5, 6, 7, 7, 7, 8, 8, 9, 10, 10, 11, 12]
2026 03 03 03:08:09 INFO     -----------------------------------------------------------------------------------------------------
2026 03 03 03:08:09 INFO     Round:1
2026 03 03 03:08:09 INFO     -----------------------------------------------------------------------------------------------------
2026 03 03 03:08:09 INFO      -- Player 2 - RANDOM_R1
2026 03 03 03:08:09 INFO      --- Player Hand: [0, 0, 4, 5, 6, 6, 7, 8, 8, 8, 9, 10, 10, 10, 11, 11, 11]
2026 03 03 03:08:09 INFO      --- Board Before: [13, 0, 0, 0, 0, 0, 0, 0, 0, 0, 0]
2026 03 03 03:08:09 INFO      --- Action: C11;Q1;J1
2026 03 03 03:08:09 INFO      --- Board After: [11, 12, 0, 0, 0, 0, 0, 0, 0, 0, 0]
2026 03 03 03:08:09 INFO      -- Player 3 - RANDOM_R2
2026 03 03 03:08:09 INFO      --- Player Hand: [0, 0, 1, 3, 3, 4, 4, 5, 6, 7, 7, 7, 9, 10, 10, 11, 12]
2026 03 03 03:08:09 INFO      --- Board Before: [11, 12, 0, 0, 0, 0, 0, 0, 0, 0, 0]
2026 03 03 03:08:09 INFO      --- Action: C8;Q2;J0
2026 03 03 03:08:09 INFO      --- Board After: [8, 8, 0, 0, 0, 0, 0, 0, 0, 0, 0]
2026 03 03 03:08:09 INFO      -- Player 0 - _RL_RL
2026 03 03 03:08:09 INFO      --- Player Hand: [2, 4, 5, 6, 7, 8, 9, 9, 9, 9, 9, 10, 10, 10, 11, 11, 11]
2026 03 03 03:08:09 INFO      --- Board Before: [8, 8, 0, 0, 0, 0, 0, 0, 0, 0, 0]
2026 03 03 03:08:09 INFO      --- Action: pass
2026 03 03 03:08:09 INFO      --- Board After: [8, 8, 0, 0, 0, 0, 0, 0, 0, 0, 0]
2026 03 03 03:08:09 INFO      -- Player 1 - RANDOM_R0
2026 03 03 03:08:09 INFO      --- Player Hand: [0, 0, 2, 3, 6, 6, 7, 7, 8, 8, 9, 9, 10, 10, 11, 11, 11]
2026 03 03 03:08:09 INFO      --- Board Before: [8, 8, 0, 0, 0, 0, 0, 0, 0, 0, 0]
2026 03 03 03:08:09 INFO      --- Action: C5;Q2;J0
2026 03 03 03:08:09 INFO      --- Board After: [5, 5, 0, 0, 0, 0, 0, 0, 0, 0, 0]
2026 03 03 03:08:09 INFO      -- Player 2 - RANDOM_R1
2026 03 03 03:08:09 INFO      --- Player Hand: [0, 0, 4, 5, 6, 6, 7, 8, 8, 8, 9, 10, 10, 10, 11, 11, 11]
2026 03 03 03:08:09 INFO      --- Board Before: [5, 5, 0, 0, 0, 0, 0, 0, 0, 0, 0]
2026 03 03 03:08:09 INFO      --- Action: pass
2026 03 03 03:08:09 INFO      --- Board After: [5, 5, 0, 0, 0, 0, 0, 0, 0, 0, 0]
2026 03 03 03:08:09 INFO      -- Player 3 - RANDOM_R2
2026 03 03 03:08:09 INFO      --- Player Hand: [0, 0, 0, 0, 0, 1, 3, 3, 5, 6, 7, 7, 7, 9, 10, 10, 11]
2026 03 03 03:08:09 INFO      --- Board Before: [5, 5, 0, 0, 0, 0, 0, 0, 0, 0, 0]
2026 03 03 03:08:09 INFO      --- Action: C4;Q2;J1
2026 03 03 03:08:09 INFO      --- Board After: [4, 4, 12, 0, 0, 0, 0, 0, 0, 0, 0]
2026 03 03 03:08:09 INFO      -- Player 1 - RANDOM_R0
2026 03 03 03:08:09 INFO      --- Player Hand: [0, 0, 2, 3, 6, 6, 7, 7, 8, 8, 9, 9, 10, 10, 11, 11, 11]
2026 03 03 03:08:09 INFO      --- Board Before: [4, 4, 12, 0, 0, 0, 0, 0, 0, 0, 0]
2026 03 03 03:08:09 INFO      --- Action: pass
2026 03 03 03:08:09 INFO      --- Board After: [4, 4, 12, 0, 0, 0, 0, 0, 0, 0, 0]
2026 03 03 03:08:09 INFO     -----------------------------------------------------------------------------------------------------
2026 03 03 03:08:09 INFO     RANDOM_R2 Made a Pizza!!!
2026 03 03 03:08:09 INFO     -----------------------------------------------------------------------------------------------------
2026 03 03 03:08:09 INFO     -----------------------------------------------------------------------------------------------------
2026 03 03 03:08:09 INFO     Round:2
2026 03 03 03:08:09 INFO     -----------------------------------------------------------------------------------------------------
2026 03 03 03:08:09 INFO      -- Player 3 - RANDOM_R2
2026 03 03 03:08:09 INFO      --- Player Hand: [0, 0, 0, 0, 0, 0, 1, 3, 3, 5, 6, 7, 7, 9, 10, 10, 11]
2026 03 03 03:08:09 INFO      --- Board Before: [13, 0, 0, 0, 0, 0, 0, 0, 0, 0, 0]
2026 03 03 03:08:09 INFO      --- Action: C7;Q1;J0
2026 03 03 03:08:09 INFO      --- Board After: [7, 0, 0, 0, 0, 0, 0, 0, 0, 0, 0]
2026 03 03 03:08:09 INFO      -- Player 0 - _RL_RL
2026 03 03 03:08:09 INFO      --- Player Hand: [0, 2, 4, 6, 7, 8, 9, 9, 9, 9, 9, 10, 10, 10, 11, 11, 11]
2026 03 03 03:08:09 INFO      --- Board Before: [7, 0, 0, 0, 0, 0, 0, 0, 0, 0, 0]
2026 03 03 03:08:09 INFO      --- Action: C5;Q1;J0
2026 03 03 03:08:09 INFO      --- Board After: [5, 0, 0, 0, 0, 0, 0, 0, 0, 0, 0]
2026 03 03 03:08:09 INFO      -- Player 1 - RANDOM_R0
2026 03 03 03:08:09 INFO      --- Player Hand: [0, 0, 0, 2, 6, 6, 7, 7, 8, 8, 9, 9, 10, 10, 11, 11, 11]
2026 03 03 03:08:09 INFO      --- Board Before: [5, 0, 0, 0, 0, 0, 0, 0, 0, 0, 0]
2026 03 03 03:08:09 INFO      --- Action: C3;Q1;J0
2026 03 03 03:08:09 INFO      --- Board After: [3, 0, 0, 0, 0, 0, 0, 0, 0, 0, 0]
2026 03 03 03:08:09 INFO      -- Player 2 - RANDOM_R1
2026 03 03 03:08:09 INFO      --- Player Hand: [0, 0, 4, 5, 6, 6, 7, 8, 8, 8, 9, 10, 10, 10, 11, 11, 11]
2026 03 03 03:08:09 INFO      --- Board Before: [3, 0, 0, 0, 0, 0, 0, 0, 0, 0, 0]
2026 03 03 03:08:09 INFO      --- Action: pass
2026 03 03 03:08:09 INFO      --- Board After: [3, 0, 0, 0, 0, 0, 0, 0, 0, 0, 0]
2026 03 03 03:08:09 INFO      -- Player 3 - RANDOM_R2
2026 03 03 03:08:09 INFO      --- Player Hand: [0, 0, 0, 0, 0, 0, 0, 3, 3, 5, 6, 7, 7, 9, 10, 10, 11]
2026 03 03 03:08:09 INFO      --- Board Before: [3, 0, 0, 0, 0, 0, 0, 0, 0, 0, 0]
2026 03 03 03:08:09 INFO      --- Action: C1;Q1;J0
2026 03 03 03:08:09 INFO      --- Board After: [1, 0, 0, 0, 0, 0, 0, 0, 0, 0, 0]
2026 03 03 03:08:09 INFO      -- Player 0 - _RL_RL
2026 03 03 03:08:09 INFO      --- Player Hand: [0, 2, 4, 6, 7, 8, 9, 9, 9, 9, 9, 10, 10, 10, 11, 11, 11]
2026 03 03 03:08:09 INFO      --- Board Before: [1, 0, 0, 0, 0, 0, 0, 0, 0, 0, 0]
2026 03 03 03:08:09 INFO      --- Action: pass
2026 03 03 03:08:09 INFO      --- Board After: [1, 0, 0, 0, 0, 0, 0, 0, 0, 0, 0]
2026 03 03 03:08:09 INFO      -- Player 1 - RANDOM_R0
2026 03 03 03:08:09 INFO      --- Player Hand: [0, 0, 0, 2, 6, 6, 7, 7, 8, 8, 9, 9, 10, 10, 11, 11, 11]
2026 03 03 03:08:09 INFO      --- Board Before: [1, 0, 0, 0, 0, 0, 0, 0, 0, 0, 0]
2026 03 03 03:08:09 INFO      --- Action: pass
2026 03 03 03:08:09 INFO      --- Board After: [1, 0, 0, 0, 0, 0, 0, 0, 0, 0, 0]
2026 03 03 03:08:09 INFO     -----------------------------------------------------------------------------------------------------
2026 03 03 03:08:09 INFO     RANDOM_R2 Made a Pizza!!!
2026 03 03 03:08:09 INFO     -----------------------------------------------------------------------------------------------------
2026 03 03 03:08:09 INFO     -----------------------------------------------------------------------------------------------------
2026 03 03 03:08:09 INFO     Round:3
2026 03 03 03:08:09 INFO     -----------------------------------------------------------------------------------------------------
2026 03 03 03:08:09 INFO      -- Player 3 - RANDOM_R2
2026 03 03 03:08:09 INFO      --- Player Hand: [0, 0, 0, 0, 0, 0, 0, 0, 0, 3, 3, 5, 6, 9, 10, 10, 11]
2026 03 03 03:08:09 INFO      --- Board Before: [13, 0, 0, 0, 0, 0, 0, 0, 0, 0, 0]
2026 03 03 03:08:09 INFO      --- Action: C7;Q2;J0
2026 03 03 03:08:09 INFO      --- Board After: [7, 7, 0, 0, 0, 0, 0, 0, 0, 0, 0]
2026 03 03 03:08:09 INFO      -- Player 0 - _RL_RL
2026 03 03 03:08:09 INFO      --- Player Hand: [0, 2, 4, 6, 7, 8, 9, 9, 9, 9, 9, 10, 10, 10, 11, 11, 11]
2026 03 03 03:08:09 INFO      --- Board Before: [7, 7, 0, 0, 0, 0, 0, 0, 0, 0, 0]
2026 03 03 03:08:09 INFO      --- Action: pass
2026 03 03 03:08:09 INFO      --- Board After: [7, 7, 0, 0, 0, 0, 0, 0, 0, 0, 0]
2026 03 03 03:08:10 INFO      -- Player 1 - RANDOM_R0
2026 03 03 03:08:10 INFO      --- Player Hand: [0, 0, 0, 2, 6, 6, 7, 7, 8, 8, 9, 9, 10, 10, 11, 11, 11]
2026 03 03 03:08:10 INFO      --- Board Before: [7, 7, 0, 0, 0, 0, 0, 0, 0, 0, 0]
2026 03 03 03:08:10 INFO      --- Action: pass
2026 03 03 03:08:10 INFO      --- Board After: [7, 7, 0, 0, 0, 0, 0, 0, 0, 0, 0]
2026 03 03 03:08:10 INFO      -- Player 2 - RANDOM_R1
2026 03 03 03:08:10 INFO      --- Player Hand: [0, 0, 4, 5, 6, 6, 7, 8, 8, 8, 9, 10, 10, 10, 11, 11, 11]
2026 03 03 03:08:10 INFO      --- Board Before: [7, 7, 0, 0, 0, 0, 0, 0, 0, 0, 0]
2026 03 03 03:08:10 INFO      --- Action: pass
2026 03 03 03:08:10 INFO      --- Board After: [7, 7, 0, 0, 0, 0, 0, 0, 0, 0, 0]
2026 03 03 03:08:10 INFO     -----------------------------------------------------------------------------------------------------
2026 03 03 03:08:10 INFO     RANDOM_R2 Made a Pizza!!!
2026 03 03 03:08:10 INFO     -----------------------------------------------------------------------------------------------------
2026 03 03 03:08:10 INFO     -----------------------------------------------------------------------------------------------------
2026 03 03 03:08:10 INFO     Round:4
2026 03 03 03:08:10 INFO     -----------------------------------------------------------------------------------------------------
2026 03 03 03:08:10 INFO      -- Player 3 - RANDOM_R2
2026 03 03 03:08:10 INFO      --- Player Hand: [0, 0, 0, 0, 0, 0, 0, 0, 0, 0, 0, 5, 6, 9, 10, 10, 11]
2026 03 03 03:08:10 INFO      --- Board Before: [13, 0, 0, 0, 0, 0, 0, 0, 0, 0, 0]
2026 03 03 03:08:10 INFO      --- Action: C3;Q2;J0
2026 03 03 03:08:10 INFO      --- Board After: [3, 3, 0, 0, 0, 0, 0, 0, 0, 0, 0]
2026 03 03 03:08:10 INFO      -- Player 0 - _RL_RL
2026 03 03 03:08:10 INFO      --- Player Hand: [0, 2, 4, 6, 7, 8, 9, 9, 9, 9, 9, 10, 10, 10, 11, 11, 11]
2026 03 03 03:08:10 INFO      --- Board Before: [3, 3, 0, 0, 0, 0, 0, 0, 0, 0, 0]
2026 03 03 03:08:10 INFO      --- Action: pass
2026 03 03 03:08:10 INFO      --- Board After: [3, 3, 0, 0, 0, 0, 0, 0, 0, 0, 0]
2026 03 03 03:08:10 INFO      -- Player 1 - RANDOM_R0
2026 03 03 03:08:10 INFO      --- Player Hand: [0, 0, 0, 2, 6, 6, 7, 7, 8, 8, 9, 9, 10, 10, 11, 11, 11]
2026 03 03 03:08:10 INFO      --- Board Before: [3, 3, 0, 0, 0, 0, 0, 0, 0, 0, 0]
2026 03 03 03:08:10 INFO      --- Action: pass
2026 03 03 03:08:10 INFO      --- Board After: [3, 3, 0, 0, 0, 0, 0, 0, 0, 0, 0]
2026 03 03 03:08:10 INFO      -- Player 2 - RANDOM_R1
2026 03 03 03:08:10 INFO      --- Player Hand: [0, 0, 4, 5, 6, 6, 7, 8, 8, 8, 9, 10, 10, 10, 11, 11, 11]
2026 03 03 03:08:10 INFO      --- Board Before: [3, 3, 0, 0, 0, 0, 0, 0, 0, 0, 0]
2026 03 03 03:08:10 INFO      --- Action: pass
2026 03 03 03:08:10 INFO      --- Board After: [3, 3, 0, 0, 0, 0, 0, 0, 0, 0, 0]
2026 03 03 03:08:10 INFO     -----------------------------------------------------------------------------------------------------
2026 03 03 03:08:10 INFO     RANDOM_R2 Made a Pizza!!!
2026 03 03 03:08:10 INFO     -----------------------------------------------------------------------------------------------------
2026 03 03 03:08:10 INFO     -----------------------------------------------------------------------------------------------------
2026 03 03 03:08:10 INFO     Round:5
2026 03 03 03:08:10 INFO     -----------------------------------------------------------------------------------------------------
2026 03 03 03:08:10 INFO      -- Player 3 - RANDOM_R2
2026 03 03 03:08:10 INFO      --- Player Hand: [0, 0, 0, 0, 0, 0, 0, 0, 0, 0, 0, 5, 6, 9, 10, 10, 11]
2026 03 03 03:08:10 INFO      --- Board Before: [13, 0, 0, 0, 0, 0, 0, 0, 0, 0, 0]
2026 03 03 03:08:10 INFO      --- Action: pass
2026 03 03 03:08:10 INFO      --- Board After: [13, 0, 0, 0, 0, 0, 0, 0, 0, 0, 0]
2026 03 03 03:08:10 INFO      -- Player 0 - _RL_RL
2026 03 03 03:08:10 INFO      --- Player Hand: [0, 0, 0, 0, 0, 0, 2, 4, 6, 7, 8, 10, 10, 10, 11, 11, 11]
2026 03 03 03:08:10 INFO      --- Board Before: [13, 0, 0, 0, 0, 0, 0, 0, 0, 0, 0]
2026 03 03 03:08:10 INFO      --- Action: C9;Q5;J0
2026 03 03 03:08:10 INFO      --- Board After: [9, 9, 9, 9, 9, 0, 0, 0, 0, 0, 0]
2026 03 03 03:08:10 INFO      -- Player 1 - RANDOM_R0
2026 03 03 03:08:10 INFO      --- Player Hand: [0, 0, 0, 2, 6, 6, 7, 7, 8, 8, 9, 9, 10, 10, 11, 11, 11]
2026 03 03 03:08:10 INFO      --- Board Before: [9, 9, 9, 9, 9, 0, 0, 0, 0, 0, 0]
2026 03 03 03:08:10 INFO      --- Action: pass
2026 03 03 03:08:10 INFO      --- Board After: [9, 9, 9, 9, 9, 0, 0, 0, 0, 0, 0]
2026 03 03 03:08:10 INFO      -- Player 2 - RANDOM_R1
2026 03 03 03:08:10 INFO      --- Player Hand: [0, 0, 4, 5, 6, 6, 7, 8, 8, 8, 9, 10, 10, 10, 11, 11, 11]
2026 03 03 03:08:10 INFO      --- Board Before: [9, 9, 9, 9, 9, 0, 0, 0, 0, 0, 0]
2026 03 03 03:08:10 INFO      --- Action: pass
2026 03 03 03:08:10 INFO      --- Board After: [9, 9, 9, 9, 9, 0, 0, 0, 0, 0, 0]
2026 03 03 03:08:10 INFO     -----------------------------------------------------------------------------------------------------
2026 03 03 03:08:10 INFO     _RL_RL Made a Pizza!!!
2026 03 03 03:08:10 INFO     -----------------------------------------------------------------------------------------------------
2026 03 03 03:08:10 INFO     -----------------------------------------------------------------------------------------------------
2026 03 03 03:08:10 INFO     Round:6
2026 03 03 03:08:10 INFO     -----------------------------------------------------------------------------------------------------
2026 03 03 03:08:10 INFO      -- Player 0 - _RL_RL
2026 03 03 03:08:10 INFO      --- Player Hand: [0, 0, 0, 0, 0, 0, 0, 2, 4, 6, 7, 10, 10, 10, 11, 11, 11]
2026 03 03 03:08:10 INFO      --- Board Before: [13, 0, 0, 0, 0, 0, 0, 0, 0, 0, 0]
2026 03 03 03:08:10 INFO      --- Action: C8;Q1;J0
2026 03 03 03:08:10 INFO      --- Board After: [8, 0, 0, 0, 0, 0, 0, 0, 0, 0, 0]
2026 03 03 03:08:10 INFO      -- Player 1 - RANDOM_R0
2026 03 03 03:08:10 INFO      --- Player Hand: [0, 0, 0, 0, 0, 2, 7, 7, 8, 8, 9, 9, 10, 10, 11, 11, 11]
2026 03 03 03:08:10 INFO      --- Board Before: [8, 0, 0, 0, 0, 0, 0, 0, 0, 0, 0]
2026 03 03 03:08:10 INFO      --- Action: C6;Q2;J0
2026 03 03 03:08:10 INFO      --- Board After: [6, 6, 0, 0, 0, 0, 0, 0, 0, 0, 0]
2026 03 03 03:08:10 INFO      -- Player 2 - RANDOM_R1
2026 03 03 03:08:10 INFO      --- Player Hand: [0, 0, 4, 5, 6, 6, 7, 8, 8, 8, 9, 10, 10, 10, 11, 11, 11]
2026 03 03 03:08:10 INFO      --- Board Before: [6, 6, 0, 0, 0, 0, 0, 0, 0, 0, 0]
2026 03 03 03:08:10 INFO      --- Action: pass
2026 03 03 03:08:10 INFO      --- Board After: [6, 6, 0, 0, 0, 0, 0, 0, 0, 0, 0]
2026 03 03 03:08:10 INFO      -- Player 3 - RANDOM_R2
2026 03 03 03:08:10 INFO      --- Player Hand: [0, 0, 0, 0, 0, 0, 0, 0, 0, 0, 0, 5, 6, 9, 10, 10, 11]
2026 03 03 03:08:10 INFO      --- Board Before: [6, 6, 0, 0, 0, 0, 0, 0, 0, 0, 0]
2026 03 03 03:08:10 INFO      --- Action: pass
2026 03 03 03:08:10 INFO      --- Board After: [6, 6, 0, 0, 0, 0, 0, 0, 0, 0, 0]
2026 03 03 03:08:10 INFO      -- Player 0 - _RL_RL
2026 03 03 03:08:10 INFO      --- Player Hand: [0, 0, 0, 0, 0, 0, 0, 2, 4, 6, 7, 10, 10, 10, 11, 11, 11]
2026 03 03 03:08:10 INFO      --- Board Before: [6, 6, 0, 0, 0, 0, 0, 0, 0, 0, 0]
2026 03 03 03:08:10 INFO      --- Action: pass
2026 03 03 03:08:10 INFO      --- Board After: [6, 6, 0, 0, 0, 0, 0, 0, 0, 0, 0]
2026 03 03 03:08:10 INFO     -----------------------------------------------------------------------------------------------------
2026 03 03 03:08:10 INFO     RANDOM_R0 Made a Pizza!!!
2026 03 03 03:08:10 INFO     -----------------------------------------------------------------------------------------------------
2026 03 03 03:08:10 INFO     -----------------------------------------------------------------------------------------------------
2026 03 03 03:08:10 INFO     Round:7
2026 03 03 03:08:10 INFO     -----------------------------------------------------------------------------------------------------
2026 03 03 03:08:10 INFO      -- Player 1 - RANDOM_R0
2026 03 03 03:08:10 INFO      --- Player Hand: [0, 0, 0, 0, 0, 0, 2, 7, 7, 8, 8, 9, 9, 10, 10, 11, 11]
2026 03 03 03:08:10 INFO      --- Board Before: [13, 0, 0, 0, 0, 0, 0, 0, 0, 0, 0]
2026 03 03 03:08:10 INFO      --- Action: C11;Q1;J0
2026 03 03 03:08:10 INFO      --- Board After: [11, 0, 0, 0, 0, 0, 0, 0, 0, 0, 0]
2026 03 03 03:08:10 INFO      -- Player 2 - RANDOM_R1
2026 03 03 03:08:10 INFO      --- Player Hand: [0, 0, 0, 4, 5, 6, 6, 7, 8, 8, 8, 9, 10, 10, 11, 11, 11]
2026 03 03 03:08:10 INFO      --- Board Before: [11, 0, 0, 0, 0, 0, 0, 0, 0, 0, 0]
2026 03 03 03:08:10 INFO      --- Action: C10;Q1;J0
2026 03 03 03:08:10 INFO      --- Board After: [10, 0, 0, 0, 0, 0, 0, 0, 0, 0, 0]
2026 03 03 03:08:10 INFO      -- Player 3 - RANDOM_R2
2026 03 03 03:08:10 INFO      --- Player Hand: [0, 0, 0, 0, 0, 0, 0, 0, 0, 0, 0, 5, 6, 9, 10, 10, 11]
2026 03 03 03:08:10 INFO      --- Board Before: [10, 0, 0, 0, 0, 0, 0, 0, 0, 0, 0]
2026 03 03 03:08:10 INFO      --- Action: pass
2026 03 03 03:08:10 INFO      --- Board After: [10, 0, 0, 0, 0, 0, 0, 0, 0, 0, 0]
2026 03 03 03:08:10 INFO      -- Player 0 - _RL_RL
2026 03 03 03:08:10 INFO      --- Player Hand: [0, 0, 0, 0, 0, 0, 0, 0, 2, 6, 7, 10, 10, 10, 11, 11, 11]
2026 03 03 03:08:10 INFO      --- Board Before: [10, 0, 0, 0, 0, 0, 0, 0, 0, 0, 0]
2026 03 03 03:08:10 INFO      --- Action: C4;Q1;J0
2026 03 03 03:08:10 INFO      --- Board After: [4, 0, 0, 0, 0, 0, 0, 0, 0, 0, 0]
2026 03 03 03:08:10 INFO      -- Player 1 - RANDOM_R0
2026 03 03 03:08:10 INFO      --- Player Hand: [0, 0, 0, 0, 0, 0, 2, 7, 7, 8, 8, 9, 9, 10, 10, 11, 11]
2026 03 03 03:08:10 INFO      --- Board Before: [4, 0, 0, 0, 0, 0, 0, 0, 0, 0, 0]
2026 03 03 03:08:10 INFO      --- Action: pass
2026 03 03 03:08:10 INFO      --- Board After: [4, 0, 0, 0, 0, 0, 0, 0, 0, 0, 0]
2026 03 03 03:08:10 INFO      -- Player 2 - RANDOM_R1
2026 03 03 03:08:10 INFO      --- Player Hand: [0, 0, 0, 4, 5, 6, 6, 7, 8, 8, 8, 9, 10, 10, 11, 11, 11]
2026 03 03 03:08:10 INFO      --- Board Before: [4, 0, 0, 0, 0, 0, 0, 0, 0, 0, 0]
2026 03 03 03:08:10 INFO      --- Action: pass
2026 03 03 03:08:10 INFO      --- Board After: [4, 0, 0, 0, 0, 0, 0, 0, 0, 0, 0]
2026 03 03 03:08:10 INFO     -----------------------------------------------------------------------------------------------------
2026 03 03 03:08:10 INFO     _RL_RL Made a Pizza!!!
2026 03 03 03:08:10 INFO     -----------------------------------------------------------------------------------------------------
2026 03 03 03:08:10 INFO     -----------------------------------------------------------------------------------------------------
2026 03 03 03:08:10 INFO     Round:8
2026 03 03 03:08:10 INFO     -----------------------------------------------------------------------------------------------------
2026 03 03 03:08:10 INFO      -- Player 0 - _RL_RL
2026 03 03 03:08:10 INFO      --- Player Hand: [0, 0, 0, 0, 0, 0, 0, 0, 0, 0, 0, 2, 6, 7, 10, 10, 10]
2026 03 03 03:08:10 INFO      --- Board Before: [13, 0, 0, 0, 0, 0, 0, 0, 0, 0, 0]
2026 03 03 03:08:10 INFO      --- Action: C11;Q3;J0
2026 03 03 03:08:10 INFO      --- Board After: [11, 11, 11, 0, 0, 0, 0, 0, 0, 0, 0]
2026 03 03 03:08:10 INFO      -- Player 1 - RANDOM_R0
2026 03 03 03:08:10 INFO      --- Player Hand: [0, 0, 0, 0, 0, 0, 2, 7, 7, 8, 8, 9, 9, 10, 10, 11, 11]
2026 03 03 03:08:10 INFO      --- Board Before: [11, 11, 11, 0, 0, 0, 0, 0, 0, 0, 0]
2026 03 03 03:08:10 INFO      --- Action: pass
2026 03 03 03:08:10 INFO      --- Board After: [11, 11, 11, 0, 0, 0, 0, 0, 0, 0, 0]
2026 03 03 03:08:10 INFO      -- Player 2 - RANDOM_R1
2026 03 03 03:08:10 INFO      --- Player Hand: [0, 0, 0, 4, 5, 6, 6, 7, 8, 8, 8, 9, 10, 10, 11, 11, 11]
2026 03 03 03:08:10 INFO      --- Board Before: [11, 11, 11, 0, 0, 0, 0, 0, 0, 0, 0]
2026 03 03 03:08:10 INFO      --- Action: pass
2026 03 03 03:08:10 INFO      --- Board After: [11, 11, 11, 0, 0, 0, 0, 0, 0, 0, 0]
2026 03 03 03:08:10 INFO      -- Player 3 - RANDOM_R2
2026 03 03 03:08:10 INFO      --- Player Hand: [0, 0, 0, 0, 0, 0, 0, 0, 0, 0, 0, 5, 6, 9, 10, 10, 11]
2026 03 03 03:08:10 INFO      --- Board Before: [11, 11, 11, 0, 0, 0, 0, 0, 0, 0, 0]
2026 03 03 03:08:10 INFO      --- Action: pass
2026 03 03 03:08:10 INFO      --- Board After: [11, 11, 11, 0, 0, 0, 0, 0, 0, 0, 0]
2026 03 03 03:08:10 INFO     -----------------------------------------------------------------------------------------------------
2026 03 03 03:08:10 INFO     _RL_RL Made a Pizza!!!
2026 03 03 03:08:10 INFO     -----------------------------------------------------------------------------------------------------
2026 03 03 03:08:10 INFO     -----------------------------------------------------------------------------------------------------
2026 03 03 03:08:10 INFO     Round:9
2026 03 03 03:08:10 INFO     -----------------------------------------------------------------------------------------------------
2026 03 03 03:08:10 INFO      -- Player 0 - _RL_RL
2026 03 03 03:08:10 INFO      --- Player Hand: [0, 0, 0, 0, 0, 0, 0, 0, 0, 0, 0, 0, 2, 6, 10, 10, 10]
2026 03 03 03:08:10 INFO      --- Board Before: [13, 0, 0, 0, 0, 0, 0, 0, 0, 0, 0]
2026 03 03 03:08:10 INFO      --- Action: C7;Q1;J0
2026 03 03 03:08:10 INFO      --- Board After: [7, 0, 0, 0, 0, 0, 0, 0, 0, 0, 0]
2026 03 03 03:08:10 INFO      -- Player 1 - RANDOM_R0
2026 03 03 03:08:10 INFO      --- Player Hand: [0, 0, 0, 0, 0, 0, 0, 7, 7, 8, 8, 9, 9, 10, 10, 11, 11]
2026 03 03 03:08:10 INFO      --- Board Before: [7, 0, 0, 0, 0, 0, 0, 0, 0, 0, 0]
2026 03 03 03:08:10 INFO      --- Action: C2;Q1;J0
2026 03 03 03:08:10 INFO      --- Board After: [2, 0, 0, 0, 0, 0, 0, 0, 0, 0, 0]
2026 03 03 03:08:10 INFO      -- Player 2 - RANDOM_R1
2026 03 03 03:08:10 INFO      --- Player Hand: [0, 0, 0, 4, 5, 6, 6, 7, 8, 8, 8, 9, 10, 10, 11, 11, 11]
2026 03 03 03:08:10 INFO      --- Board Before: [2, 0, 0, 0, 0, 0, 0, 0, 0, 0, 0]
2026 03 03 03:08:10 INFO      --- Action: pass
2026 03 03 03:08:10 INFO      --- Board After: [2, 0, 0, 0, 0, 0, 0, 0, 0, 0, 0]
2026 03 03 03:08:10 INFO      -- Player 3 - RANDOM_R2
2026 03 03 03:08:10 INFO      --- Player Hand: [0, 0, 0, 0, 0, 0, 0, 0, 0, 0, 0, 5, 6, 9, 10, 10, 11]
2026 03 03 03:08:10 INFO      --- Board Before: [2, 0, 0, 0, 0, 0, 0, 0, 0, 0, 0]
2026 03 03 03:08:10 INFO      --- Action: pass
2026 03 03 03:08:10 INFO      --- Board After: [2, 0, 0, 0, 0, 0, 0, 0, 0, 0, 0]
2026 03 03 03:08:10 INFO      -- Player 0 - _RL_RL
2026 03 03 03:08:10 INFO      --- Player Hand: [0, 0, 0, 0, 0, 0, 0, 0, 0, 0, 0, 0, 2, 6, 10, 10, 10]
2026 03 03 03:08:10 INFO      --- Board Before: [2, 0, 0, 0, 0, 0, 0, 0, 0, 0, 0]
2026 03 03 03:08:10 INFO      --- Action: pass
2026 03 03 03:08:10 INFO      --- Board After: [2, 0, 0, 0, 0, 0, 0, 0, 0, 0, 0]
2026 03 03 03:08:10 INFO     -----------------------------------------------------------------------------------------------------
2026 03 03 03:08:10 INFO     RANDOM_R0 Made a Pizza!!!
2026 03 03 03:08:10 INFO     -----------------------------------------------------------------------------------------------------
2026 03 03 03:08:10 INFO     -----------------------------------------------------------------------------------------------------
2026 03 03 03:08:10 INFO     Round:10
2026 03 03 03:08:10 INFO     -----------------------------------------------------------------------------------------------------
2026 03 03 03:08:10 INFO      -- Player 1 - RANDOM_R0
2026 03 03 03:08:10 INFO      --- Player Hand: [0, 0, 0, 0, 0, 0, 0, 0, 7, 7, 8, 8, 9, 9, 10, 10, 11]
2026 03 03 03:08:10 INFO      --- Board Before: [13, 0, 0, 0, 0, 0, 0, 0, 0, 0, 0]
2026 03 03 03:08:10 INFO      --- Action: C11;Q1;J0
2026 03 03 03:08:10 INFO      --- Board After: [11, 0, 0, 0, 0, 0, 0, 0, 0, 0, 0]
2026 03 03 03:08:10 INFO      -- Player 2 - RANDOM_R1
2026 03 03 03:08:10 INFO      --- Player Hand: [0, 0, 0, 4, 5, 6, 6, 7, 8, 8, 8, 9, 10, 10, 11, 11, 11]
2026 03 03 03:08:10 INFO      --- Board Before: [11, 0, 0, 0, 0, 0, 0, 0, 0, 0, 0]
2026 03 03 03:08:10 INFO      --- Action: pass
2026 03 03 03:08:10 INFO      --- Board After: [11, 0, 0, 0, 0, 0, 0, 0, 0, 0, 0]
2026 03 03 03:08:10 INFO      -- Player 3 - RANDOM_R2
2026 03 03 03:08:10 INFO      --- Player Hand: [0, 0, 0, 0, 0, 0, 0, 0, 0, 0, 0, 0, 5, 9, 10, 10, 11]
2026 03 03 03:08:10 INFO      --- Board Before: [11, 0, 0, 0, 0, 0, 0, 0, 0, 0, 0]
2026 03 03 03:08:10 INFO      --- Action: C6;Q1;J0
2026 03 03 03:08:10 INFO      --- Board After: [6, 0, 0, 0, 0, 0, 0, 0, 0, 0, 0]
2026 03 03 03:08:10 INFO      -- Player 0 - _RL_RL
2026 03 03 03:08:10 INFO      --- Player Hand: [0, 0, 0, 0, 0, 0, 0, 0, 0, 0, 0, 0, 2, 6, 10, 10, 10]
2026 03 03 03:08:10 INFO      --- Board Before: [6, 0, 0, 0, 0, 0, 0, 0, 0, 0, 0]
2026 03 03 03:08:10 INFO      --- Action: pass
2026 03 03 03:08:10 INFO      --- Board After: [6, 0, 0, 0, 0, 0, 0, 0, 0, 0, 0]
2026 03 03 03:08:10 INFO      -- Player 1 - RANDOM_R0
2026 03 03 03:08:10 INFO      --- Player Hand: [0, 0, 0, 0, 0, 0, 0, 0, 7, 7, 8, 8, 9, 9, 10, 10, 11]
2026 03 03 03:08:10 INFO      --- Board Before: [6, 0, 0, 0, 0, 0, 0, 0, 0, 0, 0]
2026 03 03 03:08:10 INFO      --- Action: pass
2026 03 03 03:08:10 INFO      --- Board After: [6, 0, 0, 0, 0, 0, 0, 0, 0, 0, 0]
2026 03 03 03:08:10 INFO     -----------------------------------------------------------------------------------------------------
2026 03 03 03:08:10 INFO     RANDOM_R2 Made a Pizza!!!
2026 03 03 03:08:10 INFO     -----------------------------------------------------------------------------------------------------
2026 03 03 03:08:10 INFO     -----------------------------------------------------------------------------------------------------
2026 03 03 03:08:10 INFO     Round:11
2026 03 03 03:08:10 INFO     -----------------------------------------------------------------------------------------------------
2026 03 03 03:08:10 INFO      -- Player 3 - RANDOM_R2
2026 03 03 03:08:10 INFO      --- Player Hand: [0, 0, 0, 0, 0, 0, 0, 0, 0, 0, 0, 0, 0, 5, 9, 10, 10]
2026 03 03 03:08:10 INFO      --- Board Before: [13, 0, 0, 0, 0, 0, 0, 0, 0, 0, 0]
2026 03 03 03:08:10 INFO      --- Action: C11;Q1;J0
2026 03 03 03:08:10 INFO      --- Board After: [11, 0, 0, 0, 0, 0, 0, 0, 0, 0, 0]
2026 03 03 03:08:10 INFO      -- Player 0 - _RL_RL
2026 03 03 03:08:10 INFO      --- Player Hand: [0, 0, 0, 0, 0, 0, 0, 0, 0, 0, 0, 0, 2, 6, 10, 10, 10]
2026 03 03 03:08:10 INFO      --- Board Before: [11, 0, 0, 0, 0, 0, 0, 0, 0, 0, 0]
2026 03 03 03:08:10 INFO      --- Action: pass
2026 03 03 03:08:10 INFO      --- Board After: [11, 0, 0, 0, 0, 0, 0, 0, 0, 0, 0]
2026 03 03 03:08:10 INFO      -- Player 1 - RANDOM_R0
2026 03 03 03:08:10 INFO      --- Player Hand: [0, 0, 0, 0, 0, 0, 0, 0, 0, 7, 7, 8, 8, 9, 9, 10, 11]
2026 03 03 03:08:10 INFO      --- Board Before: [11, 0, 0, 0, 0, 0, 0, 0, 0, 0, 0]
2026 03 03 03:08:10 INFO      --- Action: C10;Q1;J0
2026 03 03 03:08:10 INFO      --- Board After: [10, 0, 0, 0, 0, 0, 0, 0, 0, 0, 0]
2026 03 03 03:08:10 INFO      -- Player 2 - RANDOM_R1
2026 03 03 03:08:10 INFO      --- Player Hand: [0, 0, 0, 0, 4, 5, 6, 6, 7, 8, 8, 8, 10, 10, 11, 11, 11]
2026 03 03 03:08:10 INFO      --- Board Before: [10, 0, 0, 0, 0, 0, 0, 0, 0, 0, 0]
2026 03 03 03:08:10 INFO      --- Action: C9;Q1;J0
2026 03 03 03:08:10 INFO      --- Board After: [9, 0, 0, 0, 0, 0, 0, 0, 0, 0, 0]
2026 03 03 03:08:10 INFO      -- Player 3 - RANDOM_R2
2026 03 03 03:08:10 INFO      --- Player Hand: [0, 0, 0, 0, 0, 0, 0, 0, 0, 0, 0, 0, 0, 5, 9, 10, 10]
2026 03 03 03:08:10 INFO      --- Board Before: [9, 0, 0, 0, 0, 0, 0, 0, 0, 0, 0]
2026 03 03 03:08:10 INFO      --- Action: pass
2026 03 03 03:08:10 INFO      --- Board After: [9, 0, 0, 0, 0, 0, 0, 0, 0, 0, 0]
2026 03 03 03:08:10 INFO      -- Player 1 - RANDOM_R0
2026 03 03 03:08:10 INFO      --- Player Hand: [0, 0, 0, 0, 0, 0, 0, 0, 0, 7, 7, 8, 8, 9, 9, 10, 11]
2026 03 03 03:08:10 INFO      --- Board Before: [9, 0, 0, 0, 0, 0, 0, 0, 0, 0, 0]
2026 03 03 03:08:10 INFO      --- Action: pass
2026 03 03 03:08:10 INFO      --- Board After: [9, 0, 0, 0, 0, 0, 0, 0, 0, 0, 0]
2026 03 03 03:08:10 INFO     -----------------------------------------------------------------------------------------------------
2026 03 03 03:08:10 INFO     RANDOM_R1 Made a Pizza!!!
2026 03 03 03:08:10 INFO     -----------------------------------------------------------------------------------------------------
2026 03 03 03:08:10 INFO     -----------------------------------------------------------------------------------------------------
2026 03 03 03:08:10 INFO     Round:12
2026 03 03 03:08:10 INFO     -----------------------------------------------------------------------------------------------------
2026 03 03 03:08:10 INFO      -- Player 2 - RANDOM_R1
2026 03 03 03:08:10 INFO      --- Player Hand: [0, 0, 0, 0, 0, 0, 4, 5, 6, 6, 7, 8, 8, 8, 10, 10, 11]
2026 03 03 03:08:10 INFO      --- Board Before: [13, 0, 0, 0, 0, 0, 0, 0, 0, 0, 0]
2026 03 03 03:08:10 INFO      --- Action: C11;Q2;J0
2026 03 03 03:08:10 INFO      --- Board After: [11, 11, 0, 0, 0, 0, 0, 0, 0, 0, 0]
2026 03 03 03:08:10 INFO      -- Player 3 - RANDOM_R2
2026 03 03 03:08:10 INFO      --- Player Hand: [0, 0, 0, 0, 0, 0, 0, 0, 0, 0, 0, 0, 0, 0, 0, 5, 9]
2026 03 03 03:08:10 INFO      --- Board Before: [11, 11, 0, 0, 0, 0, 0, 0, 0, 0, 0]
2026 03 03 03:08:10 INFO      --- Action: C10;Q2;J0
2026 03 03 03:08:10 INFO      --- Board After: [10, 10, 0, 0, 0, 0, 0, 0, 0, 0, 0]
2026 03 03 03:08:10 INFO      -- Player 0 - _RL_RL
2026 03 03 03:08:10 INFO      --- Player Hand: [0, 0, 0, 0, 0, 0, 0, 0, 0, 0, 0, 0, 2, 6, 10, 10, 10]
2026 03 03 03:08:10 INFO      --- Board Before: [10, 10, 0, 0, 0, 0, 0, 0, 0, 0, 0]
2026 03 03 03:08:10 INFO      --- Action: pass
2026 03 03 03:08:10 INFO      --- Board After: [10, 10, 0, 0, 0, 0, 0, 0, 0, 0, 0]
2026 03 03 03:08:10 INFO      -- Player 1 - RANDOM_R0
2026 03 03 03:08:10 INFO      --- Player Hand: [0, 0, 0, 0, 0, 0, 0, 0, 0, 0, 0, 7, 7, 8, 8, 10, 11]
2026 03 03 03:08:10 INFO      --- Board Before: [10, 10, 0, 0, 0, 0, 0, 0, 0, 0, 0]
2026 03 03 03:08:10 INFO      --- Action: C9;Q2;J0
2026 03 03 03:08:10 INFO      --- Board After: [9, 9, 0, 0, 0, 0, 0, 0, 0, 0, 0]
2026 03 03 03:08:10 INFO      -- Player 2 - RANDOM_R1
2026 03 03 03:08:10 INFO      --- Player Hand: [0, 0, 0, 0, 0, 0, 0, 0, 4, 5, 7, 8, 8, 8, 10, 10, 11]
2026 03 03 03:08:10 INFO      --- Board Before: [9, 9, 0, 0, 0, 0, 0, 0, 0, 0, 0]
2026 03 03 03:08:10 INFO      --- Action: C6;Q2;J0
2026 03 03 03:08:10 INFO      --- Board After: [6, 6, 0, 0, 0, 0, 0, 0, 0, 0, 0]
2026 03 03 03:08:10 INFO      -- Player 3 - RANDOM_R2
2026 03 03 03:08:10 INFO      --- Player Hand: [0, 0, 0, 0, 0, 0, 0, 0, 0, 0, 0, 0, 0, 0, 0, 5, 9]
2026 03 03 03:08:10 INFO      --- Board Before: [6, 6, 0, 0, 0, 0, 0, 0, 0, 0, 0]
2026 03 03 03:08:10 INFO      --- Action: pass
2026 03 03 03:08:10 INFO      --- Board After: [6, 6, 0, 0, 0, 0, 0, 0, 0, 0, 0]
2026 03 03 03:08:10 INFO      -- Player 1 - RANDOM_R0
2026 03 03 03:08:10 INFO      --- Player Hand: [0, 0, 0, 0, 0, 0, 0, 0, 0, 0, 0, 7, 7, 8, 8, 10, 11]
2026 03 03 03:08:10 INFO      --- Board Before: [6, 6, 0, 0, 0, 0, 0, 0, 0, 0, 0]
2026 03 03 03:08:10 INFO      --- Action: pass
2026 03 03 03:08:10 INFO      --- Board After: [6, 6, 0, 0, 0, 0, 0, 0, 0, 0, 0]
2026 03 03 03:08:10 INFO     -----------------------------------------------------------------------------------------------------
2026 03 03 03:08:10 INFO     RANDOM_R1 Made a Pizza!!!
2026 03 03 03:08:10 INFO     -----------------------------------------------------------------------------------------------------
2026 03 03 03:08:10 INFO     -----------------------------------------------------------------------------------------------------
2026 03 03 03:08:10 INFO     Round:13
2026 03 03 03:08:10 INFO     -----------------------------------------------------------------------------------------------------
2026 03 03 03:08:10 INFO      -- Player 2 - RANDOM_R1
2026 03 03 03:08:10 INFO      --- Player Hand: [0, 0, 0, 0, 0, 0, 0, 0, 0, 4, 5, 7, 8, 8, 8, 10, 10]
2026 03 03 03:08:10 INFO      --- Board Before: [13, 0, 0, 0, 0, 0, 0, 0, 0, 0, 0]
2026 03 03 03:08:10 INFO      --- Action: C11;Q1;J0
2026 03 03 03:08:10 INFO      --- Board After: [11, 0, 0, 0, 0, 0, 0, 0, 0, 0, 0]
2026 03 03 03:08:11 INFO      -- Player 3 - RANDOM_R2
2026 03 03 03:08:11 INFO      --- Player Hand: [0, 0, 0, 0, 0, 0, 0, 0, 0, 0, 0, 0, 0, 0, 0, 5, 9]
2026 03 03 03:08:11 INFO      --- Board Before: [11, 0, 0, 0, 0, 0, 0, 0, 0, 0, 0]
2026 03 03 03:08:11 INFO      --- Action: pass
2026 03 03 03:08:11 INFO      --- Board After: [11, 0, 0, 0, 0, 0, 0, 0, 0, 0, 0]
2026 03 03 03:08:11 INFO      -- Player 0 - _RL_RL
2026 03 03 03:08:11 INFO      --- Player Hand: [0, 0, 0, 0, 0, 0, 0, 0, 0, 0, 0, 0, 0, 2, 10, 10, 10]
2026 03 03 03:08:11 INFO      --- Board Before: [11, 0, 0, 0, 0, 0, 0, 0, 0, 0, 0]
2026 03 03 03:08:11 INFO      --- Action: C6;Q1;J0
2026 03 03 03:08:11 INFO      --- Board After: [6, 0, 0, 0, 0, 0, 0, 0, 0, 0, 0]
2026 03 03 03:08:11 INFO      -- Player 1 - RANDOM_R0
2026 03 03 03:08:11 INFO      --- Player Hand: [0, 0, 0, 0, 0, 0, 0, 0, 0, 0, 0, 7, 7, 8, 8, 10, 11]
2026 03 03 03:08:11 INFO      --- Board Before: [6, 0, 0, 0, 0, 0, 0, 0, 0, 0, 0]
2026 03 03 03:08:11 INFO      --- Action: pass
2026 03 03 03:08:11 INFO      --- Board After: [6, 0, 0, 0, 0, 0, 0, 0, 0, 0, 0]
2026 03 03 03:08:11 INFO      -- Player 2 - RANDOM_R1
2026 03 03 03:08:11 INFO      --- Player Hand: [0, 0, 0, 0, 0, 0, 0, 0, 0, 0, 5, 7, 8, 8, 8, 10, 10]
2026 03 03 03:08:11 INFO      --- Board Before: [6, 0, 0, 0, 0, 0, 0, 0, 0, 0, 0]
2026 03 03 03:08:11 INFO      --- Action: C4;Q1;J0
2026 03 03 03:08:11 INFO      --- Board After: [4, 0, 0, 0, 0, 0, 0, 0, 0, 0, 0]
2026 03 03 03:08:11 INFO      -- Player 0 - _RL_RL
2026 03 03 03:08:11 INFO      --- Player Hand: [0, 0, 0, 0, 0, 0, 0, 0, 0, 0, 0, 0, 0, 0, 10, 10, 10]
2026 03 03 03:08:11 INFO      --- Board Before: [4, 0, 0, 0, 0, 0, 0, 0, 0, 0, 0]
2026 03 03 03:08:11 INFO      --- Action: C2;Q1;J0
2026 03 03 03:08:11 INFO      --- Board After: [2, 0, 0, 0, 0, 0, 0, 0, 0, 0, 0]
2026 03 03 03:08:11 INFO      -- Player 2 - RANDOM_R1
2026 03 03 03:08:11 INFO      --- Player Hand: [0, 0, 0, 0, 0, 0, 0, 0, 0, 0, 5, 7, 8, 8, 8, 10, 10]
2026 03 03 03:08:11 INFO      --- Board Before: [2, 0, 0, 0, 0, 0, 0, 0, 0, 0, 0]
2026 03 03 03:08:11 INFO      --- Action: pass
2026 03 03 03:08:11 INFO      --- Board After: [2, 0, 0, 0, 0, 0, 0, 0, 0, 0, 0]
2026 03 03 03:08:11 INFO     -----------------------------------------------------------------------------------------------------
2026 03 03 03:08:11 INFO     _RL_RL Made a Pizza!!!
2026 03 03 03:08:11 INFO     -----------------------------------------------------------------------------------------------------
2026 03 03 03:08:11 INFO     -----------------------------------------------------------------------------------------------------
2026 03 03 03:08:11 INFO     Round:14
2026 03 03 03:08:11 INFO     -----------------------------------------------------------------------------------------------------
2026 03 03 03:08:11 INFO      -- Player 0 - _RL_RL
2026 03 03 03:08:11 INFO      --- Player Hand: [0. 0. 0. 0. 0. 0. 0. 0. 0. 0. 0. 0. 0. 0. 0. 0. 0.]
2026 03 03 03:08:11 INFO      --- Board Before: [13, 0, 0, 0, 0, 0, 0, 0, 0, 0, 0]
2026 03 03 03:08:11 INFO      --- Action: C10;Q3;J0
2026 03 03 03:08:11 INFO      --- Player Finished!
2026 03 03 03:08:11 INFO      --- Board After: [10, 10, 10, 0, 0, 0, 0, 0, 0, 0, 0]
2026 03 03 03:08:11 INFO      -- Player 1 - RANDOM_R0
2026 03 03 03:08:11 INFO      --- Player Hand: [0, 0, 0, 0, 0, 0, 0, 0, 0, 0, 0, 7, 7, 8, 8, 10, 11]
2026 03 03 03:08:11 INFO      --- Board Before: [10, 10, 10, 0, 0, 0, 0, 0, 0, 0, 0]
2026 03 03 03:08:11 INFO      --- Action: pass
2026 03 03 03:08:11 INFO      --- Board After: [10, 10, 10, 0, 0, 0, 0, 0, 0, 0, 0]
2026 03 03 03:08:11 INFO      -- Player 2 - RANDOM_R1
2026 03 03 03:08:11 INFO      --- Player Hand: [0, 0, 0, 0, 0, 0, 0, 0, 0, 0, 5, 7, 8, 8, 8, 10, 10]
2026 03 03 03:08:11 INFO      --- Board Before: [10, 10, 10, 0, 0, 0, 0, 0, 0, 0, 0]
2026 03 03 03:08:11 INFO      --- Action: pass
2026 03 03 03:08:11 INFO      --- Board After: [10, 10, 10, 0, 0, 0, 0, 0, 0, 0, 0]
2026 03 03 03:08:11 INFO      -- Player 3 - RANDOM_R2
2026 03 03 03:08:11 INFO      --- Player Hand: [0, 0, 0, 0, 0, 0, 0, 0, 0, 0, 0, 0, 0, 0, 0, 5, 9]
2026 03 03 03:08:11 INFO      --- Board Before: [10, 10, 10, 0, 0, 0, 0, 0, 0, 0, 0]
2026 03 03 03:08:11 INFO      --- Action: pass
2026 03 03 03:08:11 INFO      --- Board After: [10, 10, 10, 0, 0, 0, 0, 0, 0, 0, 0]
2026 03 03 03:08:11 INFO     -----------------------------------------------------------------------------------------------------
2026 03 03 03:08:11 INFO     _RL_RL Made a Pizza!!!
2026 03 03 03:08:11 INFO     -----------------------------------------------------------------------------------------------------
2026 03 03 03:08:11 INFO     -----------------------------------------------------------------------------------------------------
2026 03 03 03:08:11 INFO     Round:15
2026 03 03 03:08:11 INFO     -----------------------------------------------------------------------------------------------------
2026 03 03 03:08:11 INFO      -- Player 1 - RANDOM_R0
2026 03 03 03:08:11 INFO      --- Player Hand: [0, 0, 0, 0, 0, 0, 0, 0, 0, 0, 0, 0, 7, 8, 8, 10, 11]
2026 03 03 03:08:11 INFO      --- Board Before: [13, 0, 0, 0, 0, 0, 0, 0, 0, 0, 0]
2026 03 03 03:08:11 INFO      --- Action: C7;Q1;J0
2026 03 03 03:08:11 INFO      --- Board After: [7, 0, 0, 0, 0, 0, 0, 0, 0, 0, 0]
2026 03 03 03:08:11 INFO      -- Player 2 - RANDOM_R1
2026 03 03 03:08:11 INFO      --- Player Hand: [0, 0, 0, 0, 0, 0, 0, 0, 0, 0, 5, 7, 8, 8, 8, 10, 10]
2026 03 03 03:08:11 INFO      --- Board Before: [7, 0, 0, 0, 0, 0, 0, 0, 0, 0, 0]
2026 03 03 03:08:11 INFO      --- Action: pass
2026 03 03 03:08:11 INFO      --- Board After: [7, 0, 0, 0, 0, 0, 0, 0, 0, 0, 0]
2026 03 03 03:08:11 INFO      -- Player 3 - RANDOM_R2
2026 03 03 03:08:11 INFO      --- Player Hand: [0, 0, 0, 0, 0, 0, 0, 0, 0, 0, 0, 0, 0, 0, 0, 5, 9]
2026 03 03 03:08:11 INFO      --- Board Before: [7, 0, 0, 0, 0, 0, 0, 0, 0, 0, 0]
2026 03 03 03:08:11 INFO      --- Action: pass
2026 03 03 03:08:11 INFO      --- Board After: [7, 0, 0, 0, 0, 0, 0, 0, 0, 0, 0]
2026 03 03 03:08:11 INFO     -----------------------------------------------------------------------------------------------------
2026 03 03 03:08:11 INFO     RANDOM_R0 Made a Pizza!!!
2026 03 03 03:08:11 INFO     -----------------------------------------------------------------------------------------------------
2026 03 03 03:08:11 INFO     -----------------------------------------------------------------------------------------------------
2026 03 03 03:08:11 INFO     Round:16
2026 03 03 03:08:11 INFO     -----------------------------------------------------------------------------------------------------
2026 03 03 03:08:11 INFO      -- Player 1 - RANDOM_R0
2026 03 03 03:08:11 INFO      --- Player Hand: [0, 0, 0, 0, 0, 0, 0, 0, 0, 0, 0, 0, 0, 7, 8, 10, 11]
2026 03 03 03:08:11 INFO      --- Board Before: [13, 0, 0, 0, 0, 0, 0, 0, 0, 0, 0]
2026 03 03 03:08:11 INFO      --- Action: C8;Q1;J0
2026 03 03 03:08:11 INFO      --- Board After: [8, 0, 0, 0, 0, 0, 0, 0, 0, 0, 0]
2026 03 03 03:08:11 INFO      -- Player 2 - RANDOM_R1
2026 03 03 03:08:11 INFO      --- Player Hand: [0, 0, 0, 0, 0, 0, 0, 0, 0, 0, 0, 7, 8, 8, 8, 10, 10]
2026 03 03 03:08:11 INFO      --- Board Before: [8, 0, 0, 0, 0, 0, 0, 0, 0, 0, 0]
2026 03 03 03:08:11 INFO      --- Action: C5;Q1;J0
2026 03 03 03:08:11 INFO      --- Board After: [5, 0, 0, 0, 0, 0, 0, 0, 0, 0, 0]
2026 03 03 03:08:11 INFO      -- Player 3 - RANDOM_R2
2026 03 03 03:08:11 INFO      --- Player Hand: [0, 0, 0, 0, 0, 0, 0, 0, 0, 0, 0, 0, 0, 0, 0, 5, 9]
2026 03 03 03:08:11 INFO      --- Board Before: [5, 0, 0, 0, 0, 0, 0, 0, 0, 0, 0]
2026 03 03 03:08:11 INFO      --- Action: pass
2026 03 03 03:08:11 INFO      --- Board After: [5, 0, 0, 0, 0, 0, 0, 0, 0, 0, 0]
2026 03 03 03:08:11 INFO      -- Player 1 - RANDOM_R0
2026 03 03 03:08:11 INFO      --- Player Hand: [0, 0, 0, 0, 0, 0, 0, 0, 0, 0, 0, 0, 0, 7, 8, 10, 11]
2026 03 03 03:08:11 INFO      --- Board Before: [5, 0, 0, 0, 0, 0, 0, 0, 0, 0, 0]
2026 03 03 03:08:11 INFO      --- Action: pass
2026 03 03 03:08:11 INFO      --- Board After: [5, 0, 0, 0, 0, 0, 0, 0, 0, 0, 0]
2026 03 03 03:08:11 INFO     -----------------------------------------------------------------------------------------------------
2026 03 03 03:08:11 INFO     RANDOM_R1 Made a Pizza!!!
2026 03 03 03:08:11 INFO     -----------------------------------------------------------------------------------------------------
2026 03 03 03:08:11 INFO     -----------------------------------------------------------------------------------------------------
2026 03 03 03:08:11 INFO     Round:17
2026 03 03 03:08:11 INFO     -----------------------------------------------------------------------------------------------------
2026 03 03 03:08:11 INFO      -- Player 2 - RANDOM_R1
2026 03 03 03:08:11 INFO      --- Player Hand: [0, 0, 0, 0, 0, 0, 0, 0, 0, 0, 0, 0, 0, 0, 7, 10, 10]
2026 03 03 03:08:11 INFO      --- Board Before: [13, 0, 0, 0, 0, 0, 0, 0, 0, 0, 0]
2026 03 03 03:08:11 INFO      --- Action: C8;Q3;J0
2026 03 03 03:08:11 INFO      --- Board After: [8, 8, 8, 0, 0, 0, 0, 0, 0, 0, 0]
2026 03 03 03:08:11 INFO      -- Player 3 - RANDOM_R2
2026 03 03 03:08:11 INFO      --- Player Hand: [0, 0, 0, 0, 0, 0, 0, 0, 0, 0, 0, 0, 0, 0, 0, 5, 9]
2026 03 03 03:08:11 INFO      --- Board Before: [8, 8, 8, 0, 0, 0, 0, 0, 0, 0, 0]
2026 03 03 03:08:11 INFO      --- Action: pass
2026 03 03 03:08:11 INFO      --- Board After: [8, 8, 8, 0, 0, 0, 0, 0, 0, 0, 0]
2026 03 03 03:08:11 INFO      -- Player 1 - RANDOM_R0
2026 03 03 03:08:11 INFO      --- Player Hand: [0, 0, 0, 0, 0, 0, 0, 0, 0, 0, 0, 0, 0, 7, 8, 10, 11]
2026 03 03 03:08:11 INFO      --- Board Before: [8, 8, 8, 0, 0, 0, 0, 0, 0, 0, 0]
2026 03 03 03:08:11 INFO      --- Action: pass
2026 03 03 03:08:11 INFO      --- Board After: [8, 8, 8, 0, 0, 0, 0, 0, 0, 0, 0]
2026 03 03 03:08:11 INFO     -----------------------------------------------------------------------------------------------------
2026 03 03 03:08:11 INFO     RANDOM_R1 Made a Pizza!!!
2026 03 03 03:08:11 INFO     -----------------------------------------------------------------------------------------------------
2026 03 03 03:08:11 INFO     -----------------------------------------------------------------------------------------------------
2026 03 03 03:08:11 INFO     Round:18
2026 03 03 03:08:11 INFO     -----------------------------------------------------------------------------------------------------
2026 03 03 03:08:11 INFO      -- Player 2 - RANDOM_R1
2026 03 03 03:08:11 INFO      --- Player Hand: [0, 0, 0, 0, 0, 0, 0, 0, 0, 0, 0, 0, 0, 0, 0, 7, 10]
2026 03 03 03:08:11 INFO      --- Board Before: [13, 0, 0, 0, 0, 0, 0, 0, 0, 0, 0]
2026 03 03 03:08:11 INFO      --- Action: C10;Q1;J0
2026 03 03 03:08:11 INFO      --- Board After: [10, 0, 0, 0, 0, 0, 0, 0, 0, 0, 0]
2026 03 03 03:08:11 INFO      -- Player 3 - RANDOM_R2
2026 03 03 03:08:11 INFO      --- Player Hand: [0, 0, 0, 0, 0, 0, 0, 0, 0, 0, 0, 0, 0, 0, 0, 0, 9]
2026 03 03 03:08:11 INFO      --- Board Before: [10, 0, 0, 0, 0, 0, 0, 0, 0, 0, 0]
2026 03 03 03:08:11 INFO      --- Action: C5;Q1;J0
2026 03 03 03:08:11 INFO      --- Board After: [5, 0, 0, 0, 0, 0, 0, 0, 0, 0, 0]
2026 03 03 03:08:11 INFO      -- Player 1 - RANDOM_R0
2026 03 03 03:08:11 INFO      --- Player Hand: [0, 0, 0, 0, 0, 0, 0, 0, 0, 0, 0, 0, 0, 7, 8, 10, 11]
2026 03 03 03:08:11 INFO      --- Board Before: [5, 0, 0, 0, 0, 0, 0, 0, 0, 0, 0]
2026 03 03 03:08:11 INFO      --- Action: pass
2026 03 03 03:08:11 INFO      --- Board After: [5, 0, 0, 0, 0, 0, 0, 0, 0, 0, 0]
2026 03 03 03:08:11 INFO      -- Player 2 - RANDOM_R1
2026 03 03 03:08:11 INFO      --- Player Hand: [0, 0, 0, 0, 0, 0, 0, 0, 0, 0, 0, 0, 0, 0, 0, 7, 10]
2026 03 03 03:08:11 INFO      --- Board Before: [5, 0, 0, 0, 0, 0, 0, 0, 0, 0, 0]
2026 03 03 03:08:11 INFO      --- Action: pass
2026 03 03 03:08:11 INFO      --- Board After: [5, 0, 0, 0, 0, 0, 0, 0, 0, 0, 0]
2026 03 03 03:08:11 INFO     -----------------------------------------------------------------------------------------------------
2026 03 03 03:08:11 INFO     RANDOM_R2 Made a Pizza!!!
2026 03 03 03:08:11 INFO     -----------------------------------------------------------------------------------------------------
2026 03 03 03:08:11 INFO     -----------------------------------------------------------------------------------------------------
2026 03 03 03:08:11 INFO     Round:19
2026 03 03 03:08:11 INFO     -----------------------------------------------------------------------------------------------------
2026 03 03 03:08:11 INFO      -- Player 3 - RANDOM_R2
2026 03 03 03:08:11 INFO      --- Player Hand: [0. 0. 0. 0. 0. 0. 0. 0. 0. 0. 0. 0. 0. 0. 0. 0. 0.]
2026 03 03 03:08:11 INFO      --- Board Before: [13, 0, 0, 0, 0, 0, 0, 0, 0, 0, 0]
2026 03 03 03:08:11 INFO      --- Action: C9;Q1;J0
2026 03 03 03:08:11 INFO      --- Player Finished!
2026 03 03 03:08:11 INFO      --- Board After: [9, 0, 0, 0, 0, 0, 0, 0, 0, 0, 0]
2026 03 03 03:08:11 INFO      -- Player 1 - RANDOM_R0
2026 03 03 03:08:11 INFO      --- Player Hand: [0, 0, 0, 0, 0, 0, 0, 0, 0, 0, 0, 0, 0, 0, 8, 10, 11]
2026 03 03 03:08:11 INFO      --- Board Before: [9, 0, 0, 0, 0, 0, 0, 0, 0, 0, 0]
2026 03 03 03:08:11 INFO      --- Action: C7;Q1;J0
2026 03 03 03:08:11 INFO      --- Board After: [7, 0, 0, 0, 0, 0, 0, 0, 0, 0, 0]
2026 03 03 03:08:11 INFO      -- Player 2 - RANDOM_R1
2026 03 03 03:08:11 INFO      --- Player Hand: [0, 0, 0, 0, 0, 0, 0, 0, 0, 0, 0, 0, 0, 0, 0, 7, 10]
2026 03 03 03:08:11 INFO      --- Board Before: [7, 0, 0, 0, 0, 0, 0, 0, 0, 0, 0]
2026 03 03 03:08:11 INFO      --- Action: pass
2026 03 03 03:08:11 INFO      --- Board After: [7, 0, 0, 0, 0, 0, 0, 0, 0, 0, 0]
2026 03 03 03:08:11 INFO     -----------------------------------------------------------------------------------------------------
2026 03 03 03:08:11 INFO     RANDOM_R0 Made a Pizza!!!
2026 03 03 03:08:11 INFO     -----------------------------------------------------------------------------------------------------
2026 03 03 03:08:11 INFO     -----------------------------------------------------------------------------------------------------
2026 03 03 03:08:11 INFO     Round:20
2026 03 03 03:08:11 INFO     -----------------------------------------------------------------------------------------------------
2026 03 03 03:08:11 INFO      -- Player 1 - RANDOM_R0
2026 03 03 03:08:11 INFO      --- Player Hand: [0, 0, 0, 0, 0, 0, 0, 0, 0, 0, 0, 0, 0, 0, 0, 8, 11]
2026 03 03 03:08:11 INFO      --- Board Before: [13, 0, 0, 0, 0, 0, 0, 0, 0, 0, 0]
2026 03 03 03:08:11 INFO      --- Action: C10;Q1;J0
2026 03 03 03:08:11 INFO      --- Board After: [10, 0, 0, 0, 0, 0, 0, 0, 0, 0, 0]
2026 03 03 03:08:11 INFO      -- Player 2 - RANDOM_R1
2026 03 03 03:08:11 INFO      --- Player Hand: [0, 0, 0, 0, 0, 0, 0, 0, 0, 0, 0, 0, 0, 0, 0, 0, 10]
2026 03 03 03:08:11 INFO      --- Board Before: [10, 0, 0, 0, 0, 0, 0, 0, 0, 0, 0]
2026 03 03 03:08:11 INFO      --- Action: C7;Q1;J0
2026 03 03 03:08:11 INFO      --- Board After: [7, 0, 0, 0, 0, 0, 0, 0, 0, 0, 0]
2026 03 03 03:08:11 INFO      -- Player 1 - RANDOM_R0
2026 03 03 03:08:11 INFO      --- Player Hand: [0, 0, 0, 0, 0, 0, 0, 0, 0, 0, 0, 0, 0, 0, 0, 8, 11]
2026 03 03 03:08:11 INFO      --- Board Before: [7, 0, 0, 0, 0, 0, 0, 0, 0, 0, 0]
2026 03 03 03:08:11 INFO      --- Action: pass
2026 03 03 03:08:11 INFO      --- Board After: [7, 0, 0, 0, 0, 0, 0, 0, 0, 0, 0]
2026 03 03 03:08:11 INFO     -----------------------------------------------------------------------------------------------------
2026 03 03 03:08:11 INFO     RANDOM_R1 Made a Pizza!!!
2026 03 03 03:08:11 INFO     -----------------------------------------------------------------------------------------------------
2026 03 03 03:08:11 INFO     -----------------------------------------------------------------------------------------------------
2026 03 03 03:08:11 INFO     Round:21
2026 03 03 03:08:11 INFO     -----------------------------------------------------------------------------------------------------
2026 03 03 03:08:11 INFO      -- Player 2 - RANDOM_R1
2026 03 03 03:08:11 INFO      --- Player Hand: [0. 0. 0. 0. 0. 0. 0. 0. 0. 0. 0. 0. 0. 0. 0. 0. 0.]
2026 03 03 03:08:11 INFO      --- Board Before: [13, 0, 0, 0, 0, 0, 0, 0, 0, 0, 0]
2026 03 03 03:08:11 INFO      --- Action: C10;Q1;J0
2026 03 03 03:08:11 INFO      --- Player Finished!
2026 03 03 03:08:11 INFO      --- Board After: [10, 0, 0, 0, 0, 0, 0, 0, 0, 0, 0]
2026 03 03 03:08:11 INFO     -----------------------------------------------------------------------------------------------------
2026 03 03 03:08:11 INFO     Match 1 over! Current Score:{'_RL_RL': 3, 'RANDOM_R0': 0, 'RANDOM_R1': 1, 'RANDOM_R2': 2}
2026 03 03 03:08:11 INFO     -----------------------------------------------------------------------------------------------------
2026 03 03 03:08:11 INFO     -----------------------------------------------------------------------------------------------------
2026 03 03 03:08:11 INFO     Game Over! Final Score:{'_RL_RL': 3, 'RANDOM_R0': 0, 'RANDOM_R1': 1, 'RANDOM_R2': 2} - Final Performance Score:{'_RL_RL': 1.4285714285714286, 'RANDOM_R0': 0.0, 'RANDOM_R1': 0.47619047619047616, 'RANDOM_R2': 0.9523809523809523}
2026 03 03 03:08:11 INFO     -----------------------------------------------------------------------------------------------------
