2026 03 03 03:08:13 INFO     -----------------------------------------------------------------------------------------------------
2026 03 03 03:08:13 INFO     Experiment: 03-0813_train_room_10018
2026 03 03 03:08:13 INFO     -----------------------------------------------------------------------------------------------------
2026 03 03 03:08:13 INFO     Base Directory: temp\03-0813_train_room_10018
2026 03 03 03:08:13 INFO     -----------------------------------------------------------------------------------------------------
2026 03 03 03:08:13 INFO     Starting new Episode:1
2026 03 03 03:08:13 INFO     -----------------------------------------------------------------------------------------------------
2026 03 03 03:08:13 INFO     Players :['_RL_RL', 'RANDOM_R0', 'RANDOM_R1', 'RANDOM_R2']
2026 03 03 03:08:13 INFO     Stop Criteria :1 MATCHES
2026 03 03 03:08:13 INFO     Max Rounds :999999
2026 03 03 03:08:13 INFO     -----------------------------------------------------------------------------------------------------
2026 03 03 03:08:13 INFO     Match Number 1.000000 Starts!
2026 03 03 03:08:13 INFO     -----------------------------------------------------------------------------------------------------
2026 03 03 03:08:13 INFO     Deck: [9, 7, 5, 11, 5, 7, 8, 11, 9, 5, 7, 4, 4, 9, 8, 10, 11, 8, 6, 5, 10, 10, 10, 11, 9, 11, 9, 10, 11, 10, 11, 9, 3, 7, 9, 11, 12, 4, 1, 7, 8, 12, 10, 3, 6, 6, 6, 4, 11, 8, 6, 11, 8, 6, 3, 9, 10, 10, 9, 10, 2, 7, 11, 2, 7, 8, 5, 8]
2026 03 03 03:08:13 INFO     Player _RL_RL hand: [4, 4, 5, 5, 5, 7, 7, 7, 8, 8, 9, 9, 9, 10, 11, 11, 11]
2026 03 03 03:08:13 INFO     Player RANDOM_R0 hand: [3, 5, 6, 7, 8, 9, 9, 9, 10, 10, 10, 10, 10, 11, 11, 11, 11]
2026 03 03 03:08:13 INFO     Player RANDOM_R1 hand: [1, 3, 4, 4, 6, 6, 6, 6, 7, 8, 8, 9, 10, 11, 11, 12, 12]
2026 03 03 03:08:13 INFO     Player RANDOM_R2 hand: [2, 2, 3, 5, 6, 7, 7, 8, 8, 8, 9, 9, 10, 10, 10, 11, 11]
2026 03 03 03:08:13 INFO     -----------------------------------------------------------------------------------------------------
2026 03 03 03:08:13 INFO     Round:1
2026 03 03 03:08:13 INFO     -----------------------------------------------------------------------------------------------------
2026 03 03 03:08:13 INFO      -- Player 2 - RANDOM_R1
2026 03 03 03:08:13 INFO      --- Player Hand: [0, 0, 0, 0, 1, 3, 4, 4, 6, 6, 6, 6, 7, 8, 8, 9, 10]
2026 03 03 03:08:13 INFO      --- Board Before: [13, 0, 0, 0, 0, 0, 0, 0, 0, 0, 0]
2026 03 03 03:08:13 INFO      --- Action: C11;Q2;J2
2026 03 03 03:08:13 INFO      --- Board After: [11, 11, 12, 12, 0, 0, 0, 0, 0, 0, 0]
2026 03 03 03:08:13 INFO      -- Player 3 - RANDOM_R2
2026 03 03 03:08:13 INFO      --- Player Hand: [2, 2, 3, 5, 6, 7, 7, 8, 8, 8, 9, 9, 10, 10, 10, 11, 11]
2026 03 03 03:08:13 INFO      --- Board Before: [11, 11, 12, 12, 0, 0, 0, 0, 0, 0, 0]
2026 03 03 03:08:13 INFO      --- Action: pass
2026 03 03 03:08:13 INFO      --- Board After: [11, 11, 12, 12, 0, 0, 0, 0, 0, 0, 0]
2026 03 03 03:08:13 INFO      -- Player 0 - _RL_RL
2026 03 03 03:08:13 INFO      --- Player Hand: [4, 4, 5, 5, 5, 7, 7, 7, 8, 8, 9, 9, 9, 10, 11, 11, 11]
2026 03 03 03:08:13 INFO      --- Board Before: [11, 11, 12, 12, 0, 0, 0, 0, 0, 0, 0]
2026 03 03 03:08:13 INFO      --- Action: pass
2026 03 03 03:08:13 INFO      --- Board After: [11, 11, 12, 12, 0, 0, 0, 0, 0, 0, 0]
2026 03 03 03:08:13 INFO      -- Player 1 - RANDOM_R0
2026 03 03 03:08:13 INFO      --- Player Hand: [0, 0, 0, 0, 3, 5, 6, 7, 8, 9, 9, 9, 10, 11, 11, 11, 11]
2026 03 03 03:08:13 INFO      --- Board Before: [11, 11, 12, 12, 0, 0, 0, 0, 0, 0, 0]
2026 03 03 03:08:13 INFO      --- Action: C10;Q4;J0
2026 03 03 03:08:13 INFO      --- Board After: [10, 10, 10, 10, 0, 0, 0, 0, 0, 0, 0]
2026 03 03 03:08:13 INFO      -- Player 2 - RANDOM_R1
2026 03 03 03:08:13 INFO      --- Player Hand: [0, 0, 0, 0, 1, 3, 4, 4, 6, 6, 6, 6, 7, 8, 8, 9, 10]
2026 03 03 03:08:13 INFO      --- Board Before: [10, 10, 10, 10, 0, 0, 0, 0, 0, 0, 0]
2026 03 03 03:08:13 INFO      --- Action: pass
2026 03 03 03:08:13 INFO      --- Board After: [10, 10, 10, 10, 0, 0, 0, 0, 0, 0, 0]
2026 03 03 03:08:13 INFO     -----------------------------------------------------------------------------------------------------
2026 03 03 03:08:13 INFO     RANDOM_R0 Made a Pizza!!!
2026 03 03 03:08:13 INFO     -----------------------------------------------------------------------------------------------------
2026 03 03 03:08:13 INFO     -----------------------------------------------------------------------------------------------------
2026 03 03 03:08:13 INFO     Round:2
2026 03 03 03:08:13 INFO     -----------------------------------------------------------------------------------------------------
2026 03 03 03:08:13 INFO      -- Player 1 - RANDOM_R0
2026 03 03 03:08:13 INFO      --- Player Hand: [0, 0, 0, 0, 0, 3, 5, 6, 7, 8, 9, 9, 9, 11, 11, 11, 11]
2026 03 03 03:08:13 INFO      --- Board Before: [13, 0, 0, 0, 0, 0, 0, 0, 0, 0, 0]
2026 03 03 03:08:13 INFO      --- Action: C10;Q1;J0
2026 03 03 03:08:13 INFO      --- Board After: [10, 0, 0, 0, 0, 0, 0, 0, 0, 0, 0]
2026 03 03 03:08:13 INFO      -- Player 2 - RANDOM_R1
2026 03 03 03:08:13 INFO      --- Player Hand: [0, 0, 0, 0, 0, 1, 3, 4, 4, 6, 6, 6, 6, 7, 8, 9, 10]
2026 03 03 03:08:13 INFO      --- Board Before: [10, 0, 0, 0, 0, 0, 0, 0, 0, 0, 0]
2026 03 03 03:08:13 INFO      --- Action: C8;Q1;J0
2026 03 03 03:08:13 INFO      --- Board After: [8, 0, 0, 0, 0, 0, 0, 0, 0, 0, 0]
2026 03 03 03:08:13 INFO      -- Player 3 - RANDOM_R2
2026 03 03 03:08:13 INFO      --- Player Hand: [0, 2, 2, 3, 6, 7, 7, 8, 8, 8, 9, 9, 10, 10, 10, 11, 11]
2026 03 03 03:08:13 INFO      --- Board Before: [8, 0, 0, 0, 0, 0, 0, 0, 0, 0, 0]
2026 03 03 03:08:13 INFO      --- Action: C5;Q1;J0
2026 03 03 03:08:13 INFO      --- Board After: [5, 0, 0, 0, 0, 0, 0, 0, 0, 0, 0]
2026 03 03 03:08:13 INFO      -- Player 0 - _RL_RL
2026 03 03 03:08:13 INFO      --- Player Hand: [0, 0, 5, 5, 5, 7, 7, 7, 8, 8, 9, 9, 9, 10, 11, 11, 11]
2026 03 03 03:08:13 INFO      --- Board Before: [5, 0, 0, 0, 0, 0, 0, 0, 0, 0, 0]
2026 03 03 03:08:13 INFO      --- Action: C4;Q2;J0
2026 03 03 03:08:13 INFO      --- Board After: [4, 4, 0, 0, 0, 0, 0, 0, 0, 0, 0]
2026 03 03 03:08:13 INFO      -- Player 1 - RANDOM_R0
2026 03 03 03:08:13 INFO      --- Player Hand: [0, 0, 0, 0, 0, 3, 5, 6, 7, 8, 9, 9, 9, 11, 11, 11, 11]
2026 03 03 03:08:13 INFO      --- Board Before: [4, 4, 0, 0, 0, 0, 0, 0, 0, 0, 0]
2026 03 03 03:08:13 INFO      --- Action: pass
2026 03 03 03:08:13 INFO      --- Board After: [4, 4, 0, 0, 0, 0, 0, 0, 0, 0, 0]
2026 03 03 03:08:13 INFO      -- Player 2 - RANDOM_R1
2026 03 03 03:08:13 INFO      --- Player Hand: [0, 0, 0, 0, 0, 1, 3, 4, 4, 6, 6, 6, 6, 7, 8, 9, 10]
2026 03 03 03:08:13 INFO      --- Board Before: [4, 4, 0, 0, 0, 0, 0, 0, 0, 0, 0]
2026 03 03 03:08:13 INFO      --- Action: pass
2026 03 03 03:08:13 INFO      --- Board After: [4, 4, 0, 0, 0, 0, 0, 0, 0, 0, 0]
2026 03 03 03:08:13 INFO      -- Player 3 - RANDOM_R2
2026 03 03 03:08:13 INFO      --- Player Hand: [0, 0, 0, 3, 6, 7, 7, 8, 8, 8, 9, 9, 10, 10, 10, 11, 11]
2026 03 03 03:08:13 INFO      --- Board Before: [4, 4, 0, 0, 0, 0, 0, 0, 0, 0, 0]
2026 03 03 03:08:13 INFO      --- Action: C2;Q2;J0
2026 03 03 03:08:13 INFO      --- Board After: [2, 2, 0, 0, 0, 0, 0, 0, 0, 0, 0]
2026 03 03 03:08:13 INFO      -- Player 0 - _RL_RL
2026 03 03 03:08:13 INFO      --- Player Hand: [0, 0, 5, 5, 5, 7, 7, 7, 8, 8, 9, 9, 9, 10, 11, 11, 11]
2026 03 03 03:08:13 INFO      --- Board Before: [2, 2, 0, 0, 0, 0, 0, 0, 0, 0, 0]
2026 03 03 03:08:13 INFO      --- Action: pass
2026 03 03 03:08:13 INFO      --- Board After: [2, 2, 0, 0, 0, 0, 0, 0, 0, 0, 0]
2026 03 03 03:08:13 INFO     -----------------------------------------------------------------------------------------------------
2026 03 03 03:08:13 INFO     RANDOM_R2 Made a Pizza!!!
2026 03 03 03:08:13 INFO     -----------------------------------------------------------------------------------------------------
2026 03 03 03:08:13 INFO     -----------------------------------------------------------------------------------------------------
2026 03 03 03:08:13 INFO     Round:3
2026 03 03 03:08:13 INFO     -----------------------------------------------------------------------------------------------------
2026 03 03 03:08:14 INFO      -- Player 3 - RANDOM_R2
2026 03 03 03:08:14 INFO      --- Player Hand: [0, 0, 0, 0, 0, 3, 6, 7, 7, 8, 8, 8, 9, 9, 10, 11, 11]
2026 03 03 03:08:14 INFO      --- Board Before: [13, 0, 0, 0, 0, 0, 0, 0, 0, 0, 0]
2026 03 03 03:08:14 INFO      --- Action: C10;Q2;J0
2026 03 03 03:08:14 INFO      --- Board After: [10, 10, 0, 0, 0, 0, 0, 0, 0, 0, 0]
2026 03 03 03:08:14 INFO      -- Player 0 - _RL_RL
2026 03 03 03:08:14 INFO      --- Player Hand: [0, 0, 0, 0, 0, 5, 5, 5, 7, 7, 7, 8, 8, 10, 11, 11, 11]
2026 03 03 03:08:14 INFO      --- Board Before: [10, 10, 0, 0, 0, 0, 0, 0, 0, 0, 0]
2026 03 03 03:08:14 INFO      --- Action: C9;Q3;J0
2026 03 03 03:08:14 INFO      --- Board After: [9, 9, 9, 0, 0, 0, 0, 0, 0, 0, 0]
2026 03 03 03:08:14 INFO      -- Player 1 - RANDOM_R0
2026 03 03 03:08:14 INFO      --- Player Hand: [0, 0, 0, 0, 0, 3, 5, 6, 7, 8, 9, 9, 9, 11, 11, 11, 11]
2026 03 03 03:08:14 INFO      --- Board Before: [9, 9, 9, 0, 0, 0, 0, 0, 0, 0, 0]
2026 03 03 03:08:14 INFO      --- Action: pass
2026 03 03 03:08:14 INFO      --- Board After: [9, 9, 9, 0, 0, 0, 0, 0, 0, 0, 0]
2026 03 03 03:08:14 INFO      -- Player 2 - RANDOM_R1
2026 03 03 03:08:14 INFO      --- Player Hand: [0, 0, 0, 0, 0, 1, 3, 4, 4, 6, 6, 6, 6, 7, 8, 9, 10]
2026 03 03 03:08:14 INFO      --- Board Before: [9, 9, 9, 0, 0, 0, 0, 0, 0, 0, 0]
2026 03 03 03:08:14 INFO      --- Action: pass
2026 03 03 03:08:14 INFO      --- Board After: [9, 9, 9, 0, 0, 0, 0, 0, 0, 0, 0]
2026 03 03 03:08:14 INFO      -- Player 3 - RANDOM_R2
2026 03 03 03:08:14 INFO      --- Player Hand: [0, 0, 0, 0, 0, 3, 6, 7, 7, 8, 8, 8, 9, 9, 10, 11, 11]
2026 03 03 03:08:14 INFO      --- Board Before: [9, 9, 9, 0, 0, 0, 0, 0, 0, 0, 0]
2026 03 03 03:08:14 INFO      --- Action: pass
2026 03 03 03:08:14 INFO      --- Board After: [9, 9, 9, 0, 0, 0, 0, 0, 0, 0, 0]
2026 03 03 03:08:14 INFO     -----------------------------------------------------------------------------------------------------
2026 03 03 03:08:14 INFO     _RL_RL Made a Pizza!!!
2026 03 03 03:08:14 INFO     -----------------------------------------------------------------------------------------------------
2026 03 03 03:08:14 INFO     -----------------------------------------------------------------------------------------------------
2026 03 03 03:08:14 INFO     Round:4
2026 03 03 03:08:14 INFO     -----------------------------------------------------------------------------------------------------
2026 03 03 03:08:14 INFO      -- Player 0 - _RL_RL
2026 03 03 03:08:14 INFO      --- Player Hand: [0, 0, 0, 0, 0, 0, 0, 0, 5, 5, 5, 8, 8, 10, 11, 11, 11]
2026 03 03 03:08:14 INFO      --- Board Before: [13, 0, 0, 0, 0, 0, 0, 0, 0, 0, 0]
2026 03 03 03:08:14 INFO      --- Action: C7;Q3;J0
2026 03 03 03:08:14 INFO      --- Board After: [7, 7, 7, 0, 0, 0, 0, 0, 0, 0, 0]
2026 03 03 03:08:14 INFO      -- Player 1 - RANDOM_R0
2026 03 03 03:08:14 INFO      --- Player Hand: [0, 0, 0, 0, 0, 3, 5, 6, 7, 8, 9, 9, 9, 11, 11, 11, 11]
2026 03 03 03:08:14 INFO      --- Board Before: [7, 7, 7, 0, 0, 0, 0, 0, 0, 0, 0]
2026 03 03 03:08:14 INFO      --- Action: pass
2026 03 03 03:08:14 INFO      --- Board After: [7, 7, 7, 0, 0, 0, 0, 0, 0, 0, 0]
2026 03 03 03:08:14 INFO      -- Player 2 - RANDOM_R1
2026 03 03 03:08:14 INFO      --- Player Hand: [0, 0, 0, 0, 0, 0, 0, 0, 0, 1, 3, 4, 4, 7, 8, 9, 10]
2026 03 03 03:08:14 INFO      --- Board Before: [7, 7, 7, 0, 0, 0, 0, 0, 0, 0, 0]
2026 03 03 03:08:14 INFO      --- Action: C6;Q4;J0
2026 03 03 03:08:14 INFO      --- Board After: [6, 6, 6, 6, 0, 0, 0, 0, 0, 0, 0]
2026 03 03 03:08:14 INFO      -- Player 3 - RANDOM_R2
2026 03 03 03:08:14 INFO      --- Player Hand: [0, 0, 0, 0, 0, 3, 6, 7, 7, 8, 8, 8, 9, 9, 10, 11, 11]
2026 03 03 03:08:14 INFO      --- Board Before: [6, 6, 6, 6, 0, 0, 0, 0, 0, 0, 0]
2026 03 03 03:08:14 INFO      --- Action: pass
2026 03 03 03:08:14 INFO      --- Board After: [6, 6, 6, 6, 0, 0, 0, 0, 0, 0, 0]
2026 03 03 03:08:14 INFO      -- Player 0 - _RL_RL
2026 03 03 03:08:14 INFO      --- Player Hand: [0, 0, 0, 0, 0, 0, 0, 0, 5, 5, 5, 8, 8, 10, 11, 11, 11]
2026 03 03 03:08:14 INFO      --- Board Before: [6, 6, 6, 6, 0, 0, 0, 0, 0, 0, 0]
2026 03 03 03:08:14 INFO      --- Action: pass
2026 03 03 03:08:14 INFO      --- Board After: [6, 6, 6, 6, 0, 0, 0, 0, 0, 0, 0]
2026 03 03 03:08:14 INFO     -----------------------------------------------------------------------------------------------------
2026 03 03 03:08:14 INFO     RANDOM_R1 Made a Pizza!!!
2026 03 03 03:08:14 INFO     -----------------------------------------------------------------------------------------------------
2026 03 03 03:08:14 INFO     -----------------------------------------------------------------------------------------------------
2026 03 03 03:08:14 INFO     Round:5
2026 03 03 03:08:14 INFO     -----------------------------------------------------------------------------------------------------
2026 03 03 03:08:14 INFO      -- Player 2 - RANDOM_R1
2026 03 03 03:08:14 INFO      --- Player Hand: [0, 0, 0, 0, 0, 0, 0, 0, 0, 0, 1, 3, 4, 4, 8, 9, 10]
2026 03 03 03:08:14 INFO      --- Board Before: [13, 0, 0, 0, 0, 0, 0, 0, 0, 0, 0]
2026 03 03 03:08:14 INFO      --- Action: C7;Q1;J0
2026 03 03 03:08:14 INFO      --- Board After: [7, 0, 0, 0, 0, 0, 0, 0, 0, 0, 0]
2026 03 03 03:08:14 INFO      -- Player 3 - RANDOM_R2
2026 03 03 03:08:14 INFO      --- Player Hand: [0, 0, 0, 0, 0, 0, 3, 7, 7, 8, 8, 8, 9, 9, 10, 11, 11]
2026 03 03 03:08:14 INFO      --- Board Before: [7, 0, 0, 0, 0, 0, 0, 0, 0, 0, 0]
2026 03 03 03:08:14 INFO      --- Action: C6;Q1;J0
2026 03 03 03:08:14 INFO      --- Board After: [6, 0, 0, 0, 0, 0, 0, 0, 0, 0, 0]
2026 03 03 03:08:14 INFO      -- Player 0 - _RL_RL
2026 03 03 03:08:14 INFO      --- Player Hand: [0, 0, 0, 0, 0, 0, 0, 0, 5, 5, 5, 8, 8, 10, 11, 11, 11]
2026 03 03 03:08:14 INFO      --- Board Before: [6, 0, 0, 0, 0, 0, 0, 0, 0, 0, 0]
2026 03 03 03:08:14 INFO      --- Action: pass
2026 03 03 03:08:14 INFO      --- Board After: [6, 0, 0, 0, 0, 0, 0, 0, 0, 0, 0]
2026 03 03 03:08:14 INFO      -- Player 1 - RANDOM_R0
2026 03 03 03:08:14 INFO      --- Player Hand: [0, 0, 0, 0, 0, 0, 5, 6, 7, 8, 9, 9, 9, 11, 11, 11, 11]
2026 03 03 03:08:14 INFO      --- Board Before: [6, 0, 0, 0, 0, 0, 0, 0, 0, 0, 0]
2026 03 03 03:08:14 INFO      --- Action: C3;Q1;J0
2026 03 03 03:08:14 INFO      --- Board After: [3, 0, 0, 0, 0, 0, 0, 0, 0, 0, 0]
2026 03 03 03:08:14 INFO      -- Player 2 - RANDOM_R1
2026 03 03 03:08:14 INFO      --- Player Hand: [0, 0, 0, 0, 0, 0, 0, 0, 0, 0, 0, 3, 4, 4, 8, 9, 10]
2026 03 03 03:08:14 INFO      --- Board Before: [3, 0, 0, 0, 0, 0, 0, 0, 0, 0, 0]
2026 03 03 03:08:14 INFO      --- Action: C1;Q1;J0
2026 03 03 03:08:14 INFO      --- Board After: [1, 0, 0, 0, 0, 0, 0, 0, 0, 0, 0]
2026 03 03 03:08:14 INFO      -- Player 3 - RANDOM_R2
2026 03 03 03:08:14 INFO      --- Player Hand: [0, 0, 0, 0, 0, 0, 3, 7, 7, 8, 8, 8, 9, 9, 10, 11, 11]
2026 03 03 03:08:14 INFO      --- Board Before: [1, 0, 0, 0, 0, 0, 0, 0, 0, 0, 0]
2026 03 03 03:08:14 INFO      --- Action: pass
2026 03 03 03:08:14 INFO      --- Board After: [1, 0, 0, 0, 0, 0, 0, 0, 0, 0, 0]
2026 03 03 03:08:14 INFO      -- Player 1 - RANDOM_R0
2026 03 03 03:08:14 INFO      --- Player Hand: [0, 0, 0, 0, 0, 0, 5, 6, 7, 8, 9, 9, 9, 11, 11, 11, 11]
2026 03 03 03:08:14 INFO      --- Board Before: [1, 0, 0, 0, 0, 0, 0, 0, 0, 0, 0]
2026 03 03 03:08:14 INFO      --- Action: pass
2026 03 03 03:08:14 INFO      --- Board After: [1, 0, 0, 0, 0, 0, 0, 0, 0, 0, 0]
2026 03 03 03:08:14 INFO     -----------------------------------------------------------------------------------------------------
2026 03 03 03:08:14 INFO     RANDOM_R1 Made a Pizza!!!
2026 03 03 03:08:14 INFO     -----------------------------------------------------------------------------------------------------
2026 03 03 03:08:14 INFO     -----------------------------------------------------------------------------------------------------
2026 03 03 03:08:14 INFO     Round:6
2026 03 03 03:08:14 INFO     -----------------------------------------------------------------------------------------------------
2026 03 03 03:08:14 INFO      -- Player 2 - RANDOM_R1
2026 03 03 03:08:14 INFO      --- Player Hand: [0, 0, 0, 0, 0, 0, 0, 0, 0, 0, 0, 0, 4, 4, 8, 9, 10]
2026 03 03 03:08:14 INFO      --- Board Before: [13, 0, 0, 0, 0, 0, 0, 0, 0, 0, 0]
2026 03 03 03:08:14 INFO      --- Action: C3;Q1;J0
2026 03 03 03:08:14 INFO      --- Board After: [3, 0, 0, 0, 0, 0, 0, 0, 0, 0, 0]
2026 03 03 03:08:14 INFO      -- Player 3 - RANDOM_R2
2026 03 03 03:08:14 INFO      --- Player Hand: [0, 0, 0, 0, 0, 0, 3, 7, 7, 8, 8, 8, 9, 9, 10, 11, 11]
2026 03 03 03:08:14 INFO      --- Board Before: [3, 0, 0, 0, 0, 0, 0, 0, 0, 0, 0]
2026 03 03 03:08:14 INFO      --- Action: pass
2026 03 03 03:08:14 INFO      --- Board After: [3, 0, 0, 0, 0, 0, 0, 0, 0, 0, 0]
2026 03 03 03:08:14 INFO      -- Player 0 - _RL_RL
2026 03 03 03:08:14 INFO      --- Player Hand: [0, 0, 0, 0, 0, 0, 0, 0, 5, 5, 5, 8, 8, 10, 11, 11, 11]
2026 03 03 03:08:14 INFO      --- Board Before: [3, 0, 0, 0, 0, 0, 0, 0, 0, 0, 0]
2026 03 03 03:08:14 INFO      --- Action: pass
2026 03 03 03:08:14 INFO      --- Board After: [3, 0, 0, 0, 0, 0, 0, 0, 0, 0, 0]
2026 03 03 03:08:14 INFO      -- Player 1 - RANDOM_R0
2026 03 03 03:08:14 INFO      --- Player Hand: [0, 0, 0, 0, 0, 0, 5, 6, 7, 8, 9, 9, 9, 11, 11, 11, 11]
2026 03 03 03:08:14 INFO      --- Board Before: [3, 0, 0, 0, 0, 0, 0, 0, 0, 0, 0]
2026 03 03 03:08:14 INFO      --- Action: pass
2026 03 03 03:08:14 INFO      --- Board After: [3, 0, 0, 0, 0, 0, 0, 0, 0, 0, 0]
2026 03 03 03:08:14 INFO     -----------------------------------------------------------------------------------------------------
2026 03 03 03:08:14 INFO     RANDOM_R1 Made a Pizza!!!
2026 03 03 03:08:14 INFO     -----------------------------------------------------------------------------------------------------
2026 03 03 03:08:14 INFO     -----------------------------------------------------------------------------------------------------
2026 03 03 03:08:14 INFO     Round:7
2026 03 03 03:08:14 INFO     -----------------------------------------------------------------------------------------------------
2026 03 03 03:08:14 INFO      -- Player 2 - RANDOM_R1
2026 03 03 03:08:14 INFO      --- Player Hand: [0, 0, 0, 0, 0, 0, 0, 0, 0, 0, 0, 0, 0, 0, 8, 9, 10]
2026 03 03 03:08:14 INFO      --- Board Before: [13, 0, 0, 0, 0, 0, 0, 0, 0, 0, 0]
2026 03 03 03:08:14 INFO      --- Action: C4;Q2;J0
2026 03 03 03:08:14 INFO      --- Board After: [4, 4, 0, 0, 0, 0, 0, 0, 0, 0, 0]
2026 03 03 03:08:14 INFO      -- Player 3 - RANDOM_R2
2026 03 03 03:08:14 INFO      --- Player Hand: [0, 0, 0, 0, 0, 0, 3, 7, 7, 8, 8, 8, 9, 9, 10, 11, 11]
2026 03 03 03:08:14 INFO      --- Board Before: [4, 4, 0, 0, 0, 0, 0, 0, 0, 0, 0]
2026 03 03 03:08:14 INFO      --- Action: pass
2026 03 03 03:08:14 INFO      --- Board After: [4, 4, 0, 0, 0, 0, 0, 0, 0, 0, 0]
2026 03 03 03:08:14 INFO      -- Player 0 - _RL_RL
2026 03 03 03:08:14 INFO      --- Player Hand: [0, 0, 0, 0, 0, 0, 0, 0, 5, 5, 5, 8, 8, 10, 11, 11, 11]
2026 03 03 03:08:14 INFO      --- Board Before: [4, 4, 0, 0, 0, 0, 0, 0, 0, 0, 0]
2026 03 03 03:08:14 INFO      --- Action: pass
2026 03 03 03:08:14 INFO      --- Board After: [4, 4, 0, 0, 0, 0, 0, 0, 0, 0, 0]
2026 03 03 03:08:14 INFO      -- Player 1 - RANDOM_R0
2026 03 03 03:08:14 INFO      --- Player Hand: [0, 0, 0, 0, 0, 0, 5, 6, 7, 8, 9, 9, 9, 11, 11, 11, 11]
2026 03 03 03:08:14 INFO      --- Board Before: [4, 4, 0, 0, 0, 0, 0, 0, 0, 0, 0]
2026 03 03 03:08:14 INFO      --- Action: pass
2026 03 03 03:08:14 INFO      --- Board After: [4, 4, 0, 0, 0, 0, 0, 0, 0, 0, 0]
2026 03 03 03:08:14 INFO     -----------------------------------------------------------------------------------------------------
2026 03 03 03:08:14 INFO     RANDOM_R1 Made a Pizza!!!
2026 03 03 03:08:14 INFO     -----------------------------------------------------------------------------------------------------
2026 03 03 03:08:14 INFO     -----------------------------------------------------------------------------------------------------
2026 03 03 03:08:14 INFO     Round:8
2026 03 03 03:08:14 INFO     -----------------------------------------------------------------------------------------------------
2026 03 03 03:08:14 INFO      -- Player 2 - RANDOM_R1
2026 03 03 03:08:14 INFO      --- Player Hand: [0, 0, 0, 0, 0, 0, 0, 0, 0, 0, 0, 0, 0, 0, 0, 8, 9]
2026 03 03 03:08:14 INFO      --- Board Before: [13, 0, 0, 0, 0, 0, 0, 0, 0, 0, 0]
2026 03 03 03:08:14 INFO      --- Action: C10;Q1;J0
2026 03 03 03:08:14 INFO      --- Board After: [10, 0, 0, 0, 0, 0, 0, 0, 0, 0, 0]
2026 03 03 03:08:14 INFO      -- Player 3 - RANDOM_R2
2026 03 03 03:08:14 INFO      --- Player Hand: [0, 0, 0, 0, 0, 0, 0, 3, 7, 8, 8, 8, 9, 9, 10, 11, 11]
2026 03 03 03:08:14 INFO      --- Board Before: [10, 0, 0, 0, 0, 0, 0, 0, 0, 0, 0]
2026 03 03 03:08:14 INFO      --- Action: C7;Q1;J0
2026 03 03 03:08:14 INFO      --- Board After: [7, 0, 0, 0, 0, 0, 0, 0, 0, 0, 0]
2026 03 03 03:08:14 INFO      -- Player 0 - _RL_RL
2026 03 03 03:08:14 INFO      --- Player Hand: [0, 0, 0, 0, 0, 0, 0, 0, 0, 0, 0, 8, 8, 10, 11, 11, 11]
2026 03 03 03:08:14 INFO      --- Board Before: [7, 0, 0, 0, 0, 0, 0, 0, 0, 0, 0]
2026 03 03 03:08:14 INFO      --- Action: C5;Q3;J0
2026 03 03 03:08:14 INFO      --- Board After: [5, 5, 5, 0, 0, 0, 0, 0, 0, 0, 0]
2026 03 03 03:08:14 INFO      -- Player 1 - RANDOM_R0
2026 03 03 03:08:14 INFO      --- Player Hand: [0, 0, 0, 0, 0, 0, 5, 6, 7, 8, 9, 9, 9, 11, 11, 11, 11]
2026 03 03 03:08:14 INFO      --- Board Before: [5, 5, 5, 0, 0, 0, 0, 0, 0, 0, 0]
2026 03 03 03:08:14 INFO      --- Action: pass
2026 03 03 03:08:14 INFO      --- Board After: [5, 5, 5, 0, 0, 0, 0, 0, 0, 0, 0]
2026 03 03 03:08:14 INFO      -- Player 2 - RANDOM_R1
2026 03 03 03:08:14 INFO      --- Player Hand: [0, 0, 0, 0, 0, 0, 0, 0, 0, 0, 0, 0, 0, 0, 0, 8, 9]
2026 03 03 03:08:14 INFO      --- Board Before: [5, 5, 5, 0, 0, 0, 0, 0, 0, 0, 0]
2026 03 03 03:08:14 INFO      --- Action: pass
2026 03 03 03:08:14 INFO      --- Board After: [5, 5, 5, 0, 0, 0, 0, 0, 0, 0, 0]
2026 03 03 03:08:14 INFO      -- Player 3 - RANDOM_R2
2026 03 03 03:08:14 INFO      --- Player Hand: [0, 0, 0, 0, 0, 0, 0, 3, 7, 8, 8, 8, 9, 9, 10, 11, 11]
2026 03 03 03:08:14 INFO      --- Board Before: [5, 5, 5, 0, 0, 0, 0, 0, 0, 0, 0]
2026 03 03 03:08:14 INFO      --- Action: pass
2026 03 03 03:08:14 INFO      --- Board After: [5, 5, 5, 0, 0, 0, 0, 0, 0, 0, 0]
2026 03 03 03:08:14 INFO     -----------------------------------------------------------------------------------------------------
2026 03 03 03:08:14 INFO     _RL_RL Made a Pizza!!!
2026 03 03 03:08:14 INFO     -----------------------------------------------------------------------------------------------------
2026 03 03 03:08:14 INFO     -----------------------------------------------------------------------------------------------------
2026 03 03 03:08:14 INFO     Round:9
2026 03 03 03:08:14 INFO     -----------------------------------------------------------------------------------------------------
2026 03 03 03:08:14 INFO      -- Player 0 - _RL_RL
2026 03 03 03:08:14 INFO      --- Player Hand: [0, 0, 0, 0, 0, 0, 0, 0, 0, 0, 0, 0, 0, 0, 8, 8, 10]
2026 03 03 03:08:14 INFO      --- Board Before: [13, 0, 0, 0, 0, 0, 0, 0, 0, 0, 0]
2026 03 03 03:08:14 INFO      --- Action: C11;Q3;J0
2026 03 03 03:08:14 INFO      --- Board After: [11, 11, 11, 0, 0, 0, 0, 0, 0, 0, 0]
2026 03 03 03:08:14 INFO      -- Player 1 - RANDOM_R0
2026 03 03 03:08:14 INFO      --- Player Hand: [0, 0, 0, 0, 0, 0, 0, 0, 0, 5, 6, 7, 8, 11, 11, 11, 11]
2026 03 03 03:08:14 INFO      --- Board Before: [11, 11, 11, 0, 0, 0, 0, 0, 0, 0, 0]
2026 03 03 03:08:14 INFO      --- Action: C9;Q3;J0
2026 03 03 03:08:14 INFO      --- Board After: [9, 9, 9, 0, 0, 0, 0, 0, 0, 0, 0]
2026 03 03 03:08:14 INFO      -- Player 2 - RANDOM_R1
2026 03 03 03:08:14 INFO      --- Player Hand: [0, 0, 0, 0, 0, 0, 0, 0, 0, 0, 0, 0, 0, 0, 0, 8, 9]
2026 03 03 03:08:14 INFO      --- Board Before: [9, 9, 9, 0, 0, 0, 0, 0, 0, 0, 0]
2026 03 03 03:08:14 INFO      --- Action: pass
2026 03 03 03:08:14 INFO      --- Board After: [9, 9, 9, 0, 0, 0, 0, 0, 0, 0, 0]
2026 03 03 03:08:14 INFO      -- Player 3 - RANDOM_R2
2026 03 03 03:08:14 INFO      --- Player Hand: [0, 0, 0, 0, 0, 0, 0, 0, 0, 0, 3, 7, 9, 9, 10, 11, 11]
2026 03 03 03:08:14 INFO      --- Board Before: [9, 9, 9, 0, 0, 0, 0, 0, 0, 0, 0]
2026 03 03 03:08:14 INFO      --- Action: C8;Q3;J0
2026 03 03 03:08:14 INFO      --- Board After: [8, 8, 8, 0, 0, 0, 0, 0, 0, 0, 0]
2026 03 03 03:08:14 INFO      -- Player 0 - _RL_RL
2026 03 03 03:08:14 INFO      --- Player Hand: [0, 0, 0, 0, 0, 0, 0, 0, 0, 0, 0, 0, 0, 0, 8, 8, 10]
2026 03 03 03:08:14 INFO      --- Board Before: [8, 8, 8, 0, 0, 0, 0, 0, 0, 0, 0]
2026 03 03 03:08:14 INFO      --- Action: pass
2026 03 03 03:08:14 INFO      --- Board After: [8, 8, 8, 0, 0, 0, 0, 0, 0, 0, 0]
2026 03 03 03:08:14 INFO      -- Player 1 - RANDOM_R0
2026 03 03 03:08:14 INFO      --- Player Hand: [0, 0, 0, 0, 0, 0, 0, 0, 0, 5, 6, 7, 8, 11, 11, 11, 11]
2026 03 03 03:08:14 INFO      --- Board Before: [8, 8, 8, 0, 0, 0, 0, 0, 0, 0, 0]
2026 03 03 03:08:14 INFO      --- Action: pass
2026 03 03 03:08:14 INFO      --- Board After: [8, 8, 8, 0, 0, 0, 0, 0, 0, 0, 0]
2026 03 03 03:08:14 INFO     -----------------------------------------------------------------------------------------------------
2026 03 03 03:08:14 INFO     RANDOM_R2 Made a Pizza!!!
2026 03 03 03:08:14 INFO     -----------------------------------------------------------------------------------------------------
2026 03 03 03:08:14 INFO     -----------------------------------------------------------------------------------------------------
2026 03 03 03:08:14 INFO     Round:10
2026 03 03 03:08:14 INFO     -----------------------------------------------------------------------------------------------------
2026 03 03 03:08:14 INFO      -- Player 3 - RANDOM_R2
2026 03 03 03:08:14 INFO      --- Player Hand: [0, 0, 0, 0, 0, 0, 0, 0, 0, 0, 0, 3, 9, 9, 10, 11, 11]
2026 03 03 03:08:14 INFO      --- Board Before: [13, 0, 0, 0, 0, 0, 0, 0, 0, 0, 0]
2026 03 03 03:08:14 INFO      --- Action: C7;Q1;J0
2026 03 03 03:08:14 INFO      --- Board After: [7, 0, 0, 0, 0, 0, 0, 0, 0, 0, 0]
2026 03 03 03:08:14 INFO      -- Player 0 - _RL_RL
2026 03 03 03:08:14 INFO      --- Player Hand: [0, 0, 0, 0, 0, 0, 0, 0, 0, 0, 0, 0, 0, 0, 8, 8, 10]
2026 03 03 03:08:14 INFO      --- Board Before: [7, 0, 0, 0, 0, 0, 0, 0, 0, 0, 0]
2026 03 03 03:08:14 INFO      --- Action: pass
2026 03 03 03:08:14 INFO      --- Board After: [7, 0, 0, 0, 0, 0, 0, 0, 0, 0, 0]
2026 03 03 03:08:14 INFO      -- Player 1 - RANDOM_R0
2026 03 03 03:08:14 INFO      --- Player Hand: [0, 0, 0, 0, 0, 0, 0, 0, 0, 0, 5, 7, 8, 11, 11, 11, 11]
2026 03 03 03:08:14 INFO      --- Board Before: [7, 0, 0, 0, 0, 0, 0, 0, 0, 0, 0]
2026 03 03 03:08:14 INFO      --- Action: C6;Q1;J0
2026 03 03 03:08:14 INFO      --- Board After: [6, 0, 0, 0, 0, 0, 0, 0, 0, 0, 0]
2026 03 03 03:08:14 INFO      -- Player 2 - RANDOM_R1
2026 03 03 03:08:14 INFO      --- Player Hand: [0, 0, 0, 0, 0, 0, 0, 0, 0, 0, 0, 0, 0, 0, 0, 8, 9]
2026 03 03 03:08:14 INFO      --- Board Before: [6, 0, 0, 0, 0, 0, 0, 0, 0, 0, 0]
2026 03 03 03:08:14 INFO      --- Action: pass
2026 03 03 03:08:14 INFO      --- Board After: [6, 0, 0, 0, 0, 0, 0, 0, 0, 0, 0]
2026 03 03 03:08:14 INFO      -- Player 3 - RANDOM_R2
2026 03 03 03:08:14 INFO      --- Player Hand: [0, 0, 0, 0, 0, 0, 0, 0, 0, 0, 0, 3, 9, 9, 10, 11, 11]
2026 03 03 03:08:14 INFO      --- Board Before: [6, 0, 0, 0, 0, 0, 0, 0, 0, 0, 0]
2026 03 03 03:08:14 INFO      --- Action: pass
2026 03 03 03:08:14 INFO      --- Board After: [6, 0, 0, 0, 0, 0, 0, 0, 0, 0, 0]
2026 03 03 03:08:14 INFO     -----------------------------------------------------------------------------------------------------
2026 03 03 03:08:14 INFO     RANDOM_R0 Made a Pizza!!!
2026 03 03 03:08:14 INFO     -----------------------------------------------------------------------------------------------------
2026 03 03 03:08:14 INFO     -----------------------------------------------------------------------------------------------------
2026 03 03 03:08:14 INFO     Round:11
2026 03 03 03:08:14 INFO     -----------------------------------------------------------------------------------------------------
2026 03 03 03:08:14 INFO      -- Player 1 - RANDOM_R0
2026 03 03 03:08:14 INFO      --- Player Hand: [0, 0, 0, 0, 0, 0, 0, 0, 0, 0, 0, 7, 8, 11, 11, 11, 11]
2026 03 03 03:08:14 INFO      --- Board Before: [13, 0, 0, 0, 0, 0, 0, 0, 0, 0, 0]
2026 03 03 03:08:14 INFO      --- Action: C5;Q1;J0
2026 03 03 03:08:14 INFO      --- Board After: [5, 0, 0, 0, 0, 0, 0, 0, 0, 0, 0]
2026 03 03 03:08:14 INFO      -- Player 2 - RANDOM_R1
2026 03 03 03:08:14 INFO      --- Player Hand: [0, 0, 0, 0, 0, 0, 0, 0, 0, 0, 0, 0, 0, 0, 0, 8, 9]
2026 03 03 03:08:14 INFO      --- Board Before: [5, 0, 0, 0, 0, 0, 0, 0, 0, 0, 0]
2026 03 03 03:08:14 INFO      --- Action: pass
2026 03 03 03:08:14 INFO      --- Board After: [5, 0, 0, 0, 0, 0, 0, 0, 0, 0, 0]
2026 03 03 03:08:14 INFO      -- Player 3 - RANDOM_R2
2026 03 03 03:08:14 INFO      --- Player Hand: [0, 0, 0, 0, 0, 0, 0, 0, 0, 0, 0, 0, 9, 9, 10, 11, 11]
2026 03 03 03:08:14 INFO      --- Board Before: [5, 0, 0, 0, 0, 0, 0, 0, 0, 0, 0]
2026 03 03 03:08:14 INFO      --- Action: C3;Q1;J0
2026 03 03 03:08:14 INFO      --- Board After: [3, 0, 0, 0, 0, 0, 0, 0, 0, 0, 0]
2026 03 03 03:08:14 INFO      -- Player 0 - _RL_RL
2026 03 03 03:08:14 INFO      --- Player Hand: [0, 0, 0, 0, 0, 0, 0, 0, 0, 0, 0, 0, 0, 0, 8, 8, 10]
2026 03 03 03:08:14 INFO      --- Board Before: [3, 0, 0, 0, 0, 0, 0, 0, 0, 0, 0]
2026 03 03 03:08:14 INFO      --- Action: pass
2026 03 03 03:08:14 INFO      --- Board After: [3, 0, 0, 0, 0, 0, 0, 0, 0, 0, 0]
2026 03 03 03:08:14 INFO      -- Player 1 - RANDOM_R0
2026 03 03 03:08:14 INFO      --- Player Hand: [0, 0, 0, 0, 0, 0, 0, 0, 0, 0, 0, 7, 8, 11, 11, 11, 11]
2026 03 03 03:08:14 INFO      --- Board Before: [3, 0, 0, 0, 0, 0, 0, 0, 0, 0, 0]
2026 03 03 03:08:14 INFO      --- Action: pass
2026 03 03 03:08:14 INFO      --- Board After: [3, 0, 0, 0, 0, 0, 0, 0, 0, 0, 0]
2026 03 03 03:08:14 INFO     -----------------------------------------------------------------------------------------------------
2026 03 03 03:08:14 INFO     RANDOM_R2 Made a Pizza!!!
2026 03 03 03:08:14 INFO     -----------------------------------------------------------------------------------------------------
2026 03 03 03:08:14 INFO     -----------------------------------------------------------------------------------------------------
2026 03 03 03:08:14 INFO     Round:12
2026 03 03 03:08:14 INFO     -----------------------------------------------------------------------------------------------------
2026 03 03 03:08:14 INFO      -- Player 3 - RANDOM_R2
2026 03 03 03:08:14 INFO      --- Player Hand: [0, 0, 0, 0, 0, 0, 0, 0, 0, 0, 0, 0, 0, 0, 10, 11, 11]
2026 03 03 03:08:14 INFO      --- Board Before: [13, 0, 0, 0, 0, 0, 0, 0, 0, 0, 0]
2026 03 03 03:08:14 INFO      --- Action: C9;Q2;J0
2026 03 03 03:08:14 INFO      --- Board After: [9, 9, 0, 0, 0, 0, 0, 0, 0, 0, 0]
2026 03 03 03:08:14 INFO      -- Player 0 - _RL_RL
2026 03 03 03:08:14 INFO      --- Player Hand: [0, 0, 0, 0, 0, 0, 0, 0, 0, 0, 0, 0, 0, 0, 0, 0, 10]
2026 03 03 03:08:14 INFO      --- Board Before: [9, 9, 0, 0, 0, 0, 0, 0, 0, 0, 0]
2026 03 03 03:08:14 INFO      --- Action: C8;Q2;J0
2026 03 03 03:08:14 INFO      --- Board After: [8, 8, 0, 0, 0, 0, 0, 0, 0, 0, 0]
2026 03 03 03:08:15 INFO      -- Player 1 - RANDOM_R0
2026 03 03 03:08:15 INFO      --- Player Hand: [0, 0, 0, 0, 0, 0, 0, 0, 0, 0, 0, 7, 8, 11, 11, 11, 11]
2026 03 03 03:08:15 INFO      --- Board Before: [8, 8, 0, 0, 0, 0, 0, 0, 0, 0, 0]
2026 03 03 03:08:15 INFO      --- Action: pass
2026 03 03 03:08:15 INFO      --- Board After: [8, 8, 0, 0, 0, 0, 0, 0, 0, 0, 0]
2026 03 03 03:08:15 INFO      -- Player 2 - RANDOM_R1
2026 03 03 03:08:15 INFO      --- Player Hand: [0, 0, 0, 0, 0, 0, 0, 0, 0, 0, 0, 0, 0, 0, 0, 8, 9]
2026 03 03 03:08:15 INFO      --- Board Before: [8, 8, 0, 0, 0, 0, 0, 0, 0, 0, 0]
2026 03 03 03:08:15 INFO      --- Action: pass
2026 03 03 03:08:15 INFO      --- Board After: [8, 8, 0, 0, 0, 0, 0, 0, 0, 0, 0]
2026 03 03 03:08:15 INFO      -- Player 3 - RANDOM_R2
2026 03 03 03:08:15 INFO      --- Player Hand: [0, 0, 0, 0, 0, 0, 0, 0, 0, 0, 0, 0, 0, 0, 10, 11, 11]
2026 03 03 03:08:15 INFO      --- Board Before: [8, 8, 0, 0, 0, 0, 0, 0, 0, 0, 0]
2026 03 03 03:08:15 INFO      --- Action: pass
2026 03 03 03:08:15 INFO      --- Board After: [8, 8, 0, 0, 0, 0, 0, 0, 0, 0, 0]
2026 03 03 03:08:15 INFO     -----------------------------------------------------------------------------------------------------
2026 03 03 03:08:15 INFO     _RL_RL Made a Pizza!!!
2026 03 03 03:08:15 INFO     -----------------------------------------------------------------------------------------------------
2026 03 03 03:08:15 INFO     -----------------------------------------------------------------------------------------------------
2026 03 03 03:08:15 INFO     Round:13
2026 03 03 03:08:15 INFO     -----------------------------------------------------------------------------------------------------
2026 03 03 03:08:15 INFO      -- Player 0 - _RL_RL
2026 03 03 03:08:15 INFO      --- Player Hand: [0. 0. 0. 0. 0. 0. 0. 0. 0. 0. 0. 0. 0. 0. 0. 0. 0.]
2026 03 03 03:08:15 INFO      --- Board Before: [13, 0, 0, 0, 0, 0, 0, 0, 0, 0, 0]
2026 03 03 03:08:15 INFO      --- Action: C10;Q1;J0
2026 03 03 03:08:15 INFO      --- Player Finished!
2026 03 03 03:08:15 INFO      --- Board After: [10, 0, 0, 0, 0, 0, 0, 0, 0, 0, 0]
2026 03 03 03:08:15 INFO      -- Player 1 - RANDOM_R0
2026 03 03 03:08:15 INFO      --- Player Hand: [0, 0, 0, 0, 0, 0, 0, 0, 0, 0, 0, 0, 8, 11, 11, 11, 11]
2026 03 03 03:08:15 INFO      --- Board Before: [10, 0, 0, 0, 0, 0, 0, 0, 0, 0, 0]
2026 03 03 03:08:15 INFO      --- Action: C7;Q1;J0
2026 03 03 03:08:15 INFO      --- Board After: [7, 0, 0, 0, 0, 0, 0, 0, 0, 0, 0]
2026 03 03 03:08:15 INFO      -- Player 2 - RANDOM_R1
2026 03 03 03:08:15 INFO      --- Player Hand: [0, 0, 0, 0, 0, 0, 0, 0, 0, 0, 0, 0, 0, 0, 0, 8, 9]
2026 03 03 03:08:15 INFO      --- Board Before: [7, 0, 0, 0, 0, 0, 0, 0, 0, 0, 0]
2026 03 03 03:08:15 INFO      --- Action: pass
2026 03 03 03:08:15 INFO      --- Board After: [7, 0, 0, 0, 0, 0, 0, 0, 0, 0, 0]
2026 03 03 03:08:15 INFO      -- Player 3 - RANDOM_R2
2026 03 03 03:08:15 INFO      --- Player Hand: [0, 0, 0, 0, 0, 0, 0, 0, 0, 0, 0, 0, 0, 0, 10, 11, 11]
2026 03 03 03:08:15 INFO      --- Board Before: [7, 0, 0, 0, 0, 0, 0, 0, 0, 0, 0]
2026 03 03 03:08:15 INFO      --- Action: pass
2026 03 03 03:08:15 INFO      --- Board After: [7, 0, 0, 0, 0, 0, 0, 0, 0, 0, 0]
2026 03 03 03:08:15 INFO     -----------------------------------------------------------------------------------------------------
2026 03 03 03:08:15 INFO     RANDOM_R0 Made a Pizza!!!
2026 03 03 03:08:15 INFO     -----------------------------------------------------------------------------------------------------
2026 03 03 03:08:15 INFO     -----------------------------------------------------------------------------------------------------
2026 03 03 03:08:15 INFO     Round:14
2026 03 03 03:08:15 INFO     -----------------------------------------------------------------------------------------------------
2026 03 03 03:08:15 INFO      -- Player 1 - RANDOM_R0
2026 03 03 03:08:15 INFO      --- Player Hand: [0, 0, 0, 0, 0, 0, 0, 0, 0, 0, 0, 0, 0, 0, 0, 8, 11]
2026 03 03 03:08:15 INFO      --- Board Before: [13, 0, 0, 0, 0, 0, 0, 0, 0, 0, 0]
2026 03 03 03:08:15 INFO      --- Action: C11;Q3;J0
2026 03 03 03:08:15 INFO      --- Board After: [11, 11, 11, 0, 0, 0, 0, 0, 0, 0, 0]
2026 03 03 03:08:15 INFO      -- Player 2 - RANDOM_R1
2026 03 03 03:08:15 INFO      --- Player Hand: [0, 0, 0, 0, 0, 0, 0, 0, 0, 0, 0, 0, 0, 0, 0, 8, 9]
2026 03 03 03:08:15 INFO      --- Board Before: [11, 11, 11, 0, 0, 0, 0, 0, 0, 0, 0]
2026 03 03 03:08:15 INFO      --- Action: pass
2026 03 03 03:08:15 INFO      --- Board After: [11, 11, 11, 0, 0, 0, 0, 0, 0, 0, 0]
2026 03 03 03:08:15 INFO      -- Player 3 - RANDOM_R2
2026 03 03 03:08:15 INFO      --- Player Hand: [0, 0, 0, 0, 0, 0, 0, 0, 0, 0, 0, 0, 0, 0, 10, 11, 11]
2026 03 03 03:08:15 INFO      --- Board Before: [11, 11, 11, 0, 0, 0, 0, 0, 0, 0, 0]
2026 03 03 03:08:15 INFO      --- Action: pass
2026 03 03 03:08:15 INFO      --- Board After: [11, 11, 11, 0, 0, 0, 0, 0, 0, 0, 0]
2026 03 03 03:08:15 INFO     -----------------------------------------------------------------------------------------------------
2026 03 03 03:08:15 INFO     RANDOM_R0 Made a Pizza!!!
2026 03 03 03:08:15 INFO     -----------------------------------------------------------------------------------------------------
2026 03 03 03:08:15 INFO     -----------------------------------------------------------------------------------------------------
2026 03 03 03:08:15 INFO     Round:15
2026 03 03 03:08:15 INFO     -----------------------------------------------------------------------------------------------------
2026 03 03 03:08:15 INFO      -- Player 1 - RANDOM_R0
2026 03 03 03:08:15 INFO      --- Player Hand: [0, 0, 0, 0, 0, 0, 0, 0, 0, 0, 0, 0, 0, 0, 0, 0, 8]
2026 03 03 03:08:15 INFO      --- Board Before: [13, 0, 0, 0, 0, 0, 0, 0, 0, 0, 0]
2026 03 03 03:08:15 INFO      --- Action: C11;Q1;J0
2026 03 03 03:08:15 INFO      --- Board After: [11, 0, 0, 0, 0, 0, 0, 0, 0, 0, 0]
2026 03 03 03:08:15 INFO      -- Player 2 - RANDOM_R1
2026 03 03 03:08:15 INFO      --- Player Hand: [0, 0, 0, 0, 0, 0, 0, 0, 0, 0, 0, 0, 0, 0, 0, 0, 9]
2026 03 03 03:08:15 INFO      --- Board Before: [11, 0, 0, 0, 0, 0, 0, 0, 0, 0, 0]
2026 03 03 03:08:15 INFO      --- Action: C8;Q1;J0
2026 03 03 03:08:15 INFO      --- Board After: [8, 0, 0, 0, 0, 0, 0, 0, 0, 0, 0]
2026 03 03 03:08:15 INFO      -- Player 3 - RANDOM_R2
2026 03 03 03:08:15 INFO      --- Player Hand: [0, 0, 0, 0, 0, 0, 0, 0, 0, 0, 0, 0, 0, 0, 10, 11, 11]
2026 03 03 03:08:15 INFO      --- Board Before: [8, 0, 0, 0, 0, 0, 0, 0, 0, 0, 0]
2026 03 03 03:08:15 INFO      --- Action: pass
2026 03 03 03:08:15 INFO      --- Board After: [8, 0, 0, 0, 0, 0, 0, 0, 0, 0, 0]
2026 03 03 03:08:15 INFO      -- Player 1 - RANDOM_R0
2026 03 03 03:08:15 INFO      --- Player Hand: [0, 0, 0, 0, 0, 0, 0, 0, 0, 0, 0, 0, 0, 0, 0, 0, 8]
2026 03 03 03:08:15 INFO      --- Board Before: [8, 0, 0, 0, 0, 0, 0, 0, 0, 0, 0]
2026 03 03 03:08:15 INFO      --- Action: pass
2026 03 03 03:08:15 INFO      --- Board After: [8, 0, 0, 0, 0, 0, 0, 0, 0, 0, 0]
2026 03 03 03:08:15 INFO     -----------------------------------------------------------------------------------------------------
2026 03 03 03:08:15 INFO     RANDOM_R1 Made a Pizza!!!
2026 03 03 03:08:15 INFO     -----------------------------------------------------------------------------------------------------
2026 03 03 03:08:15 INFO     -----------------------------------------------------------------------------------------------------
2026 03 03 03:08:15 INFO     Round:16
2026 03 03 03:08:15 INFO     -----------------------------------------------------------------------------------------------------
2026 03 03 03:08:15 INFO      -- Player 2 - RANDOM_R1
2026 03 03 03:08:15 INFO      --- Player Hand: [0. 0. 0. 0. 0. 0. 0. 0. 0. 0. 0. 0. 0. 0. 0. 0. 0.]
2026 03 03 03:08:15 INFO      --- Board Before: [13, 0, 0, 0, 0, 0, 0, 0, 0, 0, 0]
2026 03 03 03:08:15 INFO      --- Action: C9;Q1;J0
2026 03 03 03:08:15 INFO      --- Player Finished!
2026 03 03 03:08:15 INFO      --- Board After: [9, 0, 0, 0, 0, 0, 0, 0, 0, 0, 0]
2026 03 03 03:08:15 INFO      -- Player 3 - RANDOM_R2
2026 03 03 03:08:15 INFO      --- Player Hand: [0, 0, 0, 0, 0, 0, 0, 0, 0, 0, 0, 0, 0, 0, 10, 11, 11]
2026 03 03 03:08:15 INFO      --- Board Before: [9, 0, 0, 0, 0, 0, 0, 0, 0, 0, 0]
2026 03 03 03:08:15 INFO      --- Action: pass
2026 03 03 03:08:15 INFO      --- Board After: [9, 0, 0, 0, 0, 0, 0, 0, 0, 0, 0]
2026 03 03 03:08:15 INFO      -- Player 1 - RANDOM_R0
2026 03 03 03:08:15 INFO      --- Player Hand: [0, 0, 0, 0, 0, 0, 0, 0, 0, 0, 0, 0, 0, 0, 0, 0, 8]
2026 03 03 03:08:15 INFO      --- Board Before: [9, 0, 0, 0, 0, 0, 0, 0, 0, 0, 0]
2026 03 03 03:08:15 INFO      --- Action: pass
2026 03 03 03:08:15 INFO      --- Board After: [9, 0, 0, 0, 0, 0, 0, 0, 0, 0, 0]
2026 03 03 03:08:15 INFO     -----------------------------------------------------------------------------------------------------
2026 03 03 03:08:15 INFO     RANDOM_R1 Made a Pizza!!!
2026 03 03 03:08:15 INFO     -----------------------------------------------------------------------------------------------------
2026 03 03 03:08:15 INFO     -----------------------------------------------------------------------------------------------------
2026 03 03 03:08:15 INFO     Round:17
2026 03 03 03:08:15 INFO     -----------------------------------------------------------------------------------------------------
2026 03 03 03:08:15 INFO      -- Player 3 - RANDOM_R2
2026 03 03 03:08:15 INFO      --- Player Hand: [0, 0, 0, 0, 0, 0, 0, 0, 0, 0, 0, 0, 0, 0, 0, 0, 10]
2026 03 03 03:08:15 INFO      --- Board Before: [13, 0, 0, 0, 0, 0, 0, 0, 0, 0, 0]
2026 03 03 03:08:15 INFO      --- Action: C11;Q2;J0
2026 03 03 03:08:15 INFO      --- Board After: [11, 11, 0, 0, 0, 0, 0, 0, 0, 0, 0]
2026 03 03 03:08:15 INFO      -- Player 1 - RANDOM_R0
2026 03 03 03:08:15 INFO      --- Player Hand: [0, 0, 0, 0, 0, 0, 0, 0, 0, 0, 0, 0, 0, 0, 0, 0, 8]
2026 03 03 03:08:15 INFO      --- Board Before: [11, 11, 0, 0, 0, 0, 0, 0, 0, 0, 0]
2026 03 03 03:08:15 INFO      --- Action: pass
2026 03 03 03:08:15 INFO      --- Board After: [11, 11, 0, 0, 0, 0, 0, 0, 0, 0, 0]
2026 03 03 03:08:15 INFO     -----------------------------------------------------------------------------------------------------
2026 03 03 03:08:15 INFO     RANDOM_R2 Made a Pizza!!!
2026 03 03 03:08:15 INFO     -----------------------------------------------------------------------------------------------------
2026 03 03 03:08:15 INFO     -----------------------------------------------------------------------------------------------------
2026 03 03 03:08:15 INFO     Round:18
2026 03 03 03:08:15 INFO     -----------------------------------------------------------------------------------------------------
2026 03 03 03:08:15 INFO      -- Player 3 - RANDOM_R2
2026 03 03 03:08:15 INFO      --- Player Hand: [0, 0, 0, 0, 0, 0, 0, 0, 0, 0, 0, 0, 0, 0, 0, 0, 10]
2026 03 03 03:08:15 INFO      --- Board Before: [13, 0, 0, 0, 0, 0, 0, 0, 0, 0, 0]
2026 03 03 03:08:15 INFO      --- Action: pass
2026 03 03 03:08:15 INFO      --- Board After: [13, 0, 0, 0, 0, 0, 0, 0, 0, 0, 0]
2026 03 03 03:08:15 INFO      -- Player 1 - RANDOM_R0
2026 03 03 03:08:15 INFO      --- Player Hand: [0. 0. 0. 0. 0. 0. 0. 0. 0. 0. 0. 0. 0. 0. 0. 0. 0.]
2026 03 03 03:08:15 INFO      --- Board Before: [13, 0, 0, 0, 0, 0, 0, 0, 0, 0, 0]
2026 03 03 03:08:15 INFO      --- Action: C8;Q1;J0
2026 03 03 03:08:15 INFO      --- Player Finished!
2026 03 03 03:08:15 INFO      --- Board After: [8, 0, 0, 0, 0, 0, 0, 0, 0, 0, 0]
2026 03 03 03:08:15 INFO     -----------------------------------------------------------------------------------------------------
2026 03 03 03:08:15 INFO     RANDOM_R0 Made a Pizza!!!
2026 03 03 03:08:15 INFO     -----------------------------------------------------------------------------------------------------
2026 03 03 03:08:15 INFO     -----------------------------------------------------------------------------------------------------
2026 03 03 03:08:15 INFO     Round:19
2026 03 03 03:08:15 INFO     -----------------------------------------------------------------------------------------------------
2026 03 03 03:08:15 INFO     -----------------------------------------------------------------------------------------------------
2026 03 03 03:08:15 INFO     Match 1 over! Current Score:{'_RL_RL': 3, 'RANDOM_R0': 1, 'RANDOM_R1': 2, 'RANDOM_R2': 0}
2026 03 03 03:08:15 INFO     -----------------------------------------------------------------------------------------------------
2026 03 03 03:08:15 INFO     -----------------------------------------------------------------------------------------------------
2026 03 03 03:08:15 INFO     Game Over! Final Score:{'_RL_RL': 3, 'RANDOM_R0': 1, 'RANDOM_R1': 2, 'RANDOM_R2': 0} - Final Performance Score:{'_RL_RL': 1.5789473684210527, 'RANDOM_R0': 0.5263157894736842, 'RANDOM_R1': 1.0526315789473684, 'RANDOM_R2': 0.0}
2026 03 03 03:08:15 INFO     -----------------------------------------------------------------------------------------------------
