2026 03 03 02:53:04 INFO     -----------------------------------------------------------------------------------------------------
2026 03 03 02:53:04 INFO     Experiment: 02-5304_debug_room
2026 03 03 02:53:04 INFO     -----------------------------------------------------------------------------------------------------
2026 03 03 02:53:04 INFO     Base Directory: temp\02-5304_debug_room
2026 03 03 02:53:04 INFO     -----------------------------------------------------------------------------------------------------
2026 03 03 02:53:04 INFO     Starting new Episode:1
2026 03 03 02:53:04 INFO     -----------------------------------------------------------------------------------------------------
2026 03 03 02:53:04 INFO     Players :['RANDOM_R0', 'RANDOM_R1', 'RANDOM_R2', 'RANDOM_R3']
2026 03 03 02:53:04 INFO     Stop Criteria :1 MATCHES
2026 03 03 02:53:04 INFO     Max Rounds :999999
2026 03 03 02:53:04 INFO     -----------------------------------------------------------------------------------------------------
2026 03 03 02:53:04 INFO     Match Number 1.000000 Starts!
2026 03 03 02:53:04 INFO     -----------------------------------------------------------------------------------------------------
2026 03 03 02:53:04 INFO     Deck: [10, 11, 6, 11, 2, 8, 2, 9, 3, 9, 11, 4, 8, 9, 11, 6, 1, 10, 6, 7, 5, 10, 4, 11, 11, 9, 11, 5, 8, 12, 4, 10, 11, 5, 6, 4, 11, 7, 9, 9, 9, 5, 10, 9, 5, 7, 11, 7, 12, 8, 10, 6, 7, 10, 11, 6, 8, 8, 8, 10, 3, 3, 10, 7, 9, 10, 8, 7]
2026 03 03 02:53:04 INFO     Player RANDOM_R0 hand: [1, 2, 2, 3, 4, 6, 6, 8, 8, 9, 9, 9, 10, 11, 11, 11, 11]
2026 03 03 02:53:04 INFO     Player RANDOM_R1 hand: [4, 4, 5, 5, 5, 6, 7, 8, 9, 10, 10, 10, 11, 11, 11, 11, 12]
2026 03 03 02:53:04 INFO     Player RANDOM_R2 hand: [4, 5, 5, 6, 7, 7, 7, 8, 9, 9, 9, 9, 10, 10, 11, 11, 12]
2026 03 03 02:53:04 INFO     Player RANDOM_R3 hand: [3, 3, 6, 6, 7, 7, 7, 8, 8, 8, 8, 9, 10, 10, 10, 10, 11]
2026 03 03 02:53:04 INFO     -----------------------------------------------------------------------------------------------------
2026 03 03 02:53:04 INFO     Round:1
2026 03 03 02:53:04 INFO     -----------------------------------------------------------------------------------------------------
2026 03 03 02:53:04 INFO      -- Player 1 - RANDOM_R1
2026 03 03 02:53:04 INFO      --- Player Hand: [0, 0, 4, 4, 5, 5, 5, 6, 7, 8, 9, 10, 10, 10, 11, 11, 12]
2026 03 03 02:53:04 INFO      --- Board Before: [13, 0, 0, 0, 0, 0, 0, 0, 0, 0, 0]
2026 03 03 02:53:04 INFO      --- Action: C11;Q2;J0
2026 03 03 02:53:04 INFO      --- Board After: [11, 11, 0, 0, 0, 0, 0, 0, 0, 0, 0]
2026 03 03 02:53:04 INFO      -- Player 2 - RANDOM_R2
2026 03 03 02:53:04 INFO      --- Player Hand: [0, 0, 4, 6, 7, 7, 7, 8, 9, 9, 9, 9, 10, 10, 11, 11, 12]
2026 03 03 02:53:04 INFO      --- Board Before: [11, 11, 0, 0, 0, 0, 0, 0, 0, 0, 0]
2026 03 03 02:53:04 INFO      --- Action: C5;Q2;J0
2026 03 03 02:53:04 INFO      --- Board After: [5, 5, 0, 0, 0, 0, 0, 0, 0, 0, 0]
2026 03 03 02:53:04 INFO      -- Player 3 - RANDOM_R3
2026 03 03 02:53:04 INFO      --- Player Hand: [0, 0, 6, 6, 7, 7, 7, 8, 8, 8, 8, 9, 10, 10, 10, 10, 11]
2026 03 03 02:53:04 INFO      --- Board Before: [5, 5, 0, 0, 0, 0, 0, 0, 0, 0, 0]
2026 03 03 02:53:04 INFO      --- Action: C3;Q2;J0
2026 03 03 02:53:04 INFO      --- Board After: [3, 3, 0, 0, 0, 0, 0, 0, 0, 0, 0]
2026 03 03 02:53:04 INFO      -- Player 0 - RANDOM_R0
2026 03 03 02:53:04 INFO      --- Player Hand: [1, 2, 2, 3, 4, 6, 6, 8, 8, 9, 9, 9, 10, 11, 11, 11, 11]
2026 03 03 02:53:04 INFO      --- Board Before: [3, 3, 0, 0, 0, 0, 0, 0, 0, 0, 0]
2026 03 03 02:53:04 INFO      --- Action: pass
2026 03 03 02:53:04 INFO      --- Board After: [3, 3, 0, 0, 0, 0, 0, 0, 0, 0, 0]
2026 03 03 02:53:04 INFO      -- Player 1 - RANDOM_R1
2026 03 03 02:53:04 INFO      --- Player Hand: [0, 0, 4, 4, 5, 5, 5, 6, 7, 8, 9, 10, 10, 10, 11, 11, 12]
2026 03 03 02:53:04 INFO      --- Board Before: [3, 3, 0, 0, 0, 0, 0, 0, 0, 0, 0]
2026 03 03 02:53:04 INFO      --- Action: pass
2026 03 03 02:53:04 INFO      --- Board After: [3, 3, 0, 0, 0, 0, 0, 0, 0, 0, 0]
2026 03 03 02:53:04 INFO      -- Player 2 - RANDOM_R2
2026 03 03 02:53:04 INFO      --- Player Hand: [0, 0, 4, 6, 7, 7, 7, 8, 9, 9, 9, 9, 10, 10, 11, 11, 12]
2026 03 03 02:53:04 INFO      --- Board Before: [3, 3, 0, 0, 0, 0, 0, 0, 0, 0, 0]
2026 03 03 02:53:04 INFO      --- Action: pass
2026 03 03 02:53:04 INFO      --- Board After: [3, 3, 0, 0, 0, 0, 0, 0, 0, 0, 0]
2026 03 03 02:53:04 INFO     -----------------------------------------------------------------------------------------------------
2026 03 03 02:53:04 INFO     RANDOM_R3 Made a Pizza!!!
2026 03 03 02:53:04 INFO     -----------------------------------------------------------------------------------------------------
2026 03 03 02:53:04 INFO     -----------------------------------------------------------------------------------------------------
2026 03 03 02:53:04 INFO     Round:2
2026 03 03 02:53:04 INFO     -----------------------------------------------------------------------------------------------------
2026 03 03 02:53:04 INFO      -- Player 3 - RANDOM_R3
2026 03 03 02:53:04 INFO      --- Player Hand: [0, 0, 0, 0, 0, 6, 6, 7, 7, 7, 8, 9, 10, 10, 10, 10, 11]
2026 03 03 02:53:04 INFO      --- Board Before: [13, 0, 0, 0, 0, 0, 0, 0, 0, 0, 0]
2026 03 03 02:53:04 INFO      --- Action: C8;Q3;J0
2026 03 03 02:53:04 INFO      --- Board After: [8, 8, 8, 0, 0, 0, 0, 0, 0, 0, 0]
2026 03 03 02:53:04 INFO      -- Player 0 - RANDOM_R0
2026 03 03 02:53:04 INFO      --- Player Hand: [1, 2, 2, 3, 4, 6, 6, 8, 8, 9, 9, 9, 10, 11, 11, 11, 11]
2026 03 03 02:53:04 INFO      --- Board Before: [8, 8, 8, 0, 0, 0, 0, 0, 0, 0, 0]
2026 03 03 02:53:04 INFO      --- Action: pass
2026 03 03 02:53:04 INFO      --- Board After: [8, 8, 8, 0, 0, 0, 0, 0, 0, 0, 0]
2026 03 03 02:53:04 INFO      -- Player 1 - RANDOM_R1
2026 03 03 02:53:04 INFO      --- Player Hand: [0, 0, 0, 0, 0, 4, 4, 5, 6, 7, 8, 9, 10, 10, 10, 11, 11]
2026 03 03 02:53:04 INFO      --- Board Before: [8, 8, 8, 0, 0, 0, 0, 0, 0, 0, 0]
2026 03 03 02:53:04 INFO      --- Action: C5;Q2;J1
2026 03 03 02:53:04 INFO      --- Board After: [5, 5, 12, 0, 0, 0, 0, 0, 0, 0, 0]
2026 03 03 02:53:04 INFO      -- Player 2 - RANDOM_R2
2026 03 03 02:53:04 INFO      --- Player Hand: [0, 0, 4, 6, 7, 7, 7, 8, 9, 9, 9, 9, 10, 10, 11, 11, 12]
2026 03 03 02:53:04 INFO      --- Board Before: [5, 5, 12, 0, 0, 0, 0, 0, 0, 0, 0]
2026 03 03 02:53:04 INFO      --- Action: pass
2026 03 03 02:53:04 INFO      --- Board After: [5, 5, 12, 0, 0, 0, 0, 0, 0, 0, 0]
2026 03 03 02:53:04 INFO      -- Player 3 - RANDOM_R3
2026 03 03 02:53:04 INFO      --- Player Hand: [0, 0, 0, 0, 0, 6, 6, 7, 7, 7, 8, 9, 10, 10, 10, 10, 11]
2026 03 03 02:53:04 INFO      --- Board Before: [5, 5, 12, 0, 0, 0, 0, 0, 0, 0, 0]
2026 03 03 02:53:04 INFO      --- Action: pass
2026 03 03 02:53:04 INFO      --- Board After: [5, 5, 12, 0, 0, 0, 0, 0, 0, 0, 0]
2026 03 03 02:53:04 INFO     -----------------------------------------------------------------------------------------------------
2026 03 03 02:53:04 INFO     RANDOM_R1 Made a Pizza!!!
2026 03 03 02:53:04 INFO     -----------------------------------------------------------------------------------------------------
2026 03 03 02:53:04 INFO     -----------------------------------------------------------------------------------------------------
2026 03 03 02:53:04 INFO     Round:3
2026 03 03 02:53:04 INFO     -----------------------------------------------------------------------------------------------------
2026 03 03 02:53:04 INFO      -- Player 1 - RANDOM_R1
2026 03 03 02:53:04 INFO      --- Player Hand: [0, 0, 0, 0, 0, 0, 4, 4, 5, 6, 7, 8, 9, 10, 10, 10, 11]
2026 03 03 02:53:04 INFO      --- Board Before: [13, 0, 0, 0, 0, 0, 0, 0, 0, 0, 0]
2026 03 03 02:53:04 INFO      --- Action: C11;Q1;J0
2026 03 03 02:53:04 INFO      --- Board After: [11, 0, 0, 0, 0, 0, 0, 0, 0, 0, 0]
2026 03 03 02:53:05 INFO      -- Player 2 - RANDOM_R2
2026 03 03 02:53:05 INFO      --- Player Hand: [0, 0, 0, 4, 6, 7, 7, 7, 9, 9, 9, 9, 10, 10, 11, 11, 12]
2026 03 03 02:53:05 INFO      --- Board Before: [11, 0, 0, 0, 0, 0, 0, 0, 0, 0, 0]
2026 03 03 02:53:05 INFO      --- Action: C8;Q1;J0
2026 03 03 02:53:05 INFO      --- Board After: [8, 0, 0, 0, 0, 0, 0, 0, 0, 0, 0]
2026 03 03 02:53:05 INFO      -- Player 3 - RANDOM_R3
2026 03 03 02:53:05 INFO      --- Player Hand: [0, 0, 0, 0, 0, 0, 0, 6, 6, 7, 8, 9, 10, 10, 10, 10, 11]
2026 03 03 02:53:05 INFO      --- Board Before: [8, 0, 0, 0, 0, 0, 0, 0, 0, 0, 0]
2026 03 03 02:53:05 INFO      --- Action: C7;Q2;J0
2026 03 03 02:53:05 INFO      --- Board After: [7, 7, 0, 0, 0, 0, 0, 0, 0, 0, 0]
2026 03 03 02:53:05 INFO      -- Player 0 - RANDOM_R0
2026 03 03 02:53:05 INFO      --- Player Hand: [0, 0, 1, 2, 2, 3, 4, 8, 8, 9, 9, 9, 10, 11, 11, 11, 11]
2026 03 03 02:53:05 INFO      --- Board Before: [7, 7, 0, 0, 0, 0, 0, 0, 0, 0, 0]
2026 03 03 02:53:05 INFO      --- Action: C6;Q2;J0
2026 03 03 02:53:05 INFO      --- Board After: [6, 6, 0, 0, 0, 0, 0, 0, 0, 0, 0]
2026 03 03 02:53:05 INFO      -- Player 1 - RANDOM_R1
2026 03 03 02:53:05 INFO      --- Player Hand: [0, 0, 0, 0, 0, 0, 4, 4, 5, 6, 7, 8, 9, 10, 10, 10, 11]
2026 03 03 02:53:05 INFO      --- Board Before: [6, 6, 0, 0, 0, 0, 0, 0, 0, 0, 0]
2026 03 03 02:53:05 INFO      --- Action: pass
2026 03 03 02:53:05 INFO      --- Board After: [6, 6, 0, 0, 0, 0, 0, 0, 0, 0, 0]
2026 03 03 02:53:05 INFO      -- Player 2 - RANDOM_R2
2026 03 03 02:53:05 INFO      --- Player Hand: [0, 0, 0, 0, 0, 6, 7, 7, 7, 9, 9, 9, 9, 10, 10, 11, 11]
2026 03 03 02:53:05 INFO      --- Board Before: [6, 6, 0, 0, 0, 0, 0, 0, 0, 0, 0]
2026 03 03 02:53:05 INFO      --- Action: C4;Q1;J1
2026 03 03 02:53:05 INFO      --- Board After: [4, 12, 0, 0, 0, 0, 0, 0, 0, 0, 0]
2026 03 03 02:53:05 INFO      -- Player 3 - RANDOM_R3
2026 03 03 02:53:05 INFO      --- Player Hand: [0, 0, 0, 0, 0, 0, 0, 6, 6, 7, 8, 9, 10, 10, 10, 10, 11]
2026 03 03 02:53:05 INFO      --- Board Before: [4, 12, 0, 0, 0, 0, 0, 0, 0, 0, 0]
2026 03 03 02:53:05 INFO      --- Action: pass
2026 03 03 02:53:05 INFO      --- Board After: [4, 12, 0, 0, 0, 0, 0, 0, 0, 0, 0]
2026 03 03 02:53:05 INFO      -- Player 0 - RANDOM_R0
2026 03 03 02:53:05 INFO      --- Player Hand: [0, 0, 0, 0, 1, 3, 4, 8, 8, 9, 9, 9, 10, 11, 11, 11, 11]
2026 03 03 02:53:05 INFO      --- Board Before: [4, 12, 0, 0, 0, 0, 0, 0, 0, 0, 0]
2026 03 03 02:53:05 INFO      --- Action: C2;Q2;J0
2026 03 03 02:53:05 INFO      --- Board After: [2, 2, 0, 0, 0, 0, 0, 0, 0, 0, 0]
2026 03 03 02:53:05 INFO      -- Player 2 - RANDOM_R2
2026 03 03 02:53:05 INFO      --- Player Hand: [0, 0, 0, 0, 0, 6, 7, 7, 7, 9, 9, 9, 9, 10, 10, 11, 11]
2026 03 03 02:53:05 INFO      --- Board Before: [2, 2, 0, 0, 0, 0, 0, 0, 0, 0, 0]
2026 03 03 02:53:05 INFO      --- Action: pass
2026 03 03 02:53:05 INFO      --- Board After: [2, 2, 0, 0, 0, 0, 0, 0, 0, 0, 0]
2026 03 03 02:53:05 INFO     -----------------------------------------------------------------------------------------------------
2026 03 03 02:53:05 INFO     RANDOM_R0 Made a Pizza!!!
2026 03 03 02:53:05 INFO     -----------------------------------------------------------------------------------------------------
2026 03 03 02:53:05 INFO     -----------------------------------------------------------------------------------------------------
2026 03 03 02:53:05 INFO     Round:4
2026 03 03 02:53:05 INFO     -----------------------------------------------------------------------------------------------------
2026 03 03 02:53:05 INFO      -- Player 0 - RANDOM_R0
2026 03 03 02:53:05 INFO      --- Player Hand: [0, 0, 0, 0, 0, 1, 3, 4, 8, 8, 9, 9, 9, 11, 11, 11, 11]
2026 03 03 02:53:05 INFO      --- Board Before: [13, 0, 0, 0, 0, 0, 0, 0, 0, 0, 0]
2026 03 03 02:53:05 INFO      --- Action: C10;Q1;J0
2026 03 03 02:53:05 INFO      --- Board After: [10, 0, 0, 0, 0, 0, 0, 0, 0, 0, 0]
2026 03 03 02:53:05 INFO      -- Player 1 - RANDOM_R1
2026 03 03 02:53:05 INFO      --- Player Hand: [0, 0, 0, 0, 0, 0, 0, 4, 4, 5, 6, 8, 9, 10, 10, 10, 11]
2026 03 03 02:53:05 INFO      --- Board Before: [10, 0, 0, 0, 0, 0, 0, 0, 0, 0, 0]
2026 03 03 02:53:05 INFO      --- Action: C7;Q1;J0
2026 03 03 02:53:05 INFO      --- Board After: [7, 0, 0, 0, 0, 0, 0, 0, 0, 0, 0]
2026 03 03 02:53:05 INFO      -- Player 2 - RANDOM_R2
2026 03 03 02:53:05 INFO      --- Player Hand: [0, 0, 0, 0, 0, 6, 7, 7, 7, 9, 9, 9, 9, 10, 10, 11, 11]
2026 03 03 02:53:05 INFO      --- Board Before: [7, 0, 0, 0, 0, 0, 0, 0, 0, 0, 0]
2026 03 03 02:53:05 INFO      --- Action: pass
2026 03 03 02:53:05 INFO      --- Board After: [7, 0, 0, 0, 0, 0, 0, 0, 0, 0, 0]
2026 03 03 02:53:05 INFO      -- Player 3 - RANDOM_R3
2026 03 03 02:53:05 INFO      --- Player Hand: [0, 0, 0, 0, 0, 0, 0, 0, 6, 7, 8, 9, 10, 10, 10, 10, 11]
2026 03 03 02:53:05 INFO      --- Board Before: [7, 0, 0, 0, 0, 0, 0, 0, 0, 0, 0]
2026 03 03 02:53:05 INFO      --- Action: C6;Q1;J0
2026 03 03 02:53:05 INFO      --- Board After: [6, 0, 0, 0, 0, 0, 0, 0, 0, 0, 0]
2026 03 03 02:53:05 INFO      -- Player 0 - RANDOM_R0
2026 03 03 02:53:05 INFO      --- Player Hand: [0, 0, 0, 0, 0, 0, 1, 3, 8, 8, 9, 9, 9, 11, 11, 11, 11]
2026 03 03 02:53:05 INFO      --- Board Before: [6, 0, 0, 0, 0, 0, 0, 0, 0, 0, 0]
2026 03 03 02:53:05 INFO      --- Action: C4;Q1;J0
2026 03 03 02:53:05 INFO      --- Board After: [4, 0, 0, 0, 0, 0, 0, 0, 0, 0, 0]
2026 03 03 02:53:05 INFO      -- Player 1 - RANDOM_R1
2026 03 03 02:53:05 INFO      --- Player Hand: [0, 0, 0, 0, 0, 0, 0, 4, 4, 5, 6, 8, 9, 10, 10, 10, 11]
2026 03 03 02:53:05 INFO      --- Board Before: [4, 0, 0, 0, 0, 0, 0, 0, 0, 0, 0]
2026 03 03 02:53:05 INFO      --- Action: pass
2026 03 03 02:53:05 INFO      --- Board After: [4, 0, 0, 0, 0, 0, 0, 0, 0, 0, 0]
2026 03 03 02:53:05 INFO      -- Player 3 - RANDOM_R3
2026 03 03 02:53:05 INFO      --- Player Hand: [0, 0, 0, 0, 0, 0, 0, 0, 6, 7, 8, 9, 10, 10, 10, 10, 11]
2026 03 03 02:53:05 INFO      --- Board Before: [4, 0, 0, 0, 0, 0, 0, 0, 0, 0, 0]
2026 03 03 02:53:05 INFO      --- Action: pass
2026 03 03 02:53:05 INFO      --- Board After: [4, 0, 0, 0, 0, 0, 0, 0, 0, 0, 0]
2026 03 03 02:53:05 INFO     -----------------------------------------------------------------------------------------------------
2026 03 03 02:53:05 INFO     RANDOM_R0 Made a Pizza!!!
2026 03 03 02:53:05 INFO     -----------------------------------------------------------------------------------------------------
2026 03 03 02:53:05 INFO     -----------------------------------------------------------------------------------------------------
2026 03 03 02:53:05 INFO     Round:5
2026 03 03 02:53:05 INFO     -----------------------------------------------------------------------------------------------------
2026 03 03 02:53:05 INFO      -- Player 0 - RANDOM_R0
2026 03 03 02:53:05 INFO      --- Player Hand: [0, 0, 0, 0, 0, 0, 0, 0, 0, 0, 1, 3, 8, 8, 9, 9, 9]
2026 03 03 02:53:05 INFO      --- Board Before: [13, 0, 0, 0, 0, 0, 0, 0, 0, 0, 0]
2026 03 03 02:53:05 INFO      --- Action: C11;Q4;J0
2026 03 03 02:53:05 INFO      --- Board After: [11, 11, 11, 11, 0, 0, 0, 0, 0, 0, 0]
2026 03 03 02:53:05 INFO      -- Player 1 - RANDOM_R1
2026 03 03 02:53:05 INFO      --- Player Hand: [0, 0, 0, 0, 0, 0, 0, 4, 4, 5, 6, 8, 9, 10, 10, 10, 11]
2026 03 03 02:53:05 INFO      --- Board Before: [11, 11, 11, 11, 0, 0, 0, 0, 0, 0, 0]
2026 03 03 02:53:05 INFO      --- Action: pass
2026 03 03 02:53:05 INFO      --- Board After: [11, 11, 11, 11, 0, 0, 0, 0, 0, 0, 0]
2026 03 03 02:53:05 INFO      -- Player 2 - RANDOM_R2
2026 03 03 02:53:05 INFO      --- Player Hand: [0, 0, 0, 0, 0, 6, 7, 7, 7, 9, 9, 9, 9, 10, 10, 11, 11]
2026 03 03 02:53:05 INFO      --- Board Before: [11, 11, 11, 11, 0, 0, 0, 0, 0, 0, 0]
2026 03 03 02:53:05 INFO      --- Action: pass
2026 03 03 02:53:05 INFO      --- Board After: [11, 11, 11, 11, 0, 0, 0, 0, 0, 0, 0]
2026 03 03 02:53:05 INFO      -- Player 3 - RANDOM_R3
2026 03 03 02:53:05 INFO      --- Player Hand: [0, 0, 0, 0, 0, 0, 0, 0, 0, 0, 0, 0, 6, 7, 8, 9, 11]
2026 03 03 02:53:05 INFO      --- Board Before: [11, 11, 11, 11, 0, 0, 0, 0, 0, 0, 0]
2026 03 03 02:53:05 INFO      --- Action: C10;Q4;J0
2026 03 03 02:53:05 INFO      --- Board After: [10, 10, 10, 10, 0, 0, 0, 0, 0, 0, 0]
2026 03 03 02:53:05 INFO      -- Player 0 - RANDOM_R0
2026 03 03 02:53:05 INFO      --- Player Hand: [0, 0, 0, 0, 0, 0, 0, 0, 0, 0, 1, 3, 8, 8, 9, 9, 9]
2026 03 03 02:53:05 INFO      --- Board Before: [10, 10, 10, 10, 0, 0, 0, 0, 0, 0, 0]
2026 03 03 02:53:05 INFO      --- Action: pass
2026 03 03 02:53:05 INFO      --- Board After: [10, 10, 10, 10, 0, 0, 0, 0, 0, 0, 0]
2026 03 03 02:53:05 INFO     -----------------------------------------------------------------------------------------------------
2026 03 03 02:53:05 INFO     RANDOM_R3 Made a Pizza!!!
2026 03 03 02:53:05 INFO     -----------------------------------------------------------------------------------------------------
2026 03 03 02:53:05 INFO     -----------------------------------------------------------------------------------------------------
2026 03 03 02:53:05 INFO     Round:6
2026 03 03 02:53:05 INFO     -----------------------------------------------------------------------------------------------------
2026 03 03 02:53:05 INFO      -- Player 3 - RANDOM_R3
2026 03 03 02:53:05 INFO      --- Player Hand: [0, 0, 0, 0, 0, 0, 0, 0, 0, 0, 0, 0, 0, 6, 7, 8, 9]
2026 03 03 02:53:05 INFO      --- Board Before: [13, 0, 0, 0, 0, 0, 0, 0, 0, 0, 0]
2026 03 03 02:53:05 INFO      --- Action: C11;Q1;J0
2026 03 03 02:53:05 INFO      --- Board After: [11, 0, 0, 0, 0, 0, 0, 0, 0, 0, 0]
2026 03 03 02:53:05 INFO      -- Player 0 - RANDOM_R0
2026 03 03 02:53:05 INFO      --- Player Hand: [0, 0, 0, 0, 0, 0, 0, 0, 0, 0, 0, 0, 0, 1, 3, 8, 8]
2026 03 03 02:53:05 INFO      --- Board Before: [11, 0, 0, 0, 0, 0, 0, 0, 0, 0, 0]
2026 03 03 02:53:05 INFO      --- Action: C9;Q3;J0
2026 03 03 02:53:05 INFO      --- Board After: [9, 9, 9, 0, 0, 0, 0, 0, 0, 0, 0]
2026 03 03 02:53:05 INFO      -- Player 1 - RANDOM_R1
2026 03 03 02:53:05 INFO      --- Player Hand: [0, 0, 0, 0, 0, 0, 0, 4, 4, 5, 6, 8, 9, 10, 10, 10, 11]
2026 03 03 02:53:05 INFO      --- Board Before: [9, 9, 9, 0, 0, 0, 0, 0, 0, 0, 0]
2026 03 03 02:53:05 INFO      --- Action: pass
2026 03 03 02:53:05 INFO      --- Board After: [9, 9, 9, 0, 0, 0, 0, 0, 0, 0, 0]
2026 03 03 02:53:05 INFO      -- Player 2 - RANDOM_R2
2026 03 03 02:53:05 INFO      --- Player Hand: [0, 0, 0, 0, 0, 0, 0, 0, 6, 9, 9, 9, 9, 10, 10, 11, 11]
2026 03 03 02:53:05 INFO      --- Board Before: [9, 9, 9, 0, 0, 0, 0, 0, 0, 0, 0]
2026 03 03 02:53:05 INFO      --- Action: C7;Q3;J0
2026 03 03 02:53:05 INFO      --- Board After: [7, 7, 7, 0, 0, 0, 0, 0, 0, 0, 0]
2026 03 03 02:53:05 INFO      -- Player 3 - RANDOM_R3
2026 03 03 02:53:05 INFO      --- Player Hand: [0, 0, 0, 0, 0, 0, 0, 0, 0, 0, 0, 0, 0, 6, 7, 8, 9]
2026 03 03 02:53:05 INFO      --- Board Before: [7, 7, 7, 0, 0, 0, 0, 0, 0, 0, 0]
2026 03 03 02:53:05 INFO      --- Action: pass
2026 03 03 02:53:05 INFO      --- Board After: [7, 7, 7, 0, 0, 0, 0, 0, 0, 0, 0]
2026 03 03 02:53:05 INFO      -- Player 0 - RANDOM_R0
2026 03 03 02:53:05 INFO      --- Player Hand: [0, 0, 0, 0, 0, 0, 0, 0, 0, 0, 0, 0, 0, 1, 3, 8, 8]
2026 03 03 02:53:05 INFO      --- Board Before: [7, 7, 7, 0, 0, 0, 0, 0, 0, 0, 0]
2026 03 03 02:53:05 INFO      --- Action: pass
2026 03 03 02:53:05 INFO      --- Board After: [7, 7, 7, 0, 0, 0, 0, 0, 0, 0, 0]
2026 03 03 02:53:05 INFO     -----------------------------------------------------------------------------------------------------
2026 03 03 02:53:05 INFO     RANDOM_R2 Made a Pizza!!!
2026 03 03 02:53:05 INFO     -----------------------------------------------------------------------------------------------------
2026 03 03 02:53:05 INFO     -----------------------------------------------------------------------------------------------------
2026 03 03 02:53:05 INFO     Round:7
2026 03 03 02:53:05 INFO     -----------------------------------------------------------------------------------------------------
2026 03 03 02:53:05 INFO      -- Player 2 - RANDOM_R2
2026 03 03 02:53:05 INFO      --- Player Hand: [0, 0, 0, 0, 0, 0, 0, 0, 0, 6, 9, 9, 9, 10, 10, 11, 11]
2026 03 03 02:53:05 INFO      --- Board Before: [13, 0, 0, 0, 0, 0, 0, 0, 0, 0, 0]
2026 03 03 02:53:05 INFO      --- Action: C9;Q1;J0
2026 03 03 02:53:05 INFO      --- Board After: [9, 0, 0, 0, 0, 0, 0, 0, 0, 0, 0]
2026 03 03 02:53:05 INFO      -- Player 3 - RANDOM_R3
2026 03 03 02:53:05 INFO      --- Player Hand: [0, 0, 0, 0, 0, 0, 0, 0, 0, 0, 0, 0, 0, 6, 7, 8, 9]
2026 03 03 02:53:05 INFO      --- Board Before: [9, 0, 0, 0, 0, 0, 0, 0, 0, 0, 0]
2026 03 03 02:53:05 INFO      --- Action: pass
2026 03 03 02:53:05 INFO      --- Board After: [9, 0, 0, 0, 0, 0, 0, 0, 0, 0, 0]
2026 03 03 02:53:05 INFO      -- Player 0 - RANDOM_R0
2026 03 03 02:53:05 INFO      --- Player Hand: [0, 0, 0, 0, 0, 0, 0, 0, 0, 0, 0, 0, 0, 0, 1, 3, 8]
2026 03 03 02:53:05 INFO      --- Board Before: [9, 0, 0, 0, 0, 0, 0, 0, 0, 0, 0]
2026 03 03 02:53:05 INFO      --- Action: C8;Q1;J0
2026 03 03 02:53:05 INFO      --- Board After: [8, 0, 0, 0, 0, 0, 0, 0, 0, 0, 0]
2026 03 03 02:53:05 INFO      -- Player 1 - RANDOM_R1
2026 03 03 02:53:05 INFO      --- Player Hand: [0, 0, 0, 0, 0, 0, 0, 0, 4, 4, 6, 8, 9, 10, 10, 10, 11]
2026 03 03 02:53:05 INFO      --- Board Before: [8, 0, 0, 0, 0, 0, 0, 0, 0, 0, 0]
2026 03 03 02:53:05 INFO      --- Action: C5;Q1;J0
2026 03 03 02:53:05 INFO      --- Board After: [5, 0, 0, 0, 0, 0, 0, 0, 0, 0, 0]
2026 03 03 02:53:05 INFO      -- Player 2 - RANDOM_R2
2026 03 03 02:53:05 INFO      --- Player Hand: [0, 0, 0, 0, 0, 0, 0, 0, 0, 6, 9, 9, 9, 10, 10, 11, 11]
2026 03 03 02:53:05 INFO      --- Board Before: [5, 0, 0, 0, 0, 0, 0, 0, 0, 0, 0]
2026 03 03 02:53:05 INFO      --- Action: pass
2026 03 03 02:53:05 INFO      --- Board After: [5, 0, 0, 0, 0, 0, 0, 0, 0, 0, 0]
2026 03 03 02:53:05 INFO      -- Player 0 - RANDOM_R0
2026 03 03 02:53:05 INFO      --- Player Hand: [0, 0, 0, 0, 0, 0, 0, 0, 0, 0, 0, 0, 0, 0, 0, 3, 8]
2026 03 03 02:53:05 INFO      --- Board Before: [5, 0, 0, 0, 0, 0, 0, 0, 0, 0, 0]
2026 03 03 02:53:05 INFO      --- Action: C1;Q1;J0
2026 03 03 02:53:05 INFO      --- Board After: [1, 0, 0, 0, 0, 0, 0, 0, 0, 0, 0]
2026 03 03 02:53:05 INFO      -- Player 1 - RANDOM_R1
2026 03 03 02:53:05 INFO      --- Player Hand: [0, 0, 0, 0, 0, 0, 0, 0, 4, 4, 6, 8, 9, 10, 10, 10, 11]
2026 03 03 02:53:05 INFO      --- Board Before: [1, 0, 0, 0, 0, 0, 0, 0, 0, 0, 0]
2026 03 03 02:53:05 INFO      --- Action: pass
2026 03 03 02:53:05 INFO      --- Board After: [1, 0, 0, 0, 0, 0, 0, 0, 0, 0, 0]
2026 03 03 02:53:05 INFO     -----------------------------------------------------------------------------------------------------
2026 03 03 02:53:05 INFO     RANDOM_R0 Made a Pizza!!!
2026 03 03 02:53:05 INFO     -----------------------------------------------------------------------------------------------------
2026 03 03 02:53:05 INFO     -----------------------------------------------------------------------------------------------------
2026 03 03 02:53:05 INFO     Round:8
2026 03 03 02:53:05 INFO     -----------------------------------------------------------------------------------------------------
2026 03 03 02:53:05 INFO      -- Player 0 - RANDOM_R0
2026 03 03 02:53:05 INFO      --- Player Hand: [0, 0, 0, 0, 0, 0, 0, 0, 0, 0, 0, 0, 0, 0, 0, 0, 8]
2026 03 03 02:53:05 INFO      --- Board Before: [13, 0, 0, 0, 0, 0, 0, 0, 0, 0, 0]
2026 03 03 02:53:05 INFO      --- Action: C3;Q1;J0
2026 03 03 02:53:05 INFO      --- Board After: [3, 0, 0, 0, 0, 0, 0, 0, 0, 0, 0]
2026 03 03 02:53:05 INFO      -- Player 1 - RANDOM_R1
2026 03 03 02:53:05 INFO      --- Player Hand: [0, 0, 0, 0, 0, 0, 0, 0, 4, 4, 6, 8, 9, 10, 10, 10, 11]
2026 03 03 02:53:05 INFO      --- Board Before: [3, 0, 0, 0, 0, 0, 0, 0, 0, 0, 0]
2026 03 03 02:53:05 INFO      --- Action: pass
2026 03 03 02:53:05 INFO      --- Board After: [3, 0, 0, 0, 0, 0, 0, 0, 0, 0, 0]
2026 03 03 02:53:05 INFO      -- Player 2 - RANDOM_R2
2026 03 03 02:53:05 INFO      --- Player Hand: [0, 0, 0, 0, 0, 0, 0, 0, 0, 6, 9, 9, 9, 10, 10, 11, 11]
2026 03 03 02:53:05 INFO      --- Board Before: [3, 0, 0, 0, 0, 0, 0, 0, 0, 0, 0]
2026 03 03 02:53:05 INFO      --- Action: pass
2026 03 03 02:53:05 INFO      --- Board After: [3, 0, 0, 0, 0, 0, 0, 0, 0, 0, 0]
2026 03 03 02:53:05 INFO      -- Player 3 - RANDOM_R3
2026 03 03 02:53:05 INFO      --- Player Hand: [0, 0, 0, 0, 0, 0, 0, 0, 0, 0, 0, 0, 0, 6, 7, 8, 9]
2026 03 03 02:53:05 INFO      --- Board Before: [3, 0, 0, 0, 0, 0, 0, 0, 0, 0, 0]
2026 03 03 02:53:05 INFO      --- Action: pass
2026 03 03 02:53:05 INFO      --- Board After: [3, 0, 0, 0, 0, 0, 0, 0, 0, 0, 0]
2026 03 03 02:53:05 INFO     -----------------------------------------------------------------------------------------------------
2026 03 03 02:53:05 INFO     RANDOM_R0 Made a Pizza!!!
2026 03 03 02:53:05 INFO     -----------------------------------------------------------------------------------------------------
2026 03 03 02:53:05 INFO     -----------------------------------------------------------------------------------------------------
2026 03 03 02:53:05 INFO     Round:9
2026 03 03 02:53:05 INFO     -----------------------------------------------------------------------------------------------------
2026 03 03 02:53:05 INFO      -- Player 0 - RANDOM_R0
2026 03 03 02:53:05 INFO      --- Player Hand: [0, 0, 0, 0, 0, 0, 0, 0, 0, 0, 0, 0, 0, 0, 0, 0, 8]
2026 03 03 02:53:05 INFO      --- Board Before: [13, 0, 0, 0, 0, 0, 0, 0, 0, 0, 0]
2026 03 03 02:53:05 INFO      --- Action: pass
2026 03 03 02:53:05 INFO      --- Board After: [13, 0, 0, 0, 0, 0, 0, 0, 0, 0, 0]
2026 03 03 02:53:05 INFO      -- Player 1 - RANDOM_R1
2026 03 03 02:53:05 INFO      --- Player Hand: [0, 0, 0, 0, 0, 0, 0, 0, 0, 4, 4, 8, 9, 10, 10, 10, 11]
2026 03 03 02:53:05 INFO      --- Board Before: [13, 0, 0, 0, 0, 0, 0, 0, 0, 0, 0]
2026 03 03 02:53:05 INFO      --- Action: C6;Q1;J0
2026 03 03 02:53:05 INFO      --- Board After: [6, 0, 0, 0, 0, 0, 0, 0, 0, 0, 0]
2026 03 03 02:53:05 INFO      -- Player 2 - RANDOM_R2
2026 03 03 02:53:05 INFO      --- Player Hand: [0, 0, 0, 0, 0, 0, 0, 0, 0, 6, 9, 9, 9, 10, 10, 11, 11]
2026 03 03 02:53:05 INFO      --- Board Before: [6, 0, 0, 0, 0, 0, 0, 0, 0, 0, 0]
2026 03 03 02:53:05 INFO      --- Action: pass
2026 03 03 02:53:05 INFO      --- Board After: [6, 0, 0, 0, 0, 0, 0, 0, 0, 0, 0]
2026 03 03 02:53:05 INFO      -- Player 3 - RANDOM_R3
2026 03 03 02:53:05 INFO      --- Player Hand: [0, 0, 0, 0, 0, 0, 0, 0, 0, 0, 0, 0, 0, 6, 7, 8, 9]
2026 03 03 02:53:05 INFO      --- Board Before: [6, 0, 0, 0, 0, 0, 0, 0, 0, 0, 0]
2026 03 03 02:53:05 INFO      --- Action: pass
2026 03 03 02:53:05 INFO      --- Board After: [6, 0, 0, 0, 0, 0, 0, 0, 0, 0, 0]
2026 03 03 02:53:05 INFO     -----------------------------------------------------------------------------------------------------
2026 03 03 02:53:05 INFO     RANDOM_R1 Made a Pizza!!!
2026 03 03 02:53:05 INFO     -----------------------------------------------------------------------------------------------------
2026 03 03 02:53:05 INFO     -----------------------------------------------------------------------------------------------------
2026 03 03 02:53:05 INFO     Round:10
2026 03 03 02:53:05 INFO     -----------------------------------------------------------------------------------------------------
2026 03 03 02:53:05 INFO      -- Player 1 - RANDOM_R1
2026 03 03 02:53:05 INFO      --- Player Hand: [0, 0, 0, 0, 0, 0, 0, 0, 0, 4, 4, 8, 9, 10, 10, 10, 11]
2026 03 03 02:53:05 INFO      --- Board Before: [13, 0, 0, 0, 0, 0, 0, 0, 0, 0, 0]
2026 03 03 02:53:05 INFO      --- Action: pass
2026 03 03 02:53:05 INFO      --- Board After: [13, 0, 0, 0, 0, 0, 0, 0, 0, 0, 0]
2026 03 03 02:53:05 INFO      -- Player 2 - RANDOM_R2
2026 03 03 02:53:05 INFO      --- Player Hand: [0, 0, 0, 0, 0, 0, 0, 0, 0, 0, 0, 0, 6, 10, 10, 11, 11]
2026 03 03 02:53:05 INFO      --- Board Before: [13, 0, 0, 0, 0, 0, 0, 0, 0, 0, 0]
2026 03 03 02:53:05 INFO      --- Action: C9;Q3;J0
2026 03 03 02:53:05 INFO      --- Board After: [9, 9, 9, 0, 0, 0, 0, 0, 0, 0, 0]
2026 03 03 02:53:05 INFO      -- Player 3 - RANDOM_R3
2026 03 03 02:53:05 INFO      --- Player Hand: [0, 0, 0, 0, 0, 0, 0, 0, 0, 0, 0, 0, 0, 6, 7, 8, 9]
2026 03 03 02:53:05 INFO      --- Board Before: [9, 9, 9, 0, 0, 0, 0, 0, 0, 0, 0]
2026 03 03 02:53:05 INFO      --- Action: pass
2026 03 03 02:53:05 INFO      --- Board After: [9, 9, 9, 0, 0, 0, 0, 0, 0, 0, 0]
2026 03 03 02:53:05 INFO      -- Player 0 - RANDOM_R0
2026 03 03 02:53:05 INFO      --- Player Hand: [0, 0, 0, 0, 0, 0, 0, 0, 0, 0, 0, 0, 0, 0, 0, 0, 8]
2026 03 03 02:53:05 INFO      --- Board Before: [9, 9, 9, 0, 0, 0, 0, 0, 0, 0, 0]
2026 03 03 02:53:05 INFO      --- Action: pass
2026 03 03 02:53:05 INFO      --- Board After: [9, 9, 9, 0, 0, 0, 0, 0, 0, 0, 0]
2026 03 03 02:53:05 INFO     -----------------------------------------------------------------------------------------------------
2026 03 03 02:53:05 INFO     RANDOM_R2 Made a Pizza!!!
2026 03 03 02:53:05 INFO     -----------------------------------------------------------------------------------------------------
2026 03 03 02:53:05 INFO     -----------------------------------------------------------------------------------------------------
2026 03 03 02:53:05 INFO     Round:11
2026 03 03 02:53:05 INFO     -----------------------------------------------------------------------------------------------------
2026 03 03 02:53:05 INFO      -- Player 2 - RANDOM_R2
2026 03 03 02:53:05 INFO      --- Player Hand: [0, 0, 0, 0, 0, 0, 0, 0, 0, 0, 0, 0, 0, 6, 10, 10, 11]
2026 03 03 02:53:05 INFO      --- Board Before: [13, 0, 0, 0, 0, 0, 0, 0, 0, 0, 0]
2026 03 03 02:53:05 INFO      --- Action: C11;Q1;J0
2026 03 03 02:53:05 INFO      --- Board After: [11, 0, 0, 0, 0, 0, 0, 0, 0, 0, 0]
2026 03 03 02:53:05 INFO      -- Player 3 - RANDOM_R3
2026 03 03 02:53:05 INFO      --- Player Hand: [0, 0, 0, 0, 0, 0, 0, 0, 0, 0, 0, 0, 0, 0, 6, 7, 8]
2026 03 03 02:53:05 INFO      --- Board Before: [11, 0, 0, 0, 0, 0, 0, 0, 0, 0, 0]
2026 03 03 02:53:05 INFO      --- Action: C9;Q1;J0
2026 03 03 02:53:05 INFO      --- Board After: [9, 0, 0, 0, 0, 0, 0, 0, 0, 0, 0]
2026 03 03 02:53:05 INFO      -- Player 0 - RANDOM_R0
2026 03 03 02:53:05 INFO      --- Player Hand: [0. 0. 0. 0. 0. 0. 0. 0. 0. 0. 0. 0. 0. 0. 0. 0. 0.]
2026 03 03 02:53:05 INFO      --- Board Before: [9, 0, 0, 0, 0, 0, 0, 0, 0, 0, 0]
2026 03 03 02:53:05 INFO      --- Action: C8;Q1;J0
2026 03 03 02:53:05 INFO      --- Player Finished!
2026 03 03 02:53:05 INFO      --- Board After: [8, 0, 0, 0, 0, 0, 0, 0, 0, 0, 0]
2026 03 03 02:53:05 INFO      -- Player 1 - RANDOM_R1
2026 03 03 02:53:05 INFO      --- Player Hand: [0, 0, 0, 0, 0, 0, 0, 0, 0, 0, 4, 8, 9, 10, 10, 10, 11]
2026 03 03 02:53:05 INFO      --- Board Before: [8, 0, 0, 0, 0, 0, 0, 0, 0, 0, 0]
2026 03 03 02:53:05 INFO      --- Action: C4;Q1;J0
2026 03 03 02:53:05 INFO      --- Board After: [4, 0, 0, 0, 0, 0, 0, 0, 0, 0, 0]
2026 03 03 02:53:05 INFO      -- Player 2 - RANDOM_R2
2026 03 03 02:53:05 INFO      --- Player Hand: [0, 0, 0, 0, 0, 0, 0, 0, 0, 0, 0, 0, 0, 6, 10, 10, 11]
2026 03 03 02:53:05 INFO      --- Board Before: [4, 0, 0, 0, 0, 0, 0, 0, 0, 0, 0]
2026 03 03 02:53:05 INFO      --- Action: pass
2026 03 03 02:53:05 INFO      --- Board After: [4, 0, 0, 0, 0, 0, 0, 0, 0, 0, 0]
2026 03 03 02:53:05 INFO      -- Player 3 - RANDOM_R3
2026 03 03 02:53:05 INFO      --- Player Hand: [0, 0, 0, 0, 0, 0, 0, 0, 0, 0, 0, 0, 0, 0, 6, 7, 8]
2026 03 03 02:53:05 INFO      --- Board Before: [4, 0, 0, 0, 0, 0, 0, 0, 0, 0, 0]
2026 03 03 02:53:05 INFO      --- Action: pass
2026 03 03 02:53:05 INFO      --- Board After: [4, 0, 0, 0, 0, 0, 0, 0, 0, 0, 0]
2026 03 03 02:53:05 INFO     -----------------------------------------------------------------------------------------------------
2026 03 03 02:53:05 INFO     RANDOM_R1 Made a Pizza!!!
2026 03 03 02:53:05 INFO     -----------------------------------------------------------------------------------------------------
2026 03 03 02:53:05 INFO     -----------------------------------------------------------------------------------------------------
2026 03 03 02:53:05 INFO     Round:12
2026 03 03 02:53:05 INFO     -----------------------------------------------------------------------------------------------------
2026 03 03 02:53:05 INFO      -- Player 1 - RANDOM_R1
2026 03 03 02:53:05 INFO      --- Player Hand: [0, 0, 0, 0, 0, 0, 0, 0, 0, 0, 0, 4, 9, 10, 10, 10, 11]
2026 03 03 02:53:05 INFO      --- Board Before: [13, 0, 0, 0, 0, 0, 0, 0, 0, 0, 0]
2026 03 03 02:53:05 INFO      --- Action: C8;Q1;J0
2026 03 03 02:53:05 INFO      --- Board After: [8, 0, 0, 0, 0, 0, 0, 0, 0, 0, 0]
2026 03 03 02:53:05 INFO      -- Player 2 - RANDOM_R2
2026 03 03 02:53:05 INFO      --- Player Hand: [0, 0, 0, 0, 0, 0, 0, 0, 0, 0, 0, 0, 0, 6, 10, 10, 11]
2026 03 03 02:53:05 INFO      --- Board Before: [8, 0, 0, 0, 0, 0, 0, 0, 0, 0, 0]
2026 03 03 02:53:05 INFO      --- Action: pass
2026 03 03 02:53:05 INFO      --- Board After: [8, 0, 0, 0, 0, 0, 0, 0, 0, 0, 0]
2026 03 03 02:53:05 INFO      -- Player 3 - RANDOM_R3
2026 03 03 02:53:05 INFO      --- Player Hand: [0, 0, 0, 0, 0, 0, 0, 0, 0, 0, 0, 0, 0, 0, 0, 6, 8]
2026 03 03 02:53:05 INFO      --- Board Before: [8, 0, 0, 0, 0, 0, 0, 0, 0, 0, 0]
2026 03 03 02:53:05 INFO      --- Action: C7;Q1;J0
2026 03 03 02:53:05 INFO      --- Board After: [7, 0, 0, 0, 0, 0, 0, 0, 0, 0, 0]
2026 03 03 02:53:05 INFO      -- Player 1 - RANDOM_R1
2026 03 03 02:53:05 INFO      --- Player Hand: [0, 0, 0, 0, 0, 0, 0, 0, 0, 0, 0, 0, 9, 10, 10, 10, 11]
2026 03 03 02:53:05 INFO      --- Board Before: [7, 0, 0, 0, 0, 0, 0, 0, 0, 0, 0]
2026 03 03 02:53:05 INFO      --- Action: C4;Q1;J0
2026 03 03 02:53:05 INFO      --- Board After: [4, 0, 0, 0, 0, 0, 0, 0, 0, 0, 0]
2026 03 03 02:53:05 INFO      -- Player 3 - RANDOM_R3
2026 03 03 02:53:05 INFO      --- Player Hand: [0, 0, 0, 0, 0, 0, 0, 0, 0, 0, 0, 0, 0, 0, 0, 6, 8]
2026 03 03 02:53:05 INFO      --- Board Before: [4, 0, 0, 0, 0, 0, 0, 0, 0, 0, 0]
2026 03 03 02:53:05 INFO      --- Action: pass
2026 03 03 02:53:05 INFO      --- Board After: [4, 0, 0, 0, 0, 0, 0, 0, 0, 0, 0]
2026 03 03 02:53:05 INFO     -----------------------------------------------------------------------------------------------------
2026 03 03 02:53:05 INFO     RANDOM_R1 Made a Pizza!!!
2026 03 03 02:53:05 INFO     -----------------------------------------------------------------------------------------------------
2026 03 03 02:53:05 INFO     -----------------------------------------------------------------------------------------------------
2026 03 03 02:53:05 INFO     Round:13
2026 03 03 02:53:05 INFO     -----------------------------------------------------------------------------------------------------
2026 03 03 02:53:05 INFO      -- Player 1 - RANDOM_R1
2026 03 03 02:53:05 INFO      --- Player Hand: [0, 0, 0, 0, 0, 0, 0, 0, 0, 0, 0, 0, 0, 9, 10, 10, 10]
2026 03 03 02:53:05 INFO      --- Board Before: [13, 0, 0, 0, 0, 0, 0, 0, 0, 0, 0]
2026 03 03 02:53:05 INFO      --- Action: C11;Q1;J0
2026 03 03 02:53:05 INFO      --- Board After: [11, 0, 0, 0, 0, 0, 0, 0, 0, 0, 0]
2026 03 03 02:53:05 INFO      -- Player 2 - RANDOM_R2
2026 03 03 02:53:05 INFO      --- Player Hand: [0, 0, 0, 0, 0, 0, 0, 0, 0, 0, 0, 0, 0, 0, 10, 10, 11]
2026 03 03 02:53:05 INFO      --- Board Before: [11, 0, 0, 0, 0, 0, 0, 0, 0, 0, 0]
2026 03 03 02:53:05 INFO      --- Action: C6;Q1;J0
2026 03 03 02:53:05 INFO      --- Board After: [6, 0, 0, 0, 0, 0, 0, 0, 0, 0, 0]
2026 03 03 02:53:05 INFO      -- Player 3 - RANDOM_R3
2026 03 03 02:53:05 INFO      --- Player Hand: [0, 0, 0, 0, 0, 0, 0, 0, 0, 0, 0, 0, 0, 0, 0, 6, 8]
2026 03 03 02:53:05 INFO      --- Board Before: [6, 0, 0, 0, 0, 0, 0, 0, 0, 0, 0]
2026 03 03 02:53:05 INFO      --- Action: pass
2026 03 03 02:53:05 INFO      --- Board After: [6, 0, 0, 0, 0, 0, 0, 0, 0, 0, 0]
2026 03 03 02:53:05 INFO      -- Player 1 - RANDOM_R1
2026 03 03 02:53:05 INFO      --- Player Hand: [0, 0, 0, 0, 0, 0, 0, 0, 0, 0, 0, 0, 0, 9, 10, 10, 10]
2026 03 03 02:53:05 INFO      --- Board Before: [6, 0, 0, 0, 0, 0, 0, 0, 0, 0, 0]
2026 03 03 02:53:05 INFO      --- Action: pass
2026 03 03 02:53:05 INFO      --- Board After: [6, 0, 0, 0, 0, 0, 0, 0, 0, 0, 0]
2026 03 03 02:53:05 INFO     -----------------------------------------------------------------------------------------------------
2026 03 03 02:53:05 INFO     RANDOM_R2 Made a Pizza!!!
2026 03 03 02:53:05 INFO     -----------------------------------------------------------------------------------------------------
2026 03 03 02:53:05 INFO     -----------------------------------------------------------------------------------------------------
2026 03 03 02:53:05 INFO     Round:14
2026 03 03 02:53:05 INFO     -----------------------------------------------------------------------------------------------------
2026 03 03 02:53:05 INFO      -- Player 2 - RANDOM_R2
2026 03 03 02:53:05 INFO      --- Player Hand: [0, 0, 0, 0, 0, 0, 0, 0, 0, 0, 0, 0, 0, 0, 0, 10, 11]
2026 03 03 02:53:05 INFO      --- Board Before: [13, 0, 0, 0, 0, 0, 0, 0, 0, 0, 0]
2026 03 03 02:53:05 INFO      --- Action: C10;Q1;J0
2026 03 03 02:53:05 INFO      --- Board After: [10, 0, 0, 0, 0, 0, 0, 0, 0, 0, 0]
2026 03 03 02:53:05 INFO      -- Player 3 - RANDOM_R3
2026 03 03 02:53:05 INFO      --- Player Hand: [0, 0, 0, 0, 0, 0, 0, 0, 0, 0, 0, 0, 0, 0, 0, 0, 6]
2026 03 03 02:53:05 INFO      --- Board Before: [10, 0, 0, 0, 0, 0, 0, 0, 0, 0, 0]
2026 03 03 02:53:05 INFO      --- Action: C8;Q1;J0
2026 03 03 02:53:05 INFO      --- Board After: [8, 0, 0, 0, 0, 0, 0, 0, 0, 0, 0]
2026 03 03 02:53:05 INFO      -- Player 1 - RANDOM_R1
2026 03 03 02:53:05 INFO      --- Player Hand: [0, 0, 0, 0, 0, 0, 0, 0, 0, 0, 0, 0, 0, 9, 10, 10, 10]
2026 03 03 02:53:05 INFO      --- Board Before: [8, 0, 0, 0, 0, 0, 0, 0, 0, 0, 0]
2026 03 03 02:53:05 INFO      --- Action: pass
2026 03 03 02:53:05 INFO      --- Board After: [8, 0, 0, 0, 0, 0, 0, 0, 0, 0, 0]
2026 03 03 02:53:05 INFO      -- Player 2 - RANDOM_R2
2026 03 03 02:53:05 INFO      --- Player Hand: [0, 0, 0, 0, 0, 0, 0, 0, 0, 0, 0, 0, 0, 0, 0, 10, 11]
2026 03 03 02:53:05 INFO      --- Board Before: [8, 0, 0, 0, 0, 0, 0, 0, 0, 0, 0]
2026 03 03 02:53:05 INFO      --- Action: pass
2026 03 03 02:53:05 INFO      --- Board After: [8, 0, 0, 0, 0, 0, 0, 0, 0, 0, 0]
2026 03 03 02:53:05 INFO     -----------------------------------------------------------------------------------------------------
2026 03 03 02:53:05 INFO     RANDOM_R3 Made a Pizza!!!
2026 03 03 02:53:05 INFO     -----------------------------------------------------------------------------------------------------
2026 03 03 02:53:05 INFO     -----------------------------------------------------------------------------------------------------
2026 03 03 02:53:05 INFO     Round:15
2026 03 03 02:53:05 INFO     -----------------------------------------------------------------------------------------------------
2026 03 03 02:53:05 INFO      -- Player 3 - RANDOM_R3
2026 03 03 02:53:05 INFO      --- Player Hand: [0. 0. 0. 0. 0. 0. 0. 0. 0. 0. 0. 0. 0. 0. 0. 0. 0.]
2026 03 03 02:53:05 INFO      --- Board Before: [13, 0, 0, 0, 0, 0, 0, 0, 0, 0, 0]
2026 03 03 02:53:05 INFO      --- Action: C6;Q1;J0
2026 03 03 02:53:05 INFO      --- Player Finished!
2026 03 03 02:53:05 INFO      --- Board After: [6, 0, 0, 0, 0, 0, 0, 0, 0, 0, 0]
2026 03 03 02:53:05 INFO      -- Player 1 - RANDOM_R1
2026 03 03 02:53:05 INFO      --- Player Hand: [0, 0, 0, 0, 0, 0, 0, 0, 0, 0, 0, 0, 0, 9, 10, 10, 10]
2026 03 03 02:53:05 INFO      --- Board Before: [6, 0, 0, 0, 0, 0, 0, 0, 0, 0, 0]
2026 03 03 02:53:05 INFO      --- Action: pass
2026 03 03 02:53:05 INFO      --- Board After: [6, 0, 0, 0, 0, 0, 0, 0, 0, 0, 0]
2026 03 03 02:53:05 INFO      -- Player 2 - RANDOM_R2
2026 03 03 02:53:05 INFO      --- Player Hand: [0, 0, 0, 0, 0, 0, 0, 0, 0, 0, 0, 0, 0, 0, 0, 10, 11]
2026 03 03 02:53:05 INFO      --- Board Before: [6, 0, 0, 0, 0, 0, 0, 0, 0, 0, 0]
2026 03 03 02:53:05 INFO      --- Action: pass
2026 03 03 02:53:05 INFO      --- Board After: [6, 0, 0, 0, 0, 0, 0, 0, 0, 0, 0]
2026 03 03 02:53:05 INFO     -----------------------------------------------------------------------------------------------------
2026 03 03 02:53:05 INFO     RANDOM_R3 Made a Pizza!!!
2026 03 03 02:53:05 INFO     -----------------------------------------------------------------------------------------------------
2026 03 03 02:53:05 INFO     -----------------------------------------------------------------------------------------------------
2026 03 03 02:53:05 INFO     Round:16
2026 03 03 02:53:05 INFO     -----------------------------------------------------------------------------------------------------
2026 03 03 02:53:05 INFO      -- Player 1 - RANDOM_R1
2026 03 03 02:53:05 INFO      --- Player Hand: [0, 0, 0, 0, 0, 0, 0, 0, 0, 0, 0, 0, 0, 0, 0, 0, 9]
2026 03 03 02:53:05 INFO      --- Board Before: [13, 0, 0, 0, 0, 0, 0, 0, 0, 0, 0]
2026 03 03 02:53:05 INFO      --- Action: C10;Q3;J0
2026 03 03 02:53:05 INFO      --- Board After: [10, 10, 10, 0, 0, 0, 0, 0, 0, 0, 0]
2026 03 03 02:53:05 INFO      -- Player 2 - RANDOM_R2
2026 03 03 02:53:05 INFO      --- Player Hand: [0, 0, 0, 0, 0, 0, 0, 0, 0, 0, 0, 0, 0, 0, 0, 10, 11]
2026 03 03 02:53:05 INFO      --- Board Before: [10, 10, 10, 0, 0, 0, 0, 0, 0, 0, 0]
2026 03 03 02:53:05 INFO      --- Action: pass
2026 03 03 02:53:05 INFO      --- Board After: [10, 10, 10, 0, 0, 0, 0, 0, 0, 0, 0]
2026 03 03 02:53:05 INFO     -----------------------------------------------------------------------------------------------------
2026 03 03 02:53:05 INFO     RANDOM_R1 Made a Pizza!!!
2026 03 03 02:53:05 INFO     -----------------------------------------------------------------------------------------------------
2026 03 03 02:53:05 INFO     -----------------------------------------------------------------------------------------------------
2026 03 03 02:53:05 INFO     Round:17
2026 03 03 02:53:05 INFO     -----------------------------------------------------------------------------------------------------
2026 03 03 02:53:05 INFO      -- Player 1 - RANDOM_R1
2026 03 03 02:53:05 INFO      --- Player Hand: [0, 0, 0, 0, 0, 0, 0, 0, 0, 0, 0, 0, 0, 0, 0, 0, 9]
2026 03 03 02:53:05 INFO      --- Board Before: [13, 0, 0, 0, 0, 0, 0, 0, 0, 0, 0]
2026 03 03 02:53:05 INFO      --- Action: pass
2026 03 03 02:53:05 INFO      --- Board After: [13, 0, 0, 0, 0, 0, 0, 0, 0, 0, 0]
2026 03 03 02:53:05 INFO      -- Player 2 - RANDOM_R2
2026 03 03 02:53:05 INFO      --- Player Hand: [0, 0, 0, 0, 0, 0, 0, 0, 0, 0, 0, 0, 0, 0, 0, 0, 11]
2026 03 03 02:53:05 INFO      --- Board Before: [13, 0, 0, 0, 0, 0, 0, 0, 0, 0, 0]
2026 03 03 02:53:05 INFO      --- Action: C10;Q1;J0
2026 03 03 02:53:05 INFO      --- Board After: [10, 0, 0, 0, 0, 0, 0, 0, 0, 0, 0]
2026 03 03 02:53:05 INFO     -----------------------------------------------------------------------------------------------------
2026 03 03 02:53:05 INFO     RANDOM_R2 Made a Pizza!!!
2026 03 03 02:53:05 INFO     -----------------------------------------------------------------------------------------------------
2026 03 03 02:53:05 INFO     -----------------------------------------------------------------------------------------------------
2026 03 03 02:53:05 INFO     Round:18
2026 03 03 02:53:05 INFO     -----------------------------------------------------------------------------------------------------
2026 03 03 02:53:05 INFO      -- Player 2 - RANDOM_R2
2026 03 03 02:53:05 INFO      --- Player Hand: [0. 0. 0. 0. 0. 0. 0. 0. 0. 0. 0. 0. 0. 0. 0. 0. 0.]
2026 03 03 02:53:05 INFO      --- Board Before: [13, 0, 0, 0, 0, 0, 0, 0, 0, 0, 0]
2026 03 03 02:53:05 INFO      --- Action: C11;Q1;J0
2026 03 03 02:53:05 INFO      --- Player Finished!
2026 03 03 02:53:05 INFO      --- Board After: [11, 0, 0, 0, 0, 0, 0, 0, 0, 0, 0]
2026 03 03 02:53:05 INFO     -----------------------------------------------------------------------------------------------------
2026 03 03 02:53:05 INFO     Match 1 over! Current Score:{'RANDOM_R0': 3, 'RANDOM_R1': 0, 'RANDOM_R2': 1, 'RANDOM_R3': 2}
2026 03 03 02:53:05 INFO     -----------------------------------------------------------------------------------------------------
2026 03 03 02:53:05 INFO     -----------------------------------------------------------------------------------------------------
2026 03 03 02:53:05 INFO     Game Over! Final Score:{'RANDOM_R0': 3, 'RANDOM_R1': 0, 'RANDOM_R2': 1, 'RANDOM_R3': 2} - Final Performance Score:{'RANDOM_R0': 1.6666666666666667, 'RANDOM_R1': 0.0, 'RANDOM_R2': 0.5555555555555556, 'RANDOM_R3': 1.1111111111111112}
2026 03 03 02:53:05 INFO     -----------------------------------------------------------------------------------------------------
