2026 03 03 02:48:59 INFO     -----------------------------------------------------------------------------------------------------
2026 03 03 02:48:59 INFO     Experiment: 02-4859_debug_room
2026 03 03 02:48:59 INFO     -----------------------------------------------------------------------------------------------------
2026 03 03 02:48:59 INFO     Base Directory: temp\02-4859_debug_room
2026 03 03 02:48:59 INFO     -----------------------------------------------------------------------------------------------------
2026 03 03 02:48:59 INFO     Starting new Episode:1
2026 03 03 02:48:59 INFO     -----------------------------------------------------------------------------------------------------
2026 03 03 02:48:59 INFO     Players :['RANDOM_R0', 'RANDOM_R1', 'RANDOM_R2', 'RANDOM_R3']
2026 03 03 02:48:59 INFO     Stop Criteria :1 MATCHES
2026 03 03 02:48:59 INFO     Max Rounds :999999
2026 03 03 02:48:59 INFO     -----------------------------------------------------------------------------------------------------
2026 03 03 02:48:59 INFO     Match Number 1.000000 Starts!
2026 03 03 02:48:59 INFO     -----------------------------------------------------------------------------------------------------
2026 03 03 02:48:59 INFO     Deck: [9, 11, 11, 10, 11, 5, 6, 5, 8, 10, 10, 9, 7, 8, 8, 11, 11, 11, 7, 8, 3, 2, 9, 7, 11, 2, 5, 10, 9, 10, 3, 9, 10, 4, 4, 3, 11, 10, 8, 12, 1, 11, 7, 9, 5, 8, 8, 4, 6, 8, 11, 5, 9, 4, 6, 10, 10, 6, 9, 10, 7, 12, 6, 9, 11, 7, 7, 6]
2026 03 03 02:48:59 INFO     Player RANDOM_R0 hand: [5, 5, 6, 7, 8, 8, 8, 9, 9, 10, 10, 10, 11, 11, 11, 11, 11]
2026 03 03 02:48:59 INFO     Player RANDOM_R1 hand: [2, 2, 3, 3, 4, 5, 7, 7, 8, 9, 9, 9, 10, 10, 10, 11, 11]
2026 03 03 02:48:59 INFO     Player RANDOM_R2 hand: [1, 3, 4, 4, 5, 6, 7, 8, 8, 8, 8, 9, 10, 11, 11, 11, 12]
2026 03 03 02:48:59 INFO     Player RANDOM_R3 hand: [4, 5, 6, 6, 6, 6, 7, 7, 7, 9, 9, 9, 10, 10, 10, 11, 12]
2026 03 03 02:48:59 INFO     -----------------------------------------------------------------------------------------------------
2026 03 03 02:48:59 INFO     Round:1
2026 03 03 02:48:59 INFO     -----------------------------------------------------------------------------------------------------
2026 03 03 02:48:59 INFO      -- Player 2 - RANDOM_R2
2026 03 03 02:48:59 INFO      --- Player Hand: [0, 0, 0, 1, 3, 4, 4, 5, 6, 7, 8, 8, 8, 8, 9, 10, 11]
2026 03 03 02:48:59 INFO      --- Board Before: [13, 0, 0, 0, 0, 0, 0, 0, 0, 0, 0]
2026 03 03 02:48:59 INFO      --- Action: C11;Q2;J1
2026 03 03 02:48:59 INFO      --- Board After: [11, 11, 12, 0, 0, 0, 0, 0, 0, 0, 0]
2026 03 03 02:48:59 INFO      -- Player 3 - RANDOM_R3
2026 03 03 02:48:59 INFO      --- Player Hand: [4, 5, 6, 6, 6, 6, 7, 7, 7, 9, 9, 9, 10, 10, 10, 11, 12]
2026 03 03 02:48:59 INFO      --- Board Before: [11, 11, 12, 0, 0, 0, 0, 0, 0, 0, 0]
2026 03 03 02:48:59 INFO      --- Action: pass
2026 03 03 02:48:59 INFO      --- Board After: [11, 11, 12, 0, 0, 0, 0, 0, 0, 0, 0]
2026 03 03 02:48:59 INFO      -- Player 0 - RANDOM_R0
2026 03 03 02:48:59 INFO      --- Player Hand: [0, 0, 0, 5, 5, 6, 7, 8, 8, 8, 9, 9, 11, 11, 11, 11, 11]
2026 03 03 02:48:59 INFO      --- Board Before: [11, 11, 12, 0, 0, 0, 0, 0, 0, 0, 0]
2026 03 03 02:48:59 INFO      --- Action: C10;Q3;J0
2026 03 03 02:48:59 INFO      --- Board After: [10, 10, 10, 0, 0, 0, 0, 0, 0, 0, 0]
2026 03 03 02:48:59 INFO      -- Player 1 - RANDOM_R1
2026 03 03 02:48:59 INFO      --- Player Hand: [0, 0, 0, 2, 2, 3, 3, 4, 5, 7, 7, 8, 10, 10, 10, 11, 11]
2026 03 03 02:48:59 INFO      --- Board Before: [10, 10, 10, 0, 0, 0, 0, 0, 0, 0, 0]
2026 03 03 02:48:59 INFO      --- Action: C9;Q3;J0
2026 03 03 02:48:59 INFO      --- Board After: [9, 9, 9, 0, 0, 0, 0, 0, 0, 0, 0]
2026 03 03 02:48:59 INFO      -- Player 2 - RANDOM_R2
2026 03 03 02:48:59 INFO      --- Player Hand: [0, 0, 0, 1, 3, 4, 4, 5, 6, 7, 8, 8, 8, 8, 9, 10, 11]
2026 03 03 02:48:59 INFO      --- Board Before: [9, 9, 9, 0, 0, 0, 0, 0, 0, 0, 0]
2026 03 03 02:48:59 INFO      --- Action: pass
2026 03 03 02:48:59 INFO      --- Board After: [9, 9, 9, 0, 0, 0, 0, 0, 0, 0, 0]
2026 03 03 02:48:59 INFO      -- Player 0 - RANDOM_R0
2026 03 03 02:48:59 INFO      --- Player Hand: [0, 0, 0, 0, 0, 0, 5, 5, 6, 7, 9, 9, 11, 11, 11, 11, 11]
2026 03 03 02:48:59 INFO      --- Board Before: [9, 9, 9, 0, 0, 0, 0, 0, 0, 0, 0]
2026 03 03 02:48:59 INFO      --- Action: C8;Q3;J0
2026 03 03 02:48:59 INFO      --- Board After: [8, 8, 8, 0, 0, 0, 0, 0, 0, 0, 0]
2026 03 03 02:48:59 INFO      -- Player 1 - RANDOM_R1
2026 03 03 02:48:59 INFO      --- Player Hand: [0, 0, 0, 2, 2, 3, 3, 4, 5, 7, 7, 8, 10, 10, 10, 11, 11]
2026 03 03 02:48:59 INFO      --- Board Before: [8, 8, 8, 0, 0, 0, 0, 0, 0, 0, 0]
2026 03 03 02:48:59 INFO      --- Action: pass
2026 03 03 02:48:59 INFO      --- Board After: [8, 8, 8, 0, 0, 0, 0, 0, 0, 0, 0]
2026 03 03 02:48:59 INFO     -----------------------------------------------------------------------------------------------------
2026 03 03 02:48:59 INFO     RANDOM_R0 Made a Pizza!!!
2026 03 03 02:48:59 INFO     -----------------------------------------------------------------------------------------------------
2026 03 03 02:48:59 INFO     -----------------------------------------------------------------------------------------------------
2026 03 03 02:48:59 INFO     Round:2
2026 03 03 02:48:59 INFO     -----------------------------------------------------------------------------------------------------
2026 03 03 02:48:59 INFO      -- Player 0 - RANDOM_R0
2026 03 03 02:48:59 INFO      --- Player Hand: [0, 0, 0, 0, 0, 0, 0, 0, 6, 7, 9, 9, 11, 11, 11, 11, 11]
2026 03 03 02:48:59 INFO      --- Board Before: [13, 0, 0, 0, 0, 0, 0, 0, 0, 0, 0]
2026 03 03 02:48:59 INFO      --- Action: C5;Q2;J0
2026 03 03 02:48:59 INFO      --- Board After: [5, 5, 0, 0, 0, 0, 0, 0, 0, 0, 0]
2026 03 03 02:48:59 INFO      -- Player 1 - RANDOM_R1
2026 03 03 02:48:59 INFO      --- Player Hand: [0, 0, 0, 0, 0, 3, 3, 4, 5, 7, 7, 8, 10, 10, 10, 11, 11]
2026 03 03 02:48:59 INFO      --- Board Before: [5, 5, 0, 0, 0, 0, 0, 0, 0, 0, 0]
2026 03 03 02:48:59 INFO      --- Action: C2;Q2;J0
2026 03 03 02:48:59 INFO      --- Board After: [2, 2, 0, 0, 0, 0, 0, 0, 0, 0, 0]
2026 03 03 02:48:59 INFO      -- Player 2 - RANDOM_R2
2026 03 03 02:48:59 INFO      --- Player Hand: [0, 0, 0, 1, 3, 4, 4, 5, 6, 7, 8, 8, 8, 8, 9, 10, 11]
2026 03 03 02:48:59 INFO      --- Board Before: [2, 2, 0, 0, 0, 0, 0, 0, 0, 0, 0]
2026 03 03 02:48:59 INFO      --- Action: pass
2026 03 03 02:48:59 INFO      --- Board After: [2, 2, 0, 0, 0, 0, 0, 0, 0, 0, 0]
2026 03 03 02:48:59 INFO      -- Player 3 - RANDOM_R3
2026 03 03 02:48:59 INFO      --- Player Hand: [4, 5, 6, 6, 6, 6, 7, 7, 7, 9, 9, 9, 10, 10, 10, 11, 12]
2026 03 03 02:48:59 INFO      --- Board Before: [2, 2, 0, 0, 0, 0, 0, 0, 0, 0, 0]
2026 03 03 02:48:59 INFO      --- Action: pass
2026 03 03 02:48:59 INFO      --- Board After: [2, 2, 0, 0, 0, 0, 0, 0, 0, 0, 0]
2026 03 03 02:48:59 INFO      -- Player 0 - RANDOM_R0
2026 03 03 02:48:59 INFO      --- Player Hand: [0, 0, 0, 0, 0, 0, 0, 0, 6, 7, 9, 9, 11, 11, 11, 11, 11]
2026 03 03 02:48:59 INFO      --- Board Before: [2, 2, 0, 0, 0, 0, 0, 0, 0, 0, 0]
2026 03 03 02:48:59 INFO      --- Action: pass
2026 03 03 02:48:59 INFO      --- Board After: [2, 2, 0, 0, 0, 0, 0, 0, 0, 0, 0]
2026 03 03 02:48:59 INFO     -----------------------------------------------------------------------------------------------------
2026 03 03 02:48:59 INFO     RANDOM_R1 Made a Pizza!!!
2026 03 03 02:48:59 INFO     -----------------------------------------------------------------------------------------------------
2026 03 03 02:48:59 INFO     -----------------------------------------------------------------------------------------------------
2026 03 03 02:48:59 INFO     Round:3
2026 03 03 02:48:59 INFO     -----------------------------------------------------------------------------------------------------
2026 03 03 02:48:59 INFO      -- Player 1 - RANDOM_R1
2026 03 03 02:48:59 INFO      --- Player Hand: [0, 0, 0, 0, 0, 3, 3, 4, 5, 7, 7, 8, 10, 10, 10, 11, 11]
2026 03 03 02:48:59 INFO      --- Board Before: [13, 0, 0, 0, 0, 0, 0, 0, 0, 0, 0]
2026 03 03 02:48:59 INFO      --- Action: pass
2026 03 03 02:48:59 INFO      --- Board After: [13, 0, 0, 0, 0, 0, 0, 0, 0, 0, 0]
2026 03 03 02:48:59 INFO      -- Player 2 - RANDOM_R2
2026 03 03 02:48:59 INFO      --- Player Hand: [0, 0, 0, 0, 0, 0, 0, 1, 3, 4, 4, 5, 6, 7, 9, 10, 11]
2026 03 03 02:48:59 INFO      --- Board Before: [13, 0, 0, 0, 0, 0, 0, 0, 0, 0, 0]
2026 03 03 02:48:59 INFO      --- Action: C8;Q4;J0
2026 03 03 02:48:59 INFO      --- Board After: [8, 8, 8, 8, 0, 0, 0, 0, 0, 0, 0]
2026 03 03 02:48:59 INFO      -- Player 3 - RANDOM_R3
2026 03 03 02:48:59 INFO      --- Player Hand: [0, 0, 0, 0, 4, 5, 6, 6, 6, 6, 9, 9, 9, 10, 10, 10, 11]
2026 03 03 02:48:59 INFO      --- Board Before: [8, 8, 8, 8, 0, 0, 0, 0, 0, 0, 0]
2026 03 03 02:48:59 INFO      --- Action: C7;Q3;J1
2026 03 03 02:48:59 INFO      --- Board After: [7, 7, 7, 12, 0, 0, 0, 0, 0, 0, 0]
2026 03 03 02:48:59 INFO      -- Player 0 - RANDOM_R0
2026 03 03 02:48:59 INFO      --- Player Hand: [0, 0, 0, 0, 0, 0, 0, 0, 6, 7, 9, 9, 11, 11, 11, 11, 11]
2026 03 03 02:48:59 INFO      --- Board Before: [7, 7, 7, 12, 0, 0, 0, 0, 0, 0, 0]
2026 03 03 02:48:59 INFO      --- Action: pass
2026 03 03 02:48:59 INFO      --- Board After: [7, 7, 7, 12, 0, 0, 0, 0, 0, 0, 0]
2026 03 03 02:48:59 INFO      -- Player 2 - RANDOM_R2
2026 03 03 02:48:59 INFO      --- Player Hand: [0, 0, 0, 0, 0, 0, 0, 1, 3, 4, 4, 5, 6, 7, 9, 10, 11]
2026 03 03 02:48:59 INFO      --- Board Before: [7, 7, 7, 12, 0, 0, 0, 0, 0, 0, 0]
2026 03 03 02:48:59 INFO      --- Action: pass
2026 03 03 02:48:59 INFO      --- Board After: [7, 7, 7, 12, 0, 0, 0, 0, 0, 0, 0]
2026 03 03 02:48:59 INFO     -----------------------------------------------------------------------------------------------------
2026 03 03 02:48:59 INFO     RANDOM_R3 Made a Pizza!!!
2026 03 03 02:48:59 INFO     -----------------------------------------------------------------------------------------------------
2026 03 03 02:48:59 INFO     -----------------------------------------------------------------------------------------------------
2026 03 03 02:48:59 INFO     Round:4
2026 03 03 02:48:59 INFO     -----------------------------------------------------------------------------------------------------
2026 03 03 02:48:59 INFO      -- Player 3 - RANDOM_R3
2026 03 03 02:48:59 INFO      --- Player Hand: [0, 0, 0, 0, 0, 4, 5, 6, 6, 6, 6, 9, 9, 9, 10, 10, 11]
2026 03 03 02:48:59 INFO      --- Board Before: [13, 0, 0, 0, 0, 0, 0, 0, 0, 0, 0]
2026 03 03 02:48:59 INFO      --- Action: C10;Q1;J0
2026 03 03 02:48:59 INFO      --- Board After: [10, 0, 0, 0, 0, 0, 0, 0, 0, 0, 0]
2026 03 03 02:48:59 INFO      -- Player 0 - RANDOM_R0
2026 03 03 02:48:59 INFO      --- Player Hand: [0, 0, 0, 0, 0, 0, 0, 0, 0, 6, 7, 9, 11, 11, 11, 11, 11]
2026 03 03 02:48:59 INFO      --- Board Before: [10, 0, 0, 0, 0, 0, 0, 0, 0, 0, 0]
2026 03 03 02:48:59 INFO      --- Action: C9;Q1;J0
2026 03 03 02:48:59 INFO      --- Board After: [9, 0, 0, 0, 0, 0, 0, 0, 0, 0, 0]
2026 03 03 02:48:59 INFO      -- Player 1 - RANDOM_R1
2026 03 03 02:48:59 INFO      --- Player Hand: [0, 0, 0, 0, 0, 0, 3, 3, 4, 5, 7, 7, 10, 10, 10, 11, 11]
2026 03 03 02:48:59 INFO      --- Board Before: [9, 0, 0, 0, 0, 0, 0, 0, 0, 0, 0]
2026 03 03 02:48:59 INFO      --- Action: C8;Q1;J0
2026 03 03 02:48:59 INFO      --- Board After: [8, 0, 0, 0, 0, 0, 0, 0, 0, 0, 0]
2026 03 03 02:48:59 INFO      -- Player 2 - RANDOM_R2
2026 03 03 02:48:59 INFO      --- Player Hand: [0, 0, 0, 0, 0, 0, 0, 0, 0, 1, 3, 5, 6, 7, 9, 10, 11]
2026 03 03 02:48:59 INFO      --- Board Before: [8, 0, 0, 0, 0, 0, 0, 0, 0, 0, 0]
2026 03 03 02:49:00 INFO      --- Action: C4;Q2;J0
2026 03 03 02:49:00 INFO      --- Board After: [4, 4, 0, 0, 0, 0, 0, 0, 0, 0, 0]
2026 03 03 02:49:00 INFO      -- Player 3 - RANDOM_R3
2026 03 03 02:49:00 INFO      --- Player Hand: [0, 0, 0, 0, 0, 4, 5, 6, 6, 6, 6, 9, 9, 9, 10, 10, 11]
2026 03 03 02:49:00 INFO      --- Board Before: [4, 4, 0, 0, 0, 0, 0, 0, 0, 0, 0]
2026 03 03 02:49:00 INFO      --- Action: pass
2026 03 03 02:49:00 INFO      --- Board After: [4, 4, 0, 0, 0, 0, 0, 0, 0, 0, 0]
2026 03 03 02:49:00 INFO      -- Player 0 - RANDOM_R0
2026 03 03 02:49:00 INFO      --- Player Hand: [0, 0, 0, 0, 0, 0, 0, 0, 0, 6, 7, 9, 11, 11, 11, 11, 11]
2026 03 03 02:49:00 INFO      --- Board Before: [4, 4, 0, 0, 0, 0, 0, 0, 0, 0, 0]
2026 03 03 02:49:00 INFO      --- Action: pass
2026 03 03 02:49:00 INFO      --- Board After: [4, 4, 0, 0, 0, 0, 0, 0, 0, 0, 0]
2026 03 03 02:49:00 INFO      -- Player 1 - RANDOM_R1
2026 03 03 02:49:00 INFO      --- Player Hand: [0, 0, 0, 0, 0, 0, 0, 0, 4, 5, 7, 7, 10, 10, 10, 11, 11]
2026 03 03 02:49:00 INFO      --- Board Before: [4, 4, 0, 0, 0, 0, 0, 0, 0, 0, 0]
2026 03 03 02:49:00 INFO      --- Action: C3;Q2;J0
2026 03 03 02:49:00 INFO      --- Board After: [3, 3, 0, 0, 0, 0, 0, 0, 0, 0, 0]
2026 03 03 02:49:00 INFO      -- Player 2 - RANDOM_R2
2026 03 03 02:49:00 INFO      --- Player Hand: [0, 0, 0, 0, 0, 0, 0, 0, 0, 1, 3, 5, 6, 7, 9, 10, 11]
2026 03 03 02:49:00 INFO      --- Board Before: [3, 3, 0, 0, 0, 0, 0, 0, 0, 0, 0]
2026 03 03 02:49:00 INFO      --- Action: pass
2026 03 03 02:49:00 INFO      --- Board After: [3, 3, 0, 0, 0, 0, 0, 0, 0, 0, 0]
2026 03 03 02:49:00 INFO     -----------------------------------------------------------------------------------------------------
2026 03 03 02:49:00 INFO     RANDOM_R1 Made a Pizza!!!
2026 03 03 02:49:00 INFO     -----------------------------------------------------------------------------------------------------
2026 03 03 02:49:00 INFO     -----------------------------------------------------------------------------------------------------
2026 03 03 02:49:00 INFO     Round:5
2026 03 03 02:49:00 INFO     -----------------------------------------------------------------------------------------------------
2026 03 03 02:49:00 INFO      -- Player 1 - RANDOM_R1
2026 03 03 02:49:00 INFO      --- Player Hand: [0, 0, 0, 0, 0, 0, 0, 0, 0, 5, 7, 7, 10, 10, 10, 11, 11]
2026 03 03 02:49:00 INFO      --- Board Before: [13, 0, 0, 0, 0, 0, 0, 0, 0, 0, 0]
2026 03 03 02:49:00 INFO      --- Action: C4;Q1;J0
2026 03 03 02:49:00 INFO      --- Board After: [4, 0, 0, 0, 0, 0, 0, 0, 0, 0, 0]
2026 03 03 02:49:00 INFO      -- Player 2 - RANDOM_R2
2026 03 03 02:49:00 INFO      --- Player Hand: [0, 0, 0, 0, 0, 0, 0, 0, 0, 0, 1, 5, 6, 7, 9, 10, 11]
2026 03 03 02:49:00 INFO      --- Board Before: [4, 0, 0, 0, 0, 0, 0, 0, 0, 0, 0]
2026 03 03 02:49:00 INFO      --- Action: C3;Q1;J0
2026 03 03 02:49:00 INFO      --- Board After: [3, 0, 0, 0, 0, 0, 0, 0, 0, 0, 0]
2026 03 03 02:49:00 INFO      -- Player 3 - RANDOM_R3
2026 03 03 02:49:00 INFO      --- Player Hand: [0, 0, 0, 0, 0, 4, 5, 6, 6, 6, 6, 9, 9, 9, 10, 10, 11]
2026 03 03 02:49:00 INFO      --- Board Before: [3, 0, 0, 0, 0, 0, 0, 0, 0, 0, 0]
2026 03 03 02:49:00 INFO      --- Action: pass
2026 03 03 02:49:00 INFO      --- Board After: [3, 0, 0, 0, 0, 0, 0, 0, 0, 0, 0]
2026 03 03 02:49:00 INFO      -- Player 0 - RANDOM_R0
2026 03 03 02:49:00 INFO      --- Player Hand: [0, 0, 0, 0, 0, 0, 0, 0, 0, 6, 7, 9, 11, 11, 11, 11, 11]
2026 03 03 02:49:00 INFO      --- Board Before: [3, 0, 0, 0, 0, 0, 0, 0, 0, 0, 0]
2026 03 03 02:49:00 INFO      --- Action: pass
2026 03 03 02:49:00 INFO      --- Board After: [3, 0, 0, 0, 0, 0, 0, 0, 0, 0, 0]
2026 03 03 02:49:00 INFO      -- Player 1 - RANDOM_R1
2026 03 03 02:49:00 INFO      --- Player Hand: [0, 0, 0, 0, 0, 0, 0, 0, 0, 5, 7, 7, 10, 10, 10, 11, 11]
2026 03 03 02:49:00 INFO      --- Board Before: [3, 0, 0, 0, 0, 0, 0, 0, 0, 0, 0]
2026 03 03 02:49:00 INFO      --- Action: pass
2026 03 03 02:49:00 INFO      --- Board After: [3, 0, 0, 0, 0, 0, 0, 0, 0, 0, 0]
2026 03 03 02:49:00 INFO     -----------------------------------------------------------------------------------------------------
2026 03 03 02:49:00 INFO     RANDOM_R2 Made a Pizza!!!
2026 03 03 02:49:00 INFO     -----------------------------------------------------------------------------------------------------
2026 03 03 02:49:00 INFO     -----------------------------------------------------------------------------------------------------
2026 03 03 02:49:00 INFO     Round:6
2026 03 03 02:49:00 INFO     -----------------------------------------------------------------------------------------------------
2026 03 03 02:49:00 INFO      -- Player 2 - RANDOM_R2
2026 03 03 02:49:00 INFO      --- Player Hand: [0, 0, 0, 0, 0, 0, 0, 0, 0, 0, 0, 1, 5, 6, 7, 9, 11]
2026 03 03 02:49:00 INFO      --- Board Before: [13, 0, 0, 0, 0, 0, 0, 0, 0, 0, 0]
2026 03 03 02:49:00 INFO      --- Action: C10;Q1;J0
2026 03 03 02:49:00 INFO      --- Board After: [10, 0, 0, 0, 0, 0, 0, 0, 0, 0, 0]
2026 03 03 02:49:00 INFO      -- Player 3 - RANDOM_R3
2026 03 03 02:49:00 INFO      --- Player Hand: [0, 0, 0, 0, 0, 0, 4, 5, 6, 6, 6, 6, 9, 9, 10, 10, 11]
2026 03 03 02:49:00 INFO      --- Board Before: [10, 0, 0, 0, 0, 0, 0, 0, 0, 0, 0]
2026 03 03 02:49:00 INFO      --- Action: C9;Q1;J0
2026 03 03 02:49:00 INFO      --- Board After: [9, 0, 0, 0, 0, 0, 0, 0, 0, 0, 0]
2026 03 03 02:49:00 INFO      -- Player 0 - RANDOM_R0
2026 03 03 02:49:00 INFO      --- Player Hand: [0, 0, 0, 0, 0, 0, 0, 0, 0, 6, 7, 9, 11, 11, 11, 11, 11]
2026 03 03 02:49:00 INFO      --- Board Before: [9, 0, 0, 0, 0, 0, 0, 0, 0, 0, 0]
2026 03 03 02:49:00 INFO      --- Action: pass
2026 03 03 02:49:00 INFO      --- Board After: [9, 0, 0, 0, 0, 0, 0, 0, 0, 0, 0]
2026 03 03 02:49:00 INFO      -- Player 1 - RANDOM_R1
2026 03 03 02:49:00 INFO      --- Player Hand: [0, 0, 0, 0, 0, 0, 0, 0, 0, 0, 0, 5, 10, 10, 10, 11, 11]
2026 03 03 02:49:00 INFO      --- Board Before: [9, 0, 0, 0, 0, 0, 0, 0, 0, 0, 0]
2026 03 03 02:49:00 INFO      --- Action: C7;Q2;J0
2026 03 03 02:49:00 INFO      --- Board After: [7, 7, 0, 0, 0, 0, 0, 0, 0, 0, 0]
2026 03 03 02:49:00 INFO      -- Player 2 - RANDOM_R2
2026 03 03 02:49:00 INFO      --- Player Hand: [0, 0, 0, 0, 0, 0, 0, 0, 0, 0, 0, 1, 5, 6, 7, 9, 11]
2026 03 03 02:49:00 INFO      --- Board Before: [7, 7, 0, 0, 0, 0, 0, 0, 0, 0, 0]
2026 03 03 02:49:00 INFO      --- Action: pass
2026 03 03 02:49:00 INFO      --- Board After: [7, 7, 0, 0, 0, 0, 0, 0, 0, 0, 0]
2026 03 03 02:49:00 INFO      -- Player 3 - RANDOM_R3
2026 03 03 02:49:00 INFO      --- Player Hand: [0, 0, 0, 0, 0, 0, 0, 0, 0, 4, 5, 6, 9, 9, 10, 10, 11]
2026 03 03 02:49:00 INFO      --- Board Before: [7, 7, 0, 0, 0, 0, 0, 0, 0, 0, 0]
2026 03 03 02:49:00 INFO      --- Action: C6;Q3;J0
2026 03 03 02:49:00 INFO      --- Board After: [6, 6, 6, 0, 0, 0, 0, 0, 0, 0, 0]
2026 03 03 02:49:00 INFO      -- Player 1 - RANDOM_R1
2026 03 03 02:49:00 INFO      --- Player Hand: [0, 0, 0, 0, 0, 0, 0, 0, 0, 0, 0, 5, 10, 10, 10, 11, 11]
2026 03 03 02:49:00 INFO      --- Board Before: [6, 6, 6, 0, 0, 0, 0, 0, 0, 0, 0]
2026 03 03 02:49:00 INFO      --- Action: pass
2026 03 03 02:49:00 INFO      --- Board After: [6, 6, 6, 0, 0, 0, 0, 0, 0, 0, 0]
2026 03 03 02:49:00 INFO     -----------------------------------------------------------------------------------------------------
2026 03 03 02:49:00 INFO     RANDOM_R3 Made a Pizza!!!
2026 03 03 02:49:00 INFO     -----------------------------------------------------------------------------------------------------
2026 03 03 02:49:00 INFO     -----------------------------------------------------------------------------------------------------
2026 03 03 02:49:00 INFO     Round:7
2026 03 03 02:49:00 INFO     -----------------------------------------------------------------------------------------------------
2026 03 03 02:49:00 INFO      -- Player 3 - RANDOM_R3
2026 03 03 02:49:00 INFO      --- Player Hand: [0, 0, 0, 0, 0, 0, 0, 0, 0, 0, 4, 5, 6, 9, 9, 10, 11]
2026 03 03 02:49:00 INFO      --- Board Before: [13, 0, 0, 0, 0, 0, 0, 0, 0, 0, 0]
2026 03 03 02:49:00 INFO      --- Action: C10;Q1;J0
2026 03 03 02:49:00 INFO      --- Board After: [10, 0, 0, 0, 0, 0, 0, 0, 0, 0, 0]
2026 03 03 02:49:00 INFO      -- Player 0 - RANDOM_R0
2026 03 03 02:49:00 INFO      --- Player Hand: [0, 0, 0, 0, 0, 0, 0, 0, 0, 6, 7, 9, 11, 11, 11, 11, 11]
2026 03 03 02:49:00 INFO      --- Board Before: [10, 0, 0, 0, 0, 0, 0, 0, 0, 0, 0]
2026 03 03 02:49:00 INFO      --- Action: pass
2026 03 03 02:49:00 INFO      --- Board After: [10, 0, 0, 0, 0, 0, 0, 0, 0, 0, 0]
2026 03 03 02:49:00 INFO      -- Player 1 - RANDOM_R1
2026 03 03 02:49:00 INFO      --- Player Hand: [0, 0, 0, 0, 0, 0, 0, 0, 0, 0, 0, 5, 10, 10, 10, 11, 11]
2026 03 03 02:49:00 INFO      --- Board Before: [10, 0, 0, 0, 0, 0, 0, 0, 0, 0, 0]
2026 03 03 02:49:00 INFO      --- Action: pass
2026 03 03 02:49:00 INFO      --- Board After: [10, 0, 0, 0, 0, 0, 0, 0, 0, 0, 0]
2026 03 03 02:49:00 INFO      -- Player 2 - RANDOM_R2
2026 03 03 02:49:00 INFO      --- Player Hand: [0, 0, 0, 0, 0, 0, 0, 0, 0, 0, 0, 1, 5, 6, 7, 9, 11]
2026 03 03 02:49:00 INFO      --- Board Before: [10, 0, 0, 0, 0, 0, 0, 0, 0, 0, 0]
2026 03 03 02:49:00 INFO      --- Action: pass
2026 03 03 02:49:00 INFO      --- Board After: [10, 0, 0, 0, 0, 0, 0, 0, 0, 0, 0]
2026 03 03 02:49:00 INFO     -----------------------------------------------------------------------------------------------------
2026 03 03 02:49:00 INFO     RANDOM_R3 Made a Pizza!!!
2026 03 03 02:49:00 INFO     -----------------------------------------------------------------------------------------------------
2026 03 03 02:49:00 INFO     -----------------------------------------------------------------------------------------------------
2026 03 03 02:49:00 INFO     Round:8
2026 03 03 02:49:00 INFO     -----------------------------------------------------------------------------------------------------
2026 03 03 02:49:00 INFO      -- Player 3 - RANDOM_R3
2026 03 03 02:49:00 INFO      --- Player Hand: [0, 0, 0, 0, 0, 0, 0, 0, 0, 0, 0, 4, 6, 9, 9, 10, 11]
2026 03 03 02:49:00 INFO      --- Board Before: [13, 0, 0, 0, 0, 0, 0, 0, 0, 0, 0]
2026 03 03 02:49:00 INFO      --- Action: C5;Q1;J0
2026 03 03 02:49:00 INFO      --- Board After: [5, 0, 0, 0, 0, 0, 0, 0, 0, 0, 0]
2026 03 03 02:49:00 INFO      -- Player 0 - RANDOM_R0
2026 03 03 02:49:00 INFO      --- Player Hand: [0, 0, 0, 0, 0, 0, 0, 0, 0, 6, 7, 9, 11, 11, 11, 11, 11]
2026 03 03 02:49:00 INFO      --- Board Before: [5, 0, 0, 0, 0, 0, 0, 0, 0, 0, 0]
2026 03 03 02:49:00 INFO      --- Action: pass
2026 03 03 02:49:00 INFO      --- Board After: [5, 0, 0, 0, 0, 0, 0, 0, 0, 0, 0]
2026 03 03 02:49:00 INFO      -- Player 1 - RANDOM_R1
2026 03 03 02:49:00 INFO      --- Player Hand: [0, 0, 0, 0, 0, 0, 0, 0, 0, 0, 0, 5, 10, 10, 10, 11, 11]
2026 03 03 02:49:00 INFO      --- Board Before: [5, 0, 0, 0, 0, 0, 0, 0, 0, 0, 0]
2026 03 03 02:49:00 INFO      --- Action: pass
2026 03 03 02:49:00 INFO      --- Board After: [5, 0, 0, 0, 0, 0, 0, 0, 0, 0, 0]
2026 03 03 02:49:00 INFO      -- Player 2 - RANDOM_R2
2026 03 03 02:49:00 INFO      --- Player Hand: [0, 0, 0, 0, 0, 0, 0, 0, 0, 0, 0, 0, 5, 6, 7, 9, 11]
2026 03 03 02:49:00 INFO      --- Board Before: [5, 0, 0, 0, 0, 0, 0, 0, 0, 0, 0]
2026 03 03 02:49:00 INFO      --- Action: C1;Q1;J0
2026 03 03 02:49:00 INFO      --- Board After: [1, 0, 0, 0, 0, 0, 0, 0, 0, 0, 0]
2026 03 03 02:49:00 INFO      -- Player 3 - RANDOM_R3
2026 03 03 02:49:00 INFO      --- Player Hand: [0, 0, 0, 0, 0, 0, 0, 0, 0, 0, 0, 4, 6, 9, 9, 10, 11]
2026 03 03 02:49:00 INFO      --- Board Before: [1, 0, 0, 0, 0, 0, 0, 0, 0, 0, 0]
2026 03 03 02:49:00 INFO      --- Action: pass
2026 03 03 02:49:00 INFO      --- Board After: [1, 0, 0, 0, 0, 0, 0, 0, 0, 0, 0]
2026 03 03 02:49:00 INFO     -----------------------------------------------------------------------------------------------------
2026 03 03 02:49:00 INFO     RANDOM_R2 Made a Pizza!!!
2026 03 03 02:49:00 INFO     -----------------------------------------------------------------------------------------------------
2026 03 03 02:49:00 INFO     -----------------------------------------------------------------------------------------------------
2026 03 03 02:49:00 INFO     Round:9
2026 03 03 02:49:00 INFO     -----------------------------------------------------------------------------------------------------
2026 03 03 02:49:00 INFO      -- Player 2 - RANDOM_R2
2026 03 03 02:49:00 INFO      --- Player Hand: [0, 0, 0, 0, 0, 0, 0, 0, 0, 0, 0, 0, 0, 5, 6, 7, 11]
2026 03 03 02:49:00 INFO      --- Board Before: [13, 0, 0, 0, 0, 0, 0, 0, 0, 0, 0]
2026 03 03 02:49:00 INFO      --- Action: C9;Q1;J0
2026 03 03 02:49:00 INFO      --- Board After: [9, 0, 0, 0, 0, 0, 0, 0, 0, 0, 0]
2026 03 03 02:49:00 INFO      -- Player 3 - RANDOM_R3
2026 03 03 02:49:00 INFO      --- Player Hand: [0, 0, 0, 0, 0, 0, 0, 0, 0, 0, 0, 0, 6, 9, 9, 10, 11]
2026 03 03 02:49:00 INFO      --- Board Before: [9, 0, 0, 0, 0, 0, 0, 0, 0, 0, 0]
2026 03 03 02:49:00 INFO      --- Action: C4;Q1;J0
2026 03 03 02:49:00 INFO      --- Board After: [4, 0, 0, 0, 0, 0, 0, 0, 0, 0, 0]
2026 03 03 02:49:00 INFO      -- Player 0 - RANDOM_R0
2026 03 03 02:49:00 INFO      --- Player Hand: [0, 0, 0, 0, 0, 0, 0, 0, 0, 6, 7, 9, 11, 11, 11, 11, 11]
2026 03 03 02:49:00 INFO      --- Board Before: [4, 0, 0, 0, 0, 0, 0, 0, 0, 0, 0]
2026 03 03 02:49:00 INFO      --- Action: pass
2026 03 03 02:49:00 INFO      --- Board After: [4, 0, 0, 0, 0, 0, 0, 0, 0, 0, 0]
2026 03 03 02:49:00 INFO      -- Player 1 - RANDOM_R1
2026 03 03 02:49:00 INFO      --- Player Hand: [0, 0, 0, 0, 0, 0, 0, 0, 0, 0, 0, 5, 10, 10, 10, 11, 11]
2026 03 03 02:49:00 INFO      --- Board Before: [4, 0, 0, 0, 0, 0, 0, 0, 0, 0, 0]
2026 03 03 02:49:00 INFO      --- Action: pass
2026 03 03 02:49:00 INFO      --- Board After: [4, 0, 0, 0, 0, 0, 0, 0, 0, 0, 0]
2026 03 03 02:49:00 INFO      -- Player 2 - RANDOM_R2
2026 03 03 02:49:00 INFO      --- Player Hand: [0, 0, 0, 0, 0, 0, 0, 0, 0, 0, 0, 0, 0, 5, 6, 7, 11]
2026 03 03 02:49:00 INFO      --- Board Before: [4, 0, 0, 0, 0, 0, 0, 0, 0, 0, 0]
2026 03 03 02:49:00 INFO      --- Action: pass
2026 03 03 02:49:00 INFO      --- Board After: [4, 0, 0, 0, 0, 0, 0, 0, 0, 0, 0]
2026 03 03 02:49:00 INFO     -----------------------------------------------------------------------------------------------------
2026 03 03 02:49:00 INFO     RANDOM_R3 Made a Pizza!!!
2026 03 03 02:49:00 INFO     -----------------------------------------------------------------------------------------------------
2026 03 03 02:49:00 INFO     -----------------------------------------------------------------------------------------------------
2026 03 03 02:49:00 INFO     Round:10
2026 03 03 02:49:00 INFO     -----------------------------------------------------------------------------------------------------
2026 03 03 02:49:00 INFO      -- Player 3 - RANDOM_R3
2026 03 03 02:49:00 INFO      --- Player Hand: [0, 0, 0, 0, 0, 0, 0, 0, 0, 0, 0, 0, 0, 6, 9, 9, 10]
2026 03 03 02:49:00 INFO      --- Board Before: [13, 0, 0, 0, 0, 0, 0, 0, 0, 0, 0]
2026 03 03 02:49:00 INFO      --- Action: C11;Q1;J0
2026 03 03 02:49:00 INFO      --- Board After: [11, 0, 0, 0, 0, 0, 0, 0, 0, 0, 0]
2026 03 03 02:49:00 INFO      -- Player 0 - RANDOM_R0
2026 03 03 02:49:00 INFO      --- Player Hand: [0, 0, 0, 0, 0, 0, 0, 0, 0, 0, 6, 7, 11, 11, 11, 11, 11]
2026 03 03 02:49:00 INFO      --- Board Before: [11, 0, 0, 0, 0, 0, 0, 0, 0, 0, 0]
2026 03 03 02:49:00 INFO      --- Action: C9;Q1;J0
2026 03 03 02:49:00 INFO      --- Board After: [9, 0, 0, 0, 0, 0, 0, 0, 0, 0, 0]
2026 03 03 02:49:00 INFO      -- Player 1 - RANDOM_R1
2026 03 03 02:49:00 INFO      --- Player Hand: [0, 0, 0, 0, 0, 0, 0, 0, 0, 0, 0, 5, 10, 10, 10, 11, 11]
2026 03 03 02:49:00 INFO      --- Board Before: [9, 0, 0, 0, 0, 0, 0, 0, 0, 0, 0]
2026 03 03 02:49:00 INFO      --- Action: pass
2026 03 03 02:49:00 INFO      --- Board After: [9, 0, 0, 0, 0, 0, 0, 0, 0, 0, 0]
2026 03 03 02:49:00 INFO      -- Player 2 - RANDOM_R2
2026 03 03 02:49:00 INFO      --- Player Hand: [0, 0, 0, 0, 0, 0, 0, 0, 0, 0, 0, 0, 0, 0, 5, 7, 11]
2026 03 03 02:49:00 INFO      --- Board Before: [9, 0, 0, 0, 0, 0, 0, 0, 0, 0, 0]
2026 03 03 02:49:00 INFO      --- Action: C6;Q1;J0
2026 03 03 02:49:00 INFO      --- Board After: [6, 0, 0, 0, 0, 0, 0, 0, 0, 0, 0]
2026 03 03 02:49:00 INFO      -- Player 3 - RANDOM_R3
2026 03 03 02:49:00 INFO      --- Player Hand: [0, 0, 0, 0, 0, 0, 0, 0, 0, 0, 0, 0, 0, 6, 9, 9, 10]
2026 03 03 02:49:00 INFO      --- Board Before: [6, 0, 0, 0, 0, 0, 0, 0, 0, 0, 0]
2026 03 03 02:49:00 INFO      --- Action: pass
2026 03 03 02:49:00 INFO      --- Board After: [6, 0, 0, 0, 0, 0, 0, 0, 0, 0, 0]
2026 03 03 02:49:00 INFO      -- Player 0 - RANDOM_R0
2026 03 03 02:49:00 INFO      --- Player Hand: [0, 0, 0, 0, 0, 0, 0, 0, 0, 0, 6, 7, 11, 11, 11, 11, 11]
2026 03 03 02:49:00 INFO      --- Board Before: [6, 0, 0, 0, 0, 0, 0, 0, 0, 0, 0]
2026 03 03 02:49:00 INFO      --- Action: pass
2026 03 03 02:49:00 INFO      --- Board After: [6, 0, 0, 0, 0, 0, 0, 0, 0, 0, 0]
2026 03 03 02:49:00 INFO     -----------------------------------------------------------------------------------------------------
2026 03 03 02:49:00 INFO     RANDOM_R2 Made a Pizza!!!
2026 03 03 02:49:00 INFO     -----------------------------------------------------------------------------------------------------
2026 03 03 02:49:00 INFO     -----------------------------------------------------------------------------------------------------
2026 03 03 02:49:00 INFO     Round:11
2026 03 03 02:49:00 INFO     -----------------------------------------------------------------------------------------------------
2026 03 03 02:49:00 INFO      -- Player 2 - RANDOM_R2
2026 03 03 02:49:00 INFO      --- Player Hand: [0, 0, 0, 0, 0, 0, 0, 0, 0, 0, 0, 0, 0, 0, 0, 5, 7]
2026 03 03 02:49:00 INFO      --- Board Before: [13, 0, 0, 0, 0, 0, 0, 0, 0, 0, 0]
2026 03 03 02:49:00 INFO      --- Action: C11;Q1;J0
2026 03 03 02:49:00 INFO      --- Board After: [11, 0, 0, 0, 0, 0, 0, 0, 0, 0, 0]
2026 03 03 02:49:00 INFO      -- Player 3 - RANDOM_R3
2026 03 03 02:49:00 INFO      --- Player Hand: [0, 0, 0, 0, 0, 0, 0, 0, 0, 0, 0, 0, 0, 6, 9, 9, 10]
2026 03 03 02:49:00 INFO      --- Board Before: [11, 0, 0, 0, 0, 0, 0, 0, 0, 0, 0]
2026 03 03 02:49:00 INFO      --- Action: pass
2026 03 03 02:49:00 INFO      --- Board After: [11, 0, 0, 0, 0, 0, 0, 0, 0, 0, 0]
2026 03 03 02:49:00 INFO      -- Player 0 - RANDOM_R0
2026 03 03 02:49:00 INFO      --- Player Hand: [0, 0, 0, 0, 0, 0, 0, 0, 0, 0, 0, 6, 11, 11, 11, 11, 11]
2026 03 03 02:49:00 INFO      --- Board Before: [11, 0, 0, 0, 0, 0, 0, 0, 0, 0, 0]
2026 03 03 02:49:00 INFO      --- Action: C7;Q1;J0
2026 03 03 02:49:00 INFO      --- Board After: [7, 0, 0, 0, 0, 0, 0, 0, 0, 0, 0]
2026 03 03 02:49:00 INFO      -- Player 1 - RANDOM_R1
2026 03 03 02:49:00 INFO      --- Player Hand: [0, 0, 0, 0, 0, 0, 0, 0, 0, 0, 0, 0, 10, 10, 10, 11, 11]
2026 03 03 02:49:00 INFO      --- Board Before: [7, 0, 0, 0, 0, 0, 0, 0, 0, 0, 0]
2026 03 03 02:49:00 INFO      --- Action: C5;Q1;J0
2026 03 03 02:49:00 INFO      --- Board After: [5, 0, 0, 0, 0, 0, 0, 0, 0, 0, 0]
2026 03 03 02:49:00 INFO      -- Player 2 - RANDOM_R2
2026 03 03 02:49:00 INFO      --- Player Hand: [0, 0, 0, 0, 0, 0, 0, 0, 0, 0, 0, 0, 0, 0, 0, 5, 7]
2026 03 03 02:49:00 INFO      --- Board Before: [5, 0, 0, 0, 0, 0, 0, 0, 0, 0, 0]
2026 03 03 02:49:00 INFO      --- Action: pass
2026 03 03 02:49:00 INFO      --- Board After: [5, 0, 0, 0, 0, 0, 0, 0, 0, 0, 0]
2026 03 03 02:49:00 INFO      -- Player 0 - RANDOM_R0
2026 03 03 02:49:00 INFO      --- Player Hand: [0, 0, 0, 0, 0, 0, 0, 0, 0, 0, 0, 6, 11, 11, 11, 11, 11]
2026 03 03 02:49:00 INFO      --- Board Before: [5, 0, 0, 0, 0, 0, 0, 0, 0, 0, 0]
2026 03 03 02:49:00 INFO      --- Action: pass
2026 03 03 02:49:00 INFO      --- Board After: [5, 0, 0, 0, 0, 0, 0, 0, 0, 0, 0]
2026 03 03 02:49:00 INFO     -----------------------------------------------------------------------------------------------------
2026 03 03 02:49:00 INFO     RANDOM_R1 Made a Pizza!!!
2026 03 03 02:49:00 INFO     -----------------------------------------------------------------------------------------------------
2026 03 03 02:49:00 INFO     -----------------------------------------------------------------------------------------------------
2026 03 03 02:49:00 INFO     Round:12
2026 03 03 02:49:00 INFO     -----------------------------------------------------------------------------------------------------
2026 03 03 02:49:00 INFO      -- Player 1 - RANDOM_R1
2026 03 03 02:49:00 INFO      --- Player Hand: [0, 0, 0, 0, 0, 0, 0, 0, 0, 0, 0, 0, 0, 0, 10, 11, 11]
2026 03 03 02:49:00 INFO      --- Board Before: [13, 0, 0, 0, 0, 0, 0, 0, 0, 0, 0]
2026 03 03 02:49:00 INFO      --- Action: C10;Q2;J0
2026 03 03 02:49:00 INFO      --- Board After: [10, 10, 0, 0, 0, 0, 0, 0, 0, 0, 0]
2026 03 03 02:49:00 INFO      -- Player 2 - RANDOM_R2
2026 03 03 02:49:00 INFO      --- Player Hand: [0, 0, 0, 0, 0, 0, 0, 0, 0, 0, 0, 0, 0, 0, 0, 5, 7]
2026 03 03 02:49:00 INFO      --- Board Before: [10, 10, 0, 0, 0, 0, 0, 0, 0, 0, 0]
2026 03 03 02:49:00 INFO      --- Action: pass
2026 03 03 02:49:00 INFO      --- Board After: [10, 10, 0, 0, 0, 0, 0, 0, 0, 0, 0]
2026 03 03 02:49:00 INFO      -- Player 3 - RANDOM_R3
2026 03 03 02:49:00 INFO      --- Player Hand: [0, 0, 0, 0, 0, 0, 0, 0, 0, 0, 0, 0, 0, 0, 0, 6, 10]
2026 03 03 02:49:00 INFO      --- Board Before: [10, 10, 0, 0, 0, 0, 0, 0, 0, 0, 0]
2026 03 03 02:49:00 INFO      --- Action: C9;Q2;J0
2026 03 03 02:49:00 INFO      --- Board After: [9, 9, 0, 0, 0, 0, 0, 0, 0, 0, 0]
2026 03 03 02:49:00 INFO      -- Player 0 - RANDOM_R0
2026 03 03 02:49:00 INFO      --- Player Hand: [0, 0, 0, 0, 0, 0, 0, 0, 0, 0, 0, 6, 11, 11, 11, 11, 11]
2026 03 03 02:49:00 INFO      --- Board Before: [9, 9, 0, 0, 0, 0, 0, 0, 0, 0, 0]
2026 03 03 02:49:00 INFO      --- Action: pass
2026 03 03 02:49:00 INFO      --- Board After: [9, 9, 0, 0, 0, 0, 0, 0, 0, 0, 0]
2026 03 03 02:49:00 INFO      -- Player 1 - RANDOM_R1
2026 03 03 02:49:00 INFO      --- Player Hand: [0, 0, 0, 0, 0, 0, 0, 0, 0, 0, 0, 0, 0, 0, 10, 11, 11]
2026 03 03 02:49:00 INFO      --- Board Before: [9, 9, 0, 0, 0, 0, 0, 0, 0, 0, 0]
2026 03 03 02:49:00 INFO      --- Action: pass
2026 03 03 02:49:00 INFO      --- Board After: [9, 9, 0, 0, 0, 0, 0, 0, 0, 0, 0]
2026 03 03 02:49:00 INFO     -----------------------------------------------------------------------------------------------------
2026 03 03 02:49:00 INFO     RANDOM_R3 Made a Pizza!!!
2026 03 03 02:49:00 INFO     -----------------------------------------------------------------------------------------------------
2026 03 03 02:49:00 INFO     -----------------------------------------------------------------------------------------------------
2026 03 03 02:49:00 INFO     Round:13
2026 03 03 02:49:00 INFO     -----------------------------------------------------------------------------------------------------
2026 03 03 02:49:01 INFO      -- Player 3 - RANDOM_R3
2026 03 03 02:49:01 INFO      --- Player Hand: [0, 0, 0, 0, 0, 0, 0, 0, 0, 0, 0, 0, 0, 0, 0, 0, 10]
2026 03 03 02:49:01 INFO      --- Board Before: [13, 0, 0, 0, 0, 0, 0, 0, 0, 0, 0]
2026 03 03 02:49:01 INFO      --- Action: C6;Q1;J0
2026 03 03 02:49:01 INFO      --- Board After: [6, 0, 0, 0, 0, 0, 0, 0, 0, 0, 0]
2026 03 03 02:49:01 INFO      -- Player 0 - RANDOM_R0
2026 03 03 02:49:01 INFO      --- Player Hand: [0, 0, 0, 0, 0, 0, 0, 0, 0, 0, 0, 6, 11, 11, 11, 11, 11]
2026 03 03 02:49:01 INFO      --- Board Before: [6, 0, 0, 0, 0, 0, 0, 0, 0, 0, 0]
2026 03 03 02:49:01 INFO      --- Action: pass
2026 03 03 02:49:01 INFO      --- Board After: [6, 0, 0, 0, 0, 0, 0, 0, 0, 0, 0]
2026 03 03 02:49:01 INFO      -- Player 1 - RANDOM_R1
2026 03 03 02:49:01 INFO      --- Player Hand: [0, 0, 0, 0, 0, 0, 0, 0, 0, 0, 0, 0, 0, 0, 10, 11, 11]
2026 03 03 02:49:01 INFO      --- Board Before: [6, 0, 0, 0, 0, 0, 0, 0, 0, 0, 0]
2026 03 03 02:49:01 INFO      --- Action: pass
2026 03 03 02:49:01 INFO      --- Board After: [6, 0, 0, 0, 0, 0, 0, 0, 0, 0, 0]
2026 03 03 02:49:01 INFO      -- Player 2 - RANDOM_R2
2026 03 03 02:49:01 INFO      --- Player Hand: [0, 0, 0, 0, 0, 0, 0, 0, 0, 0, 0, 0, 0, 0, 0, 5, 7]
2026 03 03 02:49:01 INFO      --- Board Before: [6, 0, 0, 0, 0, 0, 0, 0, 0, 0, 0]
2026 03 03 02:49:01 INFO      --- Action: pass
2026 03 03 02:49:01 INFO      --- Board After: [6, 0, 0, 0, 0, 0, 0, 0, 0, 0, 0]
2026 03 03 02:49:01 INFO     -----------------------------------------------------------------------------------------------------
2026 03 03 02:49:01 INFO     RANDOM_R3 Made a Pizza!!!
2026 03 03 02:49:01 INFO     -----------------------------------------------------------------------------------------------------
2026 03 03 02:49:01 INFO     -----------------------------------------------------------------------------------------------------
2026 03 03 02:49:01 INFO     Round:14
2026 03 03 02:49:01 INFO     -----------------------------------------------------------------------------------------------------
2026 03 03 02:49:01 INFO      -- Player 3 - RANDOM_R3
2026 03 03 02:49:01 INFO      --- Player Hand: [0. 0. 0. 0. 0. 0. 0. 0. 0. 0. 0. 0. 0. 0. 0. 0. 0.]
2026 03 03 02:49:01 INFO      --- Board Before: [13, 0, 0, 0, 0, 0, 0, 0, 0, 0, 0]
2026 03 03 02:49:01 INFO      --- Action: C10;Q1;J0
2026 03 03 02:49:01 INFO      --- Player Finished!
2026 03 03 02:49:01 INFO      --- Board After: [10, 0, 0, 0, 0, 0, 0, 0, 0, 0, 0]
2026 03 03 02:49:01 INFO      -- Player 0 - RANDOM_R0
2026 03 03 02:49:01 INFO      --- Player Hand: [0, 0, 0, 0, 0, 0, 0, 0, 0, 0, 0, 6, 11, 11, 11, 11, 11]
2026 03 03 02:49:01 INFO      --- Board Before: [10, 0, 0, 0, 0, 0, 0, 0, 0, 0, 0]
2026 03 03 02:49:01 INFO      --- Action: pass
2026 03 03 02:49:01 INFO      --- Board After: [10, 0, 0, 0, 0, 0, 0, 0, 0, 0, 0]
2026 03 03 02:49:01 INFO      -- Player 1 - RANDOM_R1
2026 03 03 02:49:01 INFO      --- Player Hand: [0, 0, 0, 0, 0, 0, 0, 0, 0, 0, 0, 0, 0, 0, 10, 11, 11]
2026 03 03 02:49:01 INFO      --- Board Before: [10, 0, 0, 0, 0, 0, 0, 0, 0, 0, 0]
2026 03 03 02:49:01 INFO      --- Action: pass
2026 03 03 02:49:01 INFO      --- Board After: [10, 0, 0, 0, 0, 0, 0, 0, 0, 0, 0]
2026 03 03 02:49:01 INFO      -- Player 2 - RANDOM_R2
2026 03 03 02:49:01 INFO      --- Player Hand: [0, 0, 0, 0, 0, 0, 0, 0, 0, 0, 0, 0, 0, 0, 0, 0, 5]
2026 03 03 02:49:01 INFO      --- Board Before: [10, 0, 0, 0, 0, 0, 0, 0, 0, 0, 0]
2026 03 03 02:49:01 INFO      --- Action: C7;Q1;J0
2026 03 03 02:49:01 INFO      --- Board After: [7, 0, 0, 0, 0, 0, 0, 0, 0, 0, 0]
2026 03 03 02:49:01 INFO     -----------------------------------------------------------------------------------------------------
2026 03 03 02:49:01 INFO     RANDOM_R2 Made a Pizza!!!
2026 03 03 02:49:01 INFO     -----------------------------------------------------------------------------------------------------
2026 03 03 02:49:01 INFO     -----------------------------------------------------------------------------------------------------
2026 03 03 02:49:01 INFO     Round:15
2026 03 03 02:49:01 INFO     -----------------------------------------------------------------------------------------------------
2026 03 03 02:49:01 INFO      -- Player 2 - RANDOM_R2
2026 03 03 02:49:01 INFO      --- Player Hand: [0, 0, 0, 0, 0, 0, 0, 0, 0, 0, 0, 0, 0, 0, 0, 0, 5]
2026 03 03 02:49:01 INFO      --- Board Before: [13, 0, 0, 0, 0, 0, 0, 0, 0, 0, 0]
2026 03 03 02:49:01 INFO      --- Action: pass
2026 03 03 02:49:01 INFO      --- Board After: [13, 0, 0, 0, 0, 0, 0, 0, 0, 0, 0]
2026 03 03 02:49:01 INFO      -- Player 0 - RANDOM_R0
2026 03 03 02:49:01 INFO      --- Player Hand: [0, 0, 0, 0, 0, 0, 0, 0, 0, 0, 0, 0, 0, 0, 0, 0, 6]
2026 03 03 02:49:01 INFO      --- Board Before: [13, 0, 0, 0, 0, 0, 0, 0, 0, 0, 0]
2026 03 03 02:49:01 INFO      --- Action: C11;Q5;J0
2026 03 03 02:49:01 INFO      --- Board After: [11, 11, 11, 11, 11, 0, 0, 0, 0, 0, 0]
2026 03 03 02:49:01 INFO      -- Player 1 - RANDOM_R1
2026 03 03 02:49:01 INFO      --- Player Hand: [0, 0, 0, 0, 0, 0, 0, 0, 0, 0, 0, 0, 0, 0, 10, 11, 11]
2026 03 03 02:49:01 INFO      --- Board Before: [11, 11, 11, 11, 11, 0, 0, 0, 0, 0, 0]
2026 03 03 02:49:01 INFO      --- Action: pass
2026 03 03 02:49:01 INFO      --- Board After: [11, 11, 11, 11, 11, 0, 0, 0, 0, 0, 0]
2026 03 03 02:49:01 INFO     -----------------------------------------------------------------------------------------------------
2026 03 03 02:49:01 INFO     RANDOM_R0 Made a Pizza!!!
2026 03 03 02:49:01 INFO     -----------------------------------------------------------------------------------------------------
2026 03 03 02:49:01 INFO     -----------------------------------------------------------------------------------------------------
2026 03 03 02:49:01 INFO     Round:16
2026 03 03 02:49:01 INFO     -----------------------------------------------------------------------------------------------------
2026 03 03 02:49:01 INFO      -- Player 0 - RANDOM_R0
2026 03 03 02:49:01 INFO      --- Player Hand: [0. 0. 0. 0. 0. 0. 0. 0. 0. 0. 0. 0. 0. 0. 0. 0. 0.]
2026 03 03 02:49:01 INFO      --- Board Before: [13, 0, 0, 0, 0, 0, 0, 0, 0, 0, 0]
2026 03 03 02:49:01 INFO      --- Action: C6;Q1;J0
2026 03 03 02:49:01 INFO      --- Player Finished!
2026 03 03 02:49:01 INFO      --- Board After: [6, 0, 0, 0, 0, 0, 0, 0, 0, 0, 0]
2026 03 03 02:49:01 INFO      -- Player 1 - RANDOM_R1
2026 03 03 02:49:01 INFO      --- Player Hand: [0, 0, 0, 0, 0, 0, 0, 0, 0, 0, 0, 0, 0, 0, 10, 11, 11]
2026 03 03 02:49:01 INFO      --- Board Before: [6, 0, 0, 0, 0, 0, 0, 0, 0, 0, 0]
2026 03 03 02:49:01 INFO      --- Action: pass
2026 03 03 02:49:01 INFO      --- Board After: [6, 0, 0, 0, 0, 0, 0, 0, 0, 0, 0]
2026 03 03 02:49:01 INFO      -- Player 2 - RANDOM_R2
2026 03 03 02:49:01 INFO      --- Player Hand: [0. 0. 0. 0. 0. 0. 0. 0. 0. 0. 0. 0. 0. 0. 0. 0. 0.]
2026 03 03 02:49:01 INFO      --- Board Before: [6, 0, 0, 0, 0, 0, 0, 0, 0, 0, 0]
2026 03 03 02:49:01 INFO      --- Action: C5;Q1;J0
2026 03 03 02:49:01 INFO      --- Player Finished!
2026 03 03 02:49:01 INFO      --- Board After: [5, 0, 0, 0, 0, 0, 0, 0, 0, 0, 0]
2026 03 03 02:49:01 INFO     -----------------------------------------------------------------------------------------------------
2026 03 03 02:49:01 INFO     RANDOM_R2 Made a Pizza!!!
2026 03 03 02:49:01 INFO     -----------------------------------------------------------------------------------------------------
2026 03 03 02:49:01 INFO     -----------------------------------------------------------------------------------------------------
2026 03 03 02:49:01 INFO     Round:17
2026 03 03 02:49:01 INFO     -----------------------------------------------------------------------------------------------------
2026 03 03 02:49:01 INFO     -----------------------------------------------------------------------------------------------------
2026 03 03 02:49:01 INFO     Match 1 over! Current Score:{'RANDOM_R0': 2, 'RANDOM_R1': 0, 'RANDOM_R2': 1, 'RANDOM_R3': 3}
2026 03 03 02:49:01 INFO     -----------------------------------------------------------------------------------------------------
2026 03 03 02:49:01 INFO     -----------------------------------------------------------------------------------------------------
2026 03 03 02:49:01 INFO     Game Over! Final Score:{'RANDOM_R0': 2, 'RANDOM_R1': 0, 'RANDOM_R2': 1, 'RANDOM_R3': 3} - Final Performance Score:{'RANDOM_R0': 1.1764705882352942, 'RANDOM_R1': 0.0, 'RANDOM_R2': 0.5882352941176471, 'RANDOM_R3': 1.7647058823529411}
2026 03 03 02:49:01 INFO     -----------------------------------------------------------------------------------------------------
